[0.009s] Invoking command in '/home/ali/ali_ws/autonomous/build/bumperbot_msgs': CMAKE_PREFIX_PATH=/opt/ros/humble /usr/bin/cmake --build /home/ali/ali_ws/autonomous/build/bumperbot_msgs -- -j24 -l24
[0.035s] [  2%] [34m[1mGenerating C code for ROS interfaces[0m
[0.042s] [  5%] [34m[1mGenerating C++ code for ROS interfaces[0m
[0.044s] [  5%] Built target ament_cmake_python_copy_bumperbot_msgs
[0.153s] running egg_info
[0.154s] creating bumperbot_msgs.egg-info
[0.154s] writing bumperbot_msgs.egg-info/PKG-INFO
[0.154s] writing dependency_links to bumperbot_msgs.egg-info/dependency_links.txt
[0.154s] writing top-level names to bumperbot_msgs.egg-info/top_level.txt
[0.154s] writing manifest file 'bumperbot_msgs.egg-info/SOURCES.txt'
[0.155s] reading manifest file 'bumperbot_msgs.egg-info/SOURCES.txt'
[0.155s] writing manifest file 'bumperbot_msgs.egg-info/SOURCES.txt'
[0.169s] [  5%] Built target ament_cmake_python_build_bumperbot_msgs_egg
[0.217s] [  7%] [32mBuilding C object CMakeFiles/bumperbot_msgs__rosidl_generator_c.dir/rosidl_generator_c/bumperbot_msgs/srv/detail/add_two_ints__functions.c.o[0m
[0.218s] [ 10%] [32mBuilding C object CMakeFiles/bumperbot_msgs__rosidl_generator_c.dir/rosidl_generator_c/bumperbot_msgs/srv/detail/get_transform__functions.c.o[0m
[0.222s] [ 10%] Built target bumperbot_msgs__cpp
[0.228s] [ 12%] [34m[1mGenerating C++ introspection for ROS interfaces[0m
[0.228s] [ 15%] [34m[1mGenerating C++ type support dispatch for ROS interfaces[0m
[0.229s] [ 17%] [34m[1mGenerating C++ type support for eProsima Fast-RTPS[0m
[0.253s] [ 20%] [32m[1mLinking C shared library libbumperbot_msgs__rosidl_generator_c.so[0m
[0.279s] [ 20%] Built target bumperbot_msgs__rosidl_generator_c
[0.287s] [ 28%] [34m[1mGenerating C type support for eProsima Fast-RTPS[0m
[0.287s] [ 28%] [34m[1mGenerating C type support dispatch for ROS interfaces[0m
[0.287s] [ 28%] [34m[1mGenerating C introspection for ROS interfaces[0m
[0.378s] [ 30%] [32mBuilding CXX object CMakeFiles/bumperbot_msgs__rosidl_typesupport_cpp.dir/rosidl_typesupport_cpp/bumperbot_msgs/srv/get_transform__type_support.cpp.o[0m
[0.380s] [ 33%] [32mBuilding CXX object CMakeFiles/bumperbot_msgs__rosidl_typesupport_cpp.dir/rosidl_typesupport_cpp/bumperbot_msgs/srv/add_two_ints__type_support.cpp.o[0m
[0.389s] [ 35%] [32mBuilding CXX object CMakeFiles/bumperbot_msgs__rosidl_typesupport_introspection_cpp.dir/rosidl_typesupport_introspection_cpp/bumperbot_msgs/srv/detail/get_transform__type_support.cpp.o[0m
[0.390s] [ 38%] [32mBuilding CXX object CMakeFiles/bumperbot_msgs__rosidl_typesupport_introspection_cpp.dir/rosidl_typesupport_introspection_cpp/bumperbot_msgs/srv/detail/add_two_ints__type_support.cpp.o[0m
[0.408s] [ 41%] [32mBuilding CXX object CMakeFiles/bumperbot_msgs__rosidl_typesupport_fastrtps_cpp.dir/rosidl_typesupport_fastrtps_cpp/bumperbot_msgs/srv/detail/dds_fastrtps/add_two_ints__type_support.cpp.o[0m
[0.409s] [ 43%] [32mBuilding CXX object CMakeFiles/bumperbot_msgs__rosidl_typesupport_fastrtps_cpp.dir/rosidl_typesupport_fastrtps_cpp/bumperbot_msgs/srv/detail/dds_fastrtps/get_transform__type_support.cpp.o[0m
[0.444s] [ 46%] [32mBuilding CXX object CMakeFiles/bumperbot_msgs__rosidl_typesupport_c.dir/rosidl_typesupport_c/bumperbot_msgs/srv/get_transform__type_support.cpp.o[0m
[0.444s] [ 48%] [32mBuilding CXX object CMakeFiles/bumperbot_msgs__rosidl_typesupport_c.dir/rosidl_typesupport_c/bumperbot_msgs/srv/add_two_ints__type_support.cpp.o[0m
[0.462s] [ 51%] [32mBuilding C object CMakeFiles/bumperbot_msgs__rosidl_typesupport_introspection_c.dir/rosidl_typesupport_introspection_c/bumperbot_msgs/srv/detail/add_two_ints__type_support.c.o[0m
[0.462s] [ 53%] [32mBuilding C object CMakeFiles/bumperbot_msgs__rosidl_typesupport_introspection_c.dir/rosidl_typesupport_introspection_c/bumperbot_msgs/srv/detail/get_transform__type_support.c.o[0m
[0.463s] [ 56%] [32m[1mLinking CXX shared library libbumperbot_msgs__rosidl_typesupport_c.so[0m
[0.468s] [ 61%] [32mBuilding CXX object CMakeFiles/bumperbot_msgs__rosidl_typesupport_fastrtps_c.dir/rosidl_typesupport_fastrtps_c/bumperbot_msgs/srv/detail/get_transform__type_support_c.cpp.o[0m
[0.468s] [ 61%] [32mBuilding CXX object CMakeFiles/bumperbot_msgs__rosidl_typesupport_fastrtps_c.dir/rosidl_typesupport_fastrtps_c/bumperbot_msgs/srv/detail/add_two_ints__type_support_c.cpp.o[0m
[0.485s] [ 64%] [32m[1mLinking C shared library libbumperbot_msgs__rosidl_typesupport_introspection_c.so[0m
[0.488s] [ 64%] Built target bumperbot_msgs__rosidl_typesupport_c
[0.510s] [ 64%] Built target bumperbot_msgs__rosidl_typesupport_introspection_c
[0.517s] [ 66%] [32m[1mLinking CXX shared library libbumperbot_msgs__rosidl_typesupport_cpp.so[0m
[0.546s] [ 66%] Built target bumperbot_msgs__rosidl_typesupport_cpp
[0.604s] [ 69%] [32m[1mLinking CXX shared library libbumperbot_msgs__rosidl_typesupport_introspection_cpp.so[0m
[0.643s] [ 71%] [32m[1mLinking CXX shared library libbumperbot_msgs__rosidl_typesupport_fastrtps_c.so[0m
[0.643s] [ 71%] Built target bumperbot_msgs__rosidl_typesupport_introspection_cpp
[0.670s] [ 74%] [32m[1mLinking CXX shared library libbumperbot_msgs__rosidl_typesupport_fastrtps_cpp.so[0m
[0.683s] [ 74%] Built target bumperbot_msgs__rosidl_typesupport_fastrtps_c
[0.708s] [ 74%] Built target bumperbot_msgs__rosidl_typesupport_fastrtps_cpp
[0.721s] [ 74%] Built target bumperbot_msgs
[0.747s] [ 76%] [34m[1mGenerating Python code for ROS interfaces[0m
[1.001s] [ 76%] Built target bumperbot_msgs__py
[1.014s] [ 82%] [32mBuilding C object CMakeFiles/bumperbot_msgs__rosidl_generator_py.dir/rosidl_generator_py/bumperbot_msgs/srv/_get_transform_s.c.o[0m
[1.014s] [ 82%] [32mBuilding C object CMakeFiles/bumperbot_msgs__rosidl_generator_py.dir/rosidl_generator_py/bumperbot_msgs/srv/_add_two_ints_s.c.o[0m
[1.076s] [ 84%] [32m[1mLinking C shared library rosidl_generator_py/bumperbot_msgs/libbumperbot_msgs__rosidl_generator_py.so[0m
[1.107s] [ 84%] Built target bumperbot_msgs__rosidl_generator_py
[1.124s] [ 87%] [32mBuilding C object CMakeFiles/bumperbot_msgs__rosidl_typesupport_fastrtps_c__pyext.dir/rosidl_generator_py/bumperbot_msgs/_bumperbot_msgs_s.ep.rosidl_typesupport_fastrtps_c.c.o[0m
[1.125s] [ 89%] [32mBuilding C object CMakeFiles/bumperbot_msgs__rosidl_typesupport_c__pyext.dir/rosidl_generator_py/bumperbot_msgs/_bumperbot_msgs_s.ep.rosidl_typesupport_c.c.o[0m
[1.126s] [ 92%] [32mBuilding C object CMakeFiles/bumperbot_msgs__rosidl_typesupport_introspection_c__pyext.dir/rosidl_generator_py/bumperbot_msgs/_bumperbot_msgs_s.ep.rosidl_typesupport_introspection_c.c.o[0m
[1.180s] [ 94%] [32m[1mLinking C shared library rosidl_generator_py/bumperbot_msgs/bumperbot_msgs_s__rosidl_typesupport_fastrtps_c.cpython-310-x86_64-linux-gnu.so[0m
[1.183s] [ 97%] [32m[1mLinking C shared library rosidl_generator_py/bumperbot_msgs/bumperbot_msgs_s__rosidl_typesupport_c.cpython-310-x86_64-linux-gnu.so[0m
[1.186s] [100%] [32m[1mLinking C shared library rosidl_generator_py/bumperbot_msgs/bumperbot_msgs_s__rosidl_typesupport_introspection_c.cpython-310-x86_64-linux-gnu.so[0m
[1.206s] [100%] Built target bumperbot_msgs__rosidl_typesupport_fastrtps_c__pyext
[1.209s] [100%] Built target bumperbot_msgs__rosidl_typesupport_c__pyext
[1.214s] [100%] Built target bumperbot_msgs__rosidl_typesupport_introspection_c__pyext
[1.230s] Invoked command in '/home/ali/ali_ws/autonomous/build/bumperbot_msgs' returned '0': CMAKE_PREFIX_PATH=/opt/ros/humble /usr/bin/cmake --build /home/ali/ali_ws/autonomous/build/bumperbot_msgs -- -j24 -l24
[1.233s] Invoking command in '/home/ali/ali_ws/autonomous/build/bumperbot_msgs': CMAKE_PREFIX_PATH=/opt/ros/humble /usr/bin/cmake --install /home/ali/ali_ws/autonomous/build/bumperbot_msgs
[1.243s] -- Install configuration: ""
[1.243s] -- Installing: /home/ali/ali_ws/autonomous/install/bumperbot_msgs/share/ament_index/resource_index/rosidl_interfaces/bumperbot_msgs
[1.243s] -- Installing: /home/ali/ali_ws/autonomous/install/bumperbot_msgs/include/bumperbot_msgs/bumperbot_msgs
[1.243s] -- Installing: /home/ali/ali_ws/autonomous/install/bumperbot_msgs/include/bumperbot_msgs/bumperbot_msgs/srv
[1.243s] -- Installing: /home/ali/ali_ws/autonomous/install/bumperbot_msgs/include/bumperbot_msgs/bumperbot_msgs/srv/get_transform.h
[1.244s] -- Installing: /home/ali/ali_ws/autonomous/install/bumperbot_msgs/include/bumperbot_msgs/bumperbot_msgs/srv/detail
[1.244s] -- Installing: /home/ali/ali_ws/autonomous/install/bumperbot_msgs/include/bumperbot_msgs/bumperbot_msgs/srv/detail/add_two_ints__functions.h
[1.244s] -- Installing: /home/ali/ali_ws/autonomous/install/bumperbot_msgs/include/bumperbot_msgs/bumperbot_msgs/srv/detail/get_transform__struct.h
[1.244s] -- Installing: /home/ali/ali_ws/autonomous/install/bumperbot_msgs/include/bumperbot_msgs/bumperbot_msgs/srv/detail/add_two_ints__functions.c
[1.244s] -- Installing: /home/ali/ali_ws/autonomous/install/bumperbot_msgs/include/bumperbot_msgs/bumperbot_msgs/srv/detail/get_transform__functions.h
[1.244s] -- Installing: /home/ali/ali_ws/autonomous/install/bumperbot_msgs/include/bumperbot_msgs/bumperbot_msgs/srv/detail/add_two_ints__struct.h
[1.244s] -- Installing: /home/ali/ali_ws/autonomous/install/bumperbot_msgs/include/bumperbot_msgs/bumperbot_msgs/srv/detail/add_two_ints__type_support.h
[1.245s] -- Installing: /home/ali/ali_ws/autonomous/install/bumperbot_msgs/include/bumperbot_msgs/bumperbot_msgs/srv/detail/get_transform__functions.c
[1.245s] -- Installing: /home/ali/ali_ws/autonomous/install/bumperbot_msgs/include/bumperbot_msgs/bumperbot_msgs/srv/detail/get_transform__type_support.h
[1.245s] -- Installing: /home/ali/ali_ws/autonomous/install/bumperbot_msgs/include/bumperbot_msgs/bumperbot_msgs/srv/add_two_ints.h
[1.245s] -- Installing: /home/ali/ali_ws/autonomous/install/bumperbot_msgs/include/bumperbot_msgs/bumperbot_msgs/msg
[1.245s] -- Installing: /home/ali/ali_ws/autonomous/install/bumperbot_msgs/include/bumperbot_msgs/bumperbot_msgs/msg/rosidl_generator_c__visibility_control.h
[1.245s] -- Installing: /home/ali/ali_ws/autonomous/install/bumperbot_msgs/share/bumperbot_msgs/environment/library_path.sh
[1.245s] -- Installing: /home/ali/ali_ws/autonomous/install/bumperbot_msgs/share/bumperbot_msgs/environment/library_path.dsv
[1.246s] -- Installing: /home/ali/ali_ws/autonomous/install/bumperbot_msgs/lib/libbumperbot_msgs__rosidl_generator_c.so
[1.246s] -- Set runtime path of "/home/ali/ali_ws/autonomous/install/bumperbot_msgs/lib/libbumperbot_msgs__rosidl_generator_c.so" to ""
[1.246s] -- Up-to-date: /home/ali/ali_ws/autonomous/install/bumperbot_msgs/include/bumperbot_msgs/bumperbot_msgs
[1.246s] -- Up-to-date: /home/ali/ali_ws/autonomous/install/bumperbot_msgs/include/bumperbot_msgs/bumperbot_msgs/srv
[1.246s] -- Up-to-date: /home/ali/ali_ws/autonomous/install/bumperbot_msgs/include/bumperbot_msgs/bumperbot_msgs/srv/detail
[1.246s] -- Installing: /home/ali/ali_ws/autonomous/install/bumperbot_msgs/include/bumperbot_msgs/bumperbot_msgs/srv/detail/get_transform__rosidl_typesupport_fastrtps_c.h
[1.247s] -- Installing: /home/ali/ali_ws/autonomous/install/bumperbot_msgs/include/bumperbot_msgs/bumperbot_msgs/srv/detail/add_two_ints__rosidl_typesupport_fastrtps_c.h
[1.247s] -- Up-to-date: /home/ali/ali_ws/autonomous/install/bumperbot_msgs/include/bumperbot_msgs/bumperbot_msgs/msg
[1.247s] -- Installing: /home/ali/ali_ws/autonomous/install/bumperbot_msgs/include/bumperbot_msgs/bumperbot_msgs/msg/rosidl_typesupport_fastrtps_c__visibility_control.h
[1.247s] -- Installing: /home/ali/ali_ws/autonomous/install/bumperbot_msgs/lib/libbumperbot_msgs__rosidl_typesupport_fastrtps_c.so
[1.247s] -- Set runtime path of "/home/ali/ali_ws/autonomous/install/bumperbot_msgs/lib/libbumperbot_msgs__rosidl_typesupport_fastrtps_c.so" to ""
[1.247s] -- Up-to-date: /home/ali/ali_ws/autonomous/install/bumperbot_msgs/include/bumperbot_msgs/bumperbot_msgs
[1.247s] -- Up-to-date: /home/ali/ali_ws/autonomous/install/bumperbot_msgs/include/bumperbot_msgs/bumperbot_msgs/srv
[1.248s] -- Installing: /home/ali/ali_ws/autonomous/install/bumperbot_msgs/include/bumperbot_msgs/bumperbot_msgs/srv/add_two_ints.hpp
[1.248s] -- Installing: /home/ali/ali_ws/autonomous/install/bumperbot_msgs/include/bumperbot_msgs/bumperbot_msgs/srv/get_transform.hpp
[1.248s] -- Up-to-date: /home/ali/ali_ws/autonomous/install/bumperbot_msgs/include/bumperbot_msgs/bumperbot_msgs/srv/detail
[1.248s] -- Installing: /home/ali/ali_ws/autonomous/install/bumperbot_msgs/include/bumperbot_msgs/bumperbot_msgs/srv/detail/add_two_ints__type_support.hpp
[1.248s] -- Installing: /home/ali/ali_ws/autonomous/install/bumperbot_msgs/include/bumperbot_msgs/bumperbot_msgs/srv/detail/add_two_ints__traits.hpp
[1.248s] -- Installing: /home/ali/ali_ws/autonomous/install/bumperbot_msgs/include/bumperbot_msgs/bumperbot_msgs/srv/detail/get_transform__builder.hpp
[1.249s] -- Installing: /home/ali/ali_ws/autonomous/install/bumperbot_msgs/include/bumperbot_msgs/bumperbot_msgs/srv/detail/get_transform__struct.hpp
[1.249s] -- Installing: /home/ali/ali_ws/autonomous/install/bumperbot_msgs/include/bumperbot_msgs/bumperbot_msgs/srv/detail/add_two_ints__builder.hpp
[1.249s] -- Installing: /home/ali/ali_ws/autonomous/install/bumperbot_msgs/include/bumperbot_msgs/bumperbot_msgs/srv/detail/add_two_ints__struct.hpp
[1.249s] -- Installing: /home/ali/ali_ws/autonomous/install/bumperbot_msgs/include/bumperbot_msgs/bumperbot_msgs/srv/detail/get_transform__traits.hpp
[1.249s] -- Installing: /home/ali/ali_ws/autonomous/install/bumperbot_msgs/include/bumperbot_msgs/bumperbot_msgs/srv/detail/get_transform__type_support.hpp
[1.249s] -- Up-to-date: /home/ali/ali_ws/autonomous/install/bumperbot_msgs/include/bumperbot_msgs/bumperbot_msgs/msg
[1.249s] -- Installing: /home/ali/ali_ws/autonomous/install/bumperbot_msgs/include/bumperbot_msgs/bumperbot_msgs/msg/rosidl_generator_cpp__visibility_control.hpp
[1.249s] -- Up-to-date: /home/ali/ali_ws/autonomous/install/bumperbot_msgs/include/bumperbot_msgs/bumperbot_msgs
[1.250s] -- Up-to-date: /home/ali/ali_ws/autonomous/install/bumperbot_msgs/include/bumperbot_msgs/bumperbot_msgs/srv
[1.250s] -- Up-to-date: /home/ali/ali_ws/autonomous/install/bumperbot_msgs/include/bumperbot_msgs/bumperbot_msgs/srv/detail
[1.250s] -- Installing: /home/ali/ali_ws/autonomous/install/bumperbot_msgs/include/bumperbot_msgs/bumperbot_msgs/srv/detail/dds_fastrtps
[1.250s] -- Installing: /home/ali/ali_ws/autonomous/install/bumperbot_msgs/include/bumperbot_msgs/bumperbot_msgs/srv/detail/add_two_ints__rosidl_typesupport_fastrtps_cpp.hpp
[1.250s] -- Installing: /home/ali/ali_ws/autonomous/install/bumperbot_msgs/include/bumperbot_msgs/bumperbot_msgs/srv/detail/get_transform__rosidl_typesupport_fastrtps_cpp.hpp
[1.250s] -- Up-to-date: /home/ali/ali_ws/autonomous/install/bumperbot_msgs/include/bumperbot_msgs/bumperbot_msgs/msg
[1.250s] -- Installing: /home/ali/ali_ws/autonomous/install/bumperbot_msgs/include/bumperbot_msgs/bumperbot_msgs/msg/rosidl_typesupport_fastrtps_cpp__visibility_control.h
[1.250s] -- Installing: /home/ali/ali_ws/autonomous/install/bumperbot_msgs/lib/libbumperbot_msgs__rosidl_typesupport_fastrtps_cpp.so
[1.250s] -- Set runtime path of "/home/ali/ali_ws/autonomous/install/bumperbot_msgs/lib/libbumperbot_msgs__rosidl_typesupport_fastrtps_cpp.so" to ""
[1.250s] -- Up-to-date: /home/ali/ali_ws/autonomous/install/bumperbot_msgs/include/bumperbot_msgs/bumperbot_msgs
[1.250s] -- Up-to-date: /home/ali/ali_ws/autonomous/install/bumperbot_msgs/include/bumperbot_msgs/bumperbot_msgs/srv
[1.250s] -- Up-to-date: /home/ali/ali_ws/autonomous/install/bumperbot_msgs/include/bumperbot_msgs/bumperbot_msgs/srv/detail
[1.250s] -- Installing: /home/ali/ali_ws/autonomous/install/bumperbot_msgs/include/bumperbot_msgs/bumperbot_msgs/srv/detail/add_two_ints__rosidl_typesupport_introspection_c.h
[1.250s] -- Installing: /home/ali/ali_ws/autonomous/install/bumperbot_msgs/include/bumperbot_msgs/bumperbot_msgs/srv/detail/get_transform__rosidl_typesupport_introspection_c.h
[1.250s] -- Installing: /home/ali/ali_ws/autonomous/install/bumperbot_msgs/include/bumperbot_msgs/bumperbot_msgs/srv/detail/get_transform__type_support.c
[1.250s] -- Installing: /home/ali/ali_ws/autonomous/install/bumperbot_msgs/include/bumperbot_msgs/bumperbot_msgs/srv/detail/add_two_ints__type_support.c
[1.250s] -- Up-to-date: /home/ali/ali_ws/autonomous/install/bumperbot_msgs/include/bumperbot_msgs/bumperbot_msgs/msg
[1.251s] -- Installing: /home/ali/ali_ws/autonomous/install/bumperbot_msgs/include/bumperbot_msgs/bumperbot_msgs/msg/rosidl_typesupport_introspection_c__visibility_control.h
[1.251s] -- Installing: /home/ali/ali_ws/autonomous/install/bumperbot_msgs/lib/libbumperbot_msgs__rosidl_typesupport_introspection_c.so
[1.251s] -- Set runtime path of "/home/ali/ali_ws/autonomous/install/bumperbot_msgs/lib/libbumperbot_msgs__rosidl_typesupport_introspection_c.so" to ""
[1.251s] -- Installing: /home/ali/ali_ws/autonomous/install/bumperbot_msgs/lib/libbumperbot_msgs__rosidl_typesupport_c.so
[1.251s] -- Set runtime path of "/home/ali/ali_ws/autonomous/install/bumperbot_msgs/lib/libbumperbot_msgs__rosidl_typesupport_c.so" to ""
[1.251s] -- Up-to-date: /home/ali/ali_ws/autonomous/install/bumperbot_msgs/include/bumperbot_msgs/bumperbot_msgs
[1.251s] -- Up-to-date: /home/ali/ali_ws/autonomous/install/bumperbot_msgs/include/bumperbot_msgs/bumperbot_msgs/srv
[1.251s] -- Up-to-date: /home/ali/ali_ws/autonomous/install/bumperbot_msgs/include/bumperbot_msgs/bumperbot_msgs/srv/detail
[1.251s] -- Installing: /home/ali/ali_ws/autonomous/install/bumperbot_msgs/include/bumperbot_msgs/bumperbot_msgs/srv/detail/get_transform__type_support.cpp
[1.251s] -- Installing: /home/ali/ali_ws/autonomous/install/bumperbot_msgs/include/bumperbot_msgs/bumperbot_msgs/srv/detail/add_two_ints__type_support.cpp
[1.251s] -- Installing: /home/ali/ali_ws/autonomous/install/bumperbot_msgs/include/bumperbot_msgs/bumperbot_msgs/srv/detail/get_transform__rosidl_typesupport_introspection_cpp.hpp
[1.251s] -- Installing: /home/ali/ali_ws/autonomous/install/bumperbot_msgs/include/bumperbot_msgs/bumperbot_msgs/srv/detail/add_two_ints__rosidl_typesupport_introspection_cpp.hpp
[1.251s] -- Installing: /home/ali/ali_ws/autonomous/install/bumperbot_msgs/lib/libbumperbot_msgs__rosidl_typesupport_introspection_cpp.so
[1.251s] -- Set runtime path of "/home/ali/ali_ws/autonomous/install/bumperbot_msgs/lib/libbumperbot_msgs__rosidl_typesupport_introspection_cpp.so" to ""
[1.251s] -- Installing: /home/ali/ali_ws/autonomous/install/bumperbot_msgs/lib/libbumperbot_msgs__rosidl_typesupport_cpp.so
[1.251s] -- Set runtime path of "/home/ali/ali_ws/autonomous/install/bumperbot_msgs/lib/libbumperbot_msgs__rosidl_typesupport_cpp.so" to ""
[1.251s] -- Installing: /home/ali/ali_ws/autonomous/install/bumperbot_msgs/share/bumperbot_msgs/environment/pythonpath.sh
[1.251s] -- Installing: /home/ali/ali_ws/autonomous/install/bumperbot_msgs/share/bumperbot_msgs/environment/pythonpath.dsv
[1.251s] -- Installing: /home/ali/ali_ws/autonomous/install/bumperbot_msgs/local/lib/python3.10/dist-packages/bumperbot_msgs-0.0.0-py3.10.egg-info
[1.251s] -- Installing: /home/ali/ali_ws/autonomous/install/bumperbot_msgs/local/lib/python3.10/dist-packages/bumperbot_msgs-0.0.0-py3.10.egg-info/PKG-INFO
[1.251s] -- Installing: /home/ali/ali_ws/autonomous/install/bumperbot_msgs/local/lib/python3.10/dist-packages/bumperbot_msgs-0.0.0-py3.10.egg-info/top_level.txt
[1.252s] -- Installing: /home/ali/ali_ws/autonomous/install/bumperbot_msgs/local/lib/python3.10/dist-packages/bumperbot_msgs-0.0.0-py3.10.egg-info/dependency_links.txt
[1.252s] -- Installing: /home/ali/ali_ws/autonomous/install/bumperbot_msgs/local/lib/python3.10/dist-packages/bumperbot_msgs-0.0.0-py3.10.egg-info/SOURCES.txt
[1.252s] -- Installing: /home/ali/ali_ws/autonomous/install/bumperbot_msgs/local/lib/python3.10/dist-packages/bumperbot_msgs
[1.252s] -- Installing: /home/ali/ali_ws/autonomous/install/bumperbot_msgs/local/lib/python3.10/dist-packages/bumperbot_msgs/bumperbot_msgs_s__rosidl_typesupport_introspection_c.cpython-310-x86_64-linux-gnu.so
[1.252s] -- Installing: /home/ali/ali_ws/autonomous/install/bumperbot_msgs/local/lib/python3.10/dist-packages/bumperbot_msgs/srv
[1.252s] -- Installing: /home/ali/ali_ws/autonomous/install/bumperbot_msgs/local/lib/python3.10/dist-packages/bumperbot_msgs/srv/_add_two_ints.py
[1.252s] -- Installing: /home/ali/ali_ws/autonomous/install/bumperbot_msgs/local/lib/python3.10/dist-packages/bumperbot_msgs/srv/_get_transform_s.c
[1.252s] -- Installing: /home/ali/ali_ws/autonomous/install/bumperbot_msgs/local/lib/python3.10/dist-packages/bumperbot_msgs/srv/_add_two_ints_s.c
[1.252s] -- Installing: /home/ali/ali_ws/autonomous/install/bumperbot_msgs/local/lib/python3.10/dist-packages/bumperbot_msgs/srv/__init__.py
[1.252s] -- Installing: /home/ali/ali_ws/autonomous/install/bumperbot_msgs/local/lib/python3.10/dist-packages/bumperbot_msgs/srv/_get_transform.py
[1.252s] -- Installing: /home/ali/ali_ws/autonomous/install/bumperbot_msgs/local/lib/python3.10/dist-packages/bumperbot_msgs/bumperbot_msgs_s__rosidl_typesupport_c.cpython-310-x86_64-linux-gnu.so
[1.252s] -- Installing: /home/ali/ali_ws/autonomous/install/bumperbot_msgs/local/lib/python3.10/dist-packages/bumperbot_msgs/libbumperbot_msgs__rosidl_generator_py.so
[1.252s] -- Installing: /home/ali/ali_ws/autonomous/install/bumperbot_msgs/local/lib/python3.10/dist-packages/bumperbot_msgs/bumperbot_msgs_s__rosidl_typesupport_fastrtps_c.cpython-310-x86_64-linux-gnu.so
[1.252s] -- Installing: /home/ali/ali_ws/autonomous/install/bumperbot_msgs/local/lib/python3.10/dist-packages/bumperbot_msgs/_bumperbot_msgs_s.ep.rosidl_typesupport_introspection_c.c
[1.252s] -- Installing: /home/ali/ali_ws/autonomous/install/bumperbot_msgs/local/lib/python3.10/dist-packages/bumperbot_msgs/__init__.py
[1.252s] -- Installing: /home/ali/ali_ws/autonomous/install/bumperbot_msgs/local/lib/python3.10/dist-packages/bumperbot_msgs/_bumperbot_msgs_s.ep.rosidl_typesupport_fastrtps_c.c
[1.252s] -- Installing: /home/ali/ali_ws/autonomous/install/bumperbot_msgs/local/lib/python3.10/dist-packages/bumperbot_msgs/_bumperbot_msgs_s.ep.rosidl_typesupport_c.c
[1.271s] Listing '/home/ali/ali_ws/autonomous/install/bumperbot_msgs/local/lib/python3.10/dist-packages/bumperbot_msgs'...
[1.271s] Compiling '/home/ali/ali_ws/autonomous/install/bumperbot_msgs/local/lib/python3.10/dist-packages/bumperbot_msgs/__init__.py'...
[1.271s] Listing '/home/ali/ali_ws/autonomous/install/bumperbot_msgs/local/lib/python3.10/dist-packages/bumperbot_msgs/srv'...
[1.271s] Compiling '/home/ali/ali_ws/autonomous/install/bumperbot_msgs/local/lib/python3.10/dist-packages/bumperbot_msgs/srv/__init__.py'...
[1.272s] Compiling '/home/ali/ali_ws/autonomous/install/bumperbot_msgs/local/lib/python3.10/dist-packages/bumperbot_msgs/srv/_add_two_ints.py'...
[1.272s] Compiling '/home/ali/ali_ws/autonomous/install/bumperbot_msgs/local/lib/python3.10/dist-packages/bumperbot_msgs/srv/_get_transform.py'...
[1.274s] -- Installing: /home/ali/ali_ws/autonomous/install/bumperbot_msgs/local/lib/python3.10/dist-packages/bumperbot_msgs/bumperbot_msgs_s__rosidl_typesupport_fastrtps_c.cpython-310-x86_64-linux-gnu.so
[1.274s] -- Set runtime path of "/home/ali/ali_ws/autonomous/install/bumperbot_msgs/local/lib/python3.10/dist-packages/bumperbot_msgs/bumperbot_msgs_s__rosidl_typesupport_fastrtps_c.cpython-310-x86_64-linux-gnu.so" to ""
[1.274s] -- Installing: /home/ali/ali_ws/autonomous/install/bumperbot_msgs/local/lib/python3.10/dist-packages/bumperbot_msgs/bumperbot_msgs_s__rosidl_typesupport_introspection_c.cpython-310-x86_64-linux-gnu.so
[1.274s] -- Set runtime path of "/home/ali/ali_ws/autonomous/install/bumperbot_msgs/local/lib/python3.10/dist-packages/bumperbot_msgs/bumperbot_msgs_s__rosidl_typesupport_introspection_c.cpython-310-x86_64-linux-gnu.so" to ""
[1.274s] -- Installing: /home/ali/ali_ws/autonomous/install/bumperbot_msgs/local/lib/python3.10/dist-packages/bumperbot_msgs/bumperbot_msgs_s__rosidl_typesupport_c.cpython-310-x86_64-linux-gnu.so
[1.274s] -- Set runtime path of "/home/ali/ali_ws/autonomous/install/bumperbot_msgs/local/lib/python3.10/dist-packages/bumperbot_msgs/bumperbot_msgs_s__rosidl_typesupport_c.cpython-310-x86_64-linux-gnu.so" to ""
[1.274s] -- Installing: /home/ali/ali_ws/autonomous/install/bumperbot_msgs/lib/libbumperbot_msgs__rosidl_generator_py.so
[1.274s] -- Set runtime path of "/home/ali/ali_ws/autonomous/install/bumperbot_msgs/lib/libbumperbot_msgs__rosidl_generator_py.so" to ""
[1.274s] -- Installing: /home/ali/ali_ws/autonomous/install/bumperbot_msgs/share/bumperbot_msgs/srv/AddTwoInts.idl
[1.274s] -- Installing: /home/ali/ali_ws/autonomous/install/bumperbot_msgs/share/bumperbot_msgs/srv/GetTransform.idl
[1.274s] -- Installing: /home/ali/ali_ws/autonomous/install/bumperbot_msgs/share/bumperbot_msgs/srv/AddTwoInts.srv
[1.274s] -- Installing: /home/ali/ali_ws/autonomous/install/bumperbot_msgs/share/bumperbot_msgs/srv/AddTwoInts_Request.msg
[1.274s] -- Installing: /home/ali/ali_ws/autonomous/install/bumperbot_msgs/share/bumperbot_msgs/srv/AddTwoInts_Response.msg
[1.275s] -- Installing: /home/ali/ali_ws/autonomous/install/bumperbot_msgs/share/bumperbot_msgs/srv/GetTransform.srv
[1.275s] -- Installing: /home/ali/ali_ws/autonomous/install/bumperbot_msgs/share/bumperbot_msgs/srv/GetTransform_Request.msg
[1.275s] -- Installing: /home/ali/ali_ws/autonomous/install/bumperbot_msgs/share/bumperbot_msgs/srv/GetTransform_Response.msg
[1.275s] -- Installing: /home/ali/ali_ws/autonomous/install/bumperbot_msgs/share/ament_index/resource_index/package_run_dependencies/bumperbot_msgs
[1.275s] -- Installing: /home/ali/ali_ws/autonomous/install/bumperbot_msgs/share/ament_index/resource_index/parent_prefix_path/bumperbot_msgs
[1.275s] -- Installing: /home/ali/ali_ws/autonomous/install/bumperbot_msgs/share/bumperbot_msgs/environment/ament_prefix_path.sh
[1.275s] -- Installing: /home/ali/ali_ws/autonomous/install/bumperbot_msgs/share/bumperbot_msgs/environment/ament_prefix_path.dsv
[1.275s] -- Installing: /home/ali/ali_ws/autonomous/install/bumperbot_msgs/share/bumperbot_msgs/environment/path.sh
[1.275s] -- Installing: /home/ali/ali_ws/autonomous/install/bumperbot_msgs/share/bumperbot_msgs/environment/path.dsv
[1.275s] -- Installing: /home/ali/ali_ws/autonomous/install/bumperbot_msgs/share/bumperbot_msgs/local_setup.bash
[1.275s] -- Installing: /home/ali/ali_ws/autonomous/install/bumperbot_msgs/share/bumperbot_msgs/local_setup.sh
[1.275s] -- Installing: /home/ali/ali_ws/autonomous/install/bumperbot_msgs/share/bumperbot_msgs/local_setup.zsh
[1.275s] -- Installing: /home/ali/ali_ws/autonomous/install/bumperbot_msgs/share/bumperbot_msgs/local_setup.dsv
[1.275s] -- Installing: /home/ali/ali_ws/autonomous/install/bumperbot_msgs/share/bumperbot_msgs/package.dsv
[1.275s] -- Installing: /home/ali/ali_ws/autonomous/install/bumperbot_msgs/share/ament_index/resource_index/packages/bumperbot_msgs
[1.275s] -- Installing: /home/ali/ali_ws/autonomous/install/bumperbot_msgs/share/bumperbot_msgs/cmake/export_bumperbot_msgs__rosidl_generator_cExport.cmake
[1.275s] -- Installing: /home/ali/ali_ws/autonomous/install/bumperbot_msgs/share/bumperbot_msgs/cmake/export_bumperbot_msgs__rosidl_generator_cExport-noconfig.cmake
[1.275s] -- Installing: /home/ali/ali_ws/autonomous/install/bumperbot_msgs/share/bumperbot_msgs/cmake/export_bumperbot_msgs__rosidl_typesupport_fastrtps_cExport.cmake
[1.275s] -- Installing: /home/ali/ali_ws/autonomous/install/bumperbot_msgs/share/bumperbot_msgs/cmake/export_bumperbot_msgs__rosidl_typesupport_fastrtps_cExport-noconfig.cmake
[1.275s] -- Installing: /home/ali/ali_ws/autonomous/install/bumperbot_msgs/share/bumperbot_msgs/cmake/export_bumperbot_msgs__rosidl_generator_cppExport.cmake
[1.275s] -- Installing: /home/ali/ali_ws/autonomous/install/bumperbot_msgs/share/bumperbot_msgs/cmake/export_bumperbot_msgs__rosidl_typesupport_fastrtps_cppExport.cmake
[1.276s] -- Installing: /home/ali/ali_ws/autonomous/install/bumperbot_msgs/share/bumperbot_msgs/cmake/export_bumperbot_msgs__rosidl_typesupport_fastrtps_cppExport-noconfig.cmake
[1.276s] -- Installing: /home/ali/ali_ws/autonomous/install/bumperbot_msgs/share/bumperbot_msgs/cmake/bumperbot_msgs__rosidl_typesupport_introspection_cExport.cmake
[1.276s] -- Installing: /home/ali/ali_ws/autonomous/install/bumperbot_msgs/share/bumperbot_msgs/cmake/bumperbot_msgs__rosidl_typesupport_introspection_cExport-noconfig.cmake
[1.276s] -- Installing: /home/ali/ali_ws/autonomous/install/bumperbot_msgs/share/bumperbot_msgs/cmake/bumperbot_msgs__rosidl_typesupport_cExport.cmake
[1.276s] -- Installing: /home/ali/ali_ws/autonomous/install/bumperbot_msgs/share/bumperbot_msgs/cmake/bumperbot_msgs__rosidl_typesupport_cExport-noconfig.cmake
[1.276s] -- Installing: /home/ali/ali_ws/autonomous/install/bumperbot_msgs/share/bumperbot_msgs/cmake/bumperbot_msgs__rosidl_typesupport_introspection_cppExport.cmake
[1.276s] -- Installing: /home/ali/ali_ws/autonomous/install/bumperbot_msgs/share/bumperbot_msgs/cmake/bumperbot_msgs__rosidl_typesupport_introspection_cppExport-noconfig.cmake
[1.276s] -- Installing: /home/ali/ali_ws/autonomous/install/bumperbot_msgs/share/bumperbot_msgs/cmake/bumperbot_msgs__rosidl_typesupport_cppExport.cmake
[1.276s] -- Installing: /home/ali/ali_ws/autonomous/install/bumperbot_msgs/share/bumperbot_msgs/cmake/bumperbot_msgs__rosidl_typesupport_cppExport-noconfig.cmake
[1.276s] -- Installing: /home/ali/ali_ws/autonomous/install/bumperbot_msgs/share/bumperbot_msgs/cmake/export_bumperbot_msgs__rosidl_generator_pyExport.cmake
[1.276s] -- Installing: /home/ali/ali_ws/autonomous/install/bumperbot_msgs/share/bumperbot_msgs/cmake/export_bumperbot_msgs__rosidl_generator_pyExport-noconfig.cmake
[1.276s] -- Installing: /home/ali/ali_ws/autonomous/install/bumperbot_msgs/share/bumperbot_msgs/cmake/rosidl_cmake-extras.cmake
[1.276s] -- Installing: /home/ali/ali_ws/autonomous/install/bumperbot_msgs/share/bumperbot_msgs/cmake/ament_cmake_export_dependencies-extras.cmake
[1.276s] -- Installing: /home/ali/ali_ws/autonomous/install/bumperbot_msgs/share/bumperbot_msgs/cmake/ament_cmake_export_include_directories-extras.cmake
[1.276s] -- Installing: /home/ali/ali_ws/autonomous/install/bumperbot_msgs/share/bumperbot_msgs/cmake/ament_cmake_export_libraries-extras.cmake
[1.276s] -- Installing: /home/ali/ali_ws/autonomous/install/bumperbot_msgs/share/bumperbot_msgs/cmake/ament_cmake_export_targets-extras.cmake
[1.276s] -- Installing: /home/ali/ali_ws/autonomous/install/bumperbot_msgs/share/bumperbot_msgs/cmake/rosidl_cmake_export_typesupport_targets-extras.cmake
[1.276s] -- Installing: /home/ali/ali_ws/autonomous/install/bumperbot_msgs/share/bumperbot_msgs/cmake/rosidl_cmake_export_typesupport_libraries-extras.cmake
[1.276s] -- Installing: /home/ali/ali_ws/autonomous/install/bumperbot_msgs/share/bumperbot_msgs/cmake/bumperbot_msgsConfig.cmake
[1.276s] -- Installing: /home/ali/ali_ws/autonomous/install/bumperbot_msgs/share/bumperbot_msgs/cmake/bumperbot_msgsConfig-version.cmake
[1.276s] -- Installing: /home/ali/ali_ws/autonomous/install/bumperbot_msgs/share/bumperbot_msgs/package.xml
[1.277s] Invoked command in '/home/ali/ali_ws/autonomous/build/bumperbot_msgs' returned '0': CMAKE_PREFIX_PATH=/opt/ros/humble /usr/bin/cmake --install /home/ali/ali_ws/autonomous/build/bumperbot_msgs
