[0.010s] Invoking command in '/home/ali/ali_ws/autonomous/build/bumperbot_controller': CMAKE_PREFIX_PATH=${CMAKE_PREFIX_PATH}:/home/ali/ali_ws/autonomous/install/bumperbot_py_examples:/opt/ros/humble /usr/bin/cmake --build /home/ali/ali_ws/autonomous/build/bumperbot_controller -- -j24 -l24
[0.026s] -- Found ament_cmake: 1.3.12 (/opt/ros/humble/share/ament_cmake/cmake)
[0.095s] -- Found rclpy: 3.3.17 (/opt/ros/humble/share/rclpy/cmake)
[0.095s] -- Found std_msgs: 4.9.0 (/opt/ros/humble/share/std_msgs/cmake)
[0.107s] -- Found rosidl_generator_c: 3.1.7 (/opt/ros/humble/share/rosidl_generator_c/cmake)
[0.108s] -- Found rosidl_adapter: 3.1.7 (/opt/ros/humble/share/rosidl_adapter/cmake)
[0.111s] -- Found rosidl_generator_cpp: 3.1.7 (/opt/ros/humble/share/rosidl_generator_cpp/cmake)
[0.115s] -- Using all available rosidl_typesupport_c: rosidl_typesupport_fastrtps_c;rosidl_typesupport_introspection_c
[0.121s] -- Using all available rosidl_typesupport_cpp: rosidl_typesupport_fastrtps_cpp;rosidl_typesupport_introspection_cpp
[0.132s] -- Found geometry_msgs: 4.9.0 (/opt/ros/humble/share/geometry_msgs/cmake)
[0.138s] -- Found rclcpp: 16.0.15 (/opt/ros/humble/share/rclcpp/cmake)
[0.152s] -- Found rmw_implementation_cmake: 6.1.2 (/opt/ros/humble/share/rmw_implementation_cmake/cmake)
[0.152s] -- Found rmw_fastrtps_cpp: 6.2.8 (/opt/ros/humble/share/rmw_fastrtps_cpp/cmake)
[0.206s] -- Using RMW implementation 'rmw_fastrtps_cpp' as default
[0.257s] [31mCMake Error at /opt/ros/humble/share/ament_cmake_python/cmake/ament_python_install_package.cmake:66 (message):
[0.257s]   ament_python_install_package() the Python package folder
[0.257s]   '/home/ali/ali_ws/autonomous/src/bumperbot_controller/bumperbot_controller'
[0.258s]   doesn't contain an '__init__.py' file
[0.258s] Call Stack (most recent call first):
[0.258s]   /opt/ros/humble/share/ament_cmake_python/cmake/ament_python_install_package.cmake:39 (_ament_cmake_python_install_package)
[0.258s]   CMakeLists.txt:12 (ament_python_install_package)
[0.258s] 
[0.258s] [0m
[0.258s] -- Configuring incomplete, errors occurred!
[0.258s] See also "/home/ali/ali_ws/autonomous/build/bumperbot_controller/CMakeFiles/CMakeOutput.log".
[0.261s] gmake: *** [Makefile:226: cmake_check_build_system] Error 1
[0.263s] Invoked command in '/home/ali/ali_ws/autonomous/build/bumperbot_controller' returned '2': CMAKE_PREFIX_PATH=${CMAKE_PREFIX_PATH}:/home/ali/ali_ws/autonomous/install/bumperbot_py_examples:/opt/ros/humble /usr/bin/cmake --build /home/ali/ali_ws/autonomous/build/bumperbot_controller -- -j24 -l24
