[0.049s] DEBUG:colcon:Command line arguments: ['/usr/bin/colcon', 'list', '-p', '--base-paths', '/home/ali/ali_ws/autonomous', '--log-base', '/dev/null']
[0.049s] DEBUG:colcon:Parsed command line arguments: Namespace(log_base=None, log_level=None, verb_name='list', build_base='build', ignore_user_meta=False, metas=['./colcon.meta'], base_paths=['/home/ali/ali_ws/autonomous', '--log-base', '/dev/null'], packages_ignore=None, packages_ignore_regex=None, paths=None, packages_up_to=None, packages_up_to_regex=None, packages_above=None, packages_above_and_dependencies=None, packages_above_depth=None, packages_select_by_dep=None, packages_skip_by_dep=None, packages_skip_up_to=None, packages_select_build_failed=False, packages_skip_build_finished=False, packages_select_test_failures=False, packages_skip_test_passed=False, packages_select=None, packages_skip=None, packages_select_regex=None, packages_skip_regex=None, packages_start=None, packages_end=None, allow_overriding=[], topological_order=False, names_only=False, paths_only=True, topological_graph=False, topological_graph_dot=False, topological_graph_density=False, topological_graph_legend=False, topological_graph_dot_cluster=False, topological_graph_dot_include_skipped=False, verb_parser=<colcon_defaults.argument_parser.defaults.DefaultArgumentsDecorator object at 0x718981854be0>, verb_extension=<colcon_package_information.verb.list.ListVerb object at 0x7189818542e0>, main=<bound method ListVerb.main of <colcon_package_information.verb.list.ListVerb object at 0x7189818542e0>>)
[0.132s] Level 1:colcon.colcon_core.package_discovery:discover_packages(colcon_meta) check parameters
[0.132s] Level 1:colcon.colcon_core.package_discovery:discover_packages(recursive) check parameters
[0.132s] Level 1:colcon.colcon_core.package_discovery:discover_packages(ignore) check parameters
[0.132s] Level 1:colcon.colcon_core.package_discovery:discover_packages(path) check parameters
[0.132s] Level 1:colcon.colcon_core.package_discovery:discover_packages(recursive) discover
[0.132s] INFO:colcon.colcon_core.package_discovery:Crawling recursively for packages in '/home/ali/ali_ws/autonomous', '/home/ali/ali_ws/autonomous/--log-base', '/dev/null'
[0.132s] Level 1:colcon.colcon_core.package_identification:_identify(/home/ali/ali_ws/autonomous) by extensions ['ignore', 'ignore_ament_install']
[0.133s] Level 1:colcon.colcon_core.package_identification:_identify(/home/ali/ali_ws/autonomous) by extension 'ignore'
[0.133s] Level 1:colcon.colcon_core.package_identification:_identify(/home/ali/ali_ws/autonomous) by extension 'ignore_ament_install'
[0.133s] Level 1:colcon.colcon_core.package_identification:_identify(/home/ali/ali_ws/autonomous) by extensions ['colcon_pkg']
[0.133s] Level 1:colcon.colcon_core.package_identification:_identify(/home/ali/ali_ws/autonomous) by extension 'colcon_pkg'
[0.133s] Level 1:colcon.colcon_core.package_identification:_identify(/home/ali/ali_ws/autonomous) by extensions ['colcon_meta']
[0.133s] Level 1:colcon.colcon_core.package_identification:_identify(/home/ali/ali_ws/autonomous) by extension 'colcon_meta'
[0.133s] Level 1:colcon.colcon_core.package_identification:_identify(/home/ali/ali_ws/autonomous) by extensions ['ros']
[0.133s] Level 1:colcon.colcon_core.package_identification:_identify(/home/ali/ali_ws/autonomous) by extension 'ros'
[0.139s] Level 1:colcon.colcon_core.package_identification:_identify(/home/ali/ali_ws/autonomous) by extensions ['cmake', 'python']
[0.139s] Level 1:colcon.colcon_core.package_identification:_identify(/home/ali/ali_ws/autonomous) by extension 'cmake'
[0.139s] Level 1:colcon.colcon_core.package_identification:_identify(/home/ali/ali_ws/autonomous) by extension 'python'
[0.139s] Level 1:colcon.colcon_core.package_identification:_identify(/home/ali/ali_ws/autonomous) by extensions ['python_setup_py']
[0.139s] Level 1:colcon.colcon_core.package_identification:_identify(/home/ali/ali_ws/autonomous) by extension 'python_setup_py'
[0.139s] Level 1:colcon.colcon_core.package_identification:_identify(/home/ali/ali_ws/autonomous/log) by extensions ['ignore', 'ignore_ament_install']
[0.139s] Level 1:colcon.colcon_core.package_identification:_identify(/home/ali/ali_ws/autonomous/log) by extension 'ignore'
[0.139s] Level 1:colcon.colcon_core.package_identification:_identify(/home/ali/ali_ws/autonomous/log) ignored
[0.139s] Level 1:colcon.colcon_core.package_identification:_identify(/home/ali/ali_ws/autonomous/src) by extensions ['ignore', 'ignore_ament_install']
[0.139s] Level 1:colcon.colcon_core.package_identification:_identify(/home/ali/ali_ws/autonomous/src) by extension 'ignore'
[0.139s] Level 1:colcon.colcon_core.package_identification:_identify(/home/ali/ali_ws/autonomous/src) by extension 'ignore_ament_install'
[0.139s] Level 1:colcon.colcon_core.package_identification:_identify(/home/ali/ali_ws/autonomous/src) by extensions ['colcon_pkg']
[0.139s] Level 1:colcon.colcon_core.package_identification:_identify(/home/ali/ali_ws/autonomous/src) by extension 'colcon_pkg'
[0.139s] Level 1:colcon.colcon_core.package_identification:_identify(/home/ali/ali_ws/autonomous/src) by extensions ['colcon_meta']
[0.139s] Level 1:colcon.colcon_core.package_identification:_identify(/home/ali/ali_ws/autonomous/src) by extension 'colcon_meta'
[0.139s] Level 1:colcon.colcon_core.package_identification:_identify(/home/ali/ali_ws/autonomous/src) by extensions ['ros']
[0.139s] Level 1:colcon.colcon_core.package_identification:_identify(/home/ali/ali_ws/autonomous/src) by extension 'ros'
[0.139s] Level 1:colcon.colcon_core.package_identification:_identify(/home/ali/ali_ws/autonomous/src) by extensions ['cmake', 'python']
[0.139s] Level 1:colcon.colcon_core.package_identification:_identify(/home/ali/ali_ws/autonomous/src) by extension 'cmake'
[0.139s] Level 1:colcon.colcon_core.package_identification:_identify(/home/ali/ali_ws/autonomous/src) by extension 'python'
[0.139s] Level 1:colcon.colcon_core.package_identification:_identify(/home/ali/ali_ws/autonomous/src) by extensions ['python_setup_py']
[0.139s] Level 1:colcon.colcon_core.package_identification:_identify(/home/ali/ali_ws/autonomous/src) by extension 'python_setup_py'
[0.139s] Level 1:colcon.colcon_core.package_identification:_identify(/home/ali/ali_ws/autonomous/src/bumperbot_controller) by extensions ['ignore', 'ignore_ament_install']
[0.140s] Level 1:colcon.colcon_core.package_identification:_identify(/home/ali/ali_ws/autonomous/src/bumperbot_controller) by extension 'ignore'
[0.140s] Level 1:colcon.colcon_core.package_identification:_identify(/home/ali/ali_ws/autonomous/src/bumperbot_controller) by extension 'ignore_ament_install'
[0.140s] Level 1:colcon.colcon_core.package_identification:_identify(/home/ali/ali_ws/autonomous/src/bumperbot_controller) by extensions ['colcon_pkg']
[0.140s] Level 1:colcon.colcon_core.package_identification:_identify(/home/ali/ali_ws/autonomous/src/bumperbot_controller) by extension 'colcon_pkg'
[0.140s] Level 1:colcon.colcon_core.package_identification:_identify(/home/ali/ali_ws/autonomous/src/bumperbot_controller) by extensions ['colcon_meta']
[0.140s] Level 1:colcon.colcon_core.package_identification:_identify(/home/ali/ali_ws/autonomous/src/bumperbot_controller) by extension 'colcon_meta'
[0.140s] Level 1:colcon.colcon_core.package_identification:_identify(/home/ali/ali_ws/autonomous/src/bumperbot_controller) by extensions ['ros']
[0.140s] Level 1:colcon.colcon_core.package_identification:_identify(/home/ali/ali_ws/autonomous/src/bumperbot_controller) by extension 'ros'
[0.141s] DEBUG:colcon.colcon_core.package_identification:Package '/home/ali/ali_ws/autonomous/src/bumperbot_controller' with type 'ros.ament_cmake' and name 'bumperbot_controller'
[0.141s] Level 1:colcon.colcon_core.package_identification:_identify(/home/ali/ali_ws/autonomous/src/bumperbot_cpp_examples) by extensions ['ignore', 'ignore_ament_install']
[0.141s] Level 1:colcon.colcon_core.package_identification:_identify(/home/ali/ali_ws/autonomous/src/bumperbot_cpp_examples) by extension 'ignore'
[0.141s] Level 1:colcon.colcon_core.package_identification:_identify(/home/ali/ali_ws/autonomous/src/bumperbot_cpp_examples) by extension 'ignore_ament_install'
[0.141s] Level 1:colcon.colcon_core.package_identification:_identify(/home/ali/ali_ws/autonomous/src/bumperbot_cpp_examples) by extensions ['colcon_pkg']
[0.141s] Level 1:colcon.colcon_core.package_identification:_identify(/home/ali/ali_ws/autonomous/src/bumperbot_cpp_examples) by extension 'colcon_pkg'
[0.141s] Level 1:colcon.colcon_core.package_identification:_identify(/home/ali/ali_ws/autonomous/src/bumperbot_cpp_examples) by extensions ['colcon_meta']
[0.141s] Level 1:colcon.colcon_core.package_identification:_identify(/home/ali/ali_ws/autonomous/src/bumperbot_cpp_examples) by extension 'colcon_meta'
[0.141s] Level 1:colcon.colcon_core.package_identification:_identify(/home/ali/ali_ws/autonomous/src/bumperbot_cpp_examples) by extensions ['ros']
[0.141s] Level 1:colcon.colcon_core.package_identification:_identify(/home/ali/ali_ws/autonomous/src/bumperbot_cpp_examples) by extension 'ros'
[0.142s] DEBUG:colcon.colcon_core.package_identification:Package '/home/ali/ali_ws/autonomous/src/bumperbot_cpp_examples' with type 'ros.ament_cmake' and name 'bumperbot_cpp_examples'
[0.142s] Level 1:colcon.colcon_core.package_identification:_identify(/home/ali/ali_ws/autonomous/src/bumperbot_description) by extensions ['ignore', 'ignore_ament_install']
[0.142s] Level 1:colcon.colcon_core.package_identification:_identify(/home/ali/ali_ws/autonomous/src/bumperbot_description) by extension 'ignore'
[0.142s] Level 1:colcon.colcon_core.package_identification:_identify(/home/ali/ali_ws/autonomous/src/bumperbot_description) by extension 'ignore_ament_install'
[0.142s] Level 1:colcon.colcon_core.package_identification:_identify(/home/ali/ali_ws/autonomous/src/bumperbot_description) by extensions ['colcon_pkg']
[0.142s] Level 1:colcon.colcon_core.package_identification:_identify(/home/ali/ali_ws/autonomous/src/bumperbot_description) by extension 'colcon_pkg'
[0.142s] Level 1:colcon.colcon_core.package_identification:_identify(/home/ali/ali_ws/autonomous/src/bumperbot_description) by extensions ['colcon_meta']
[0.142s] Level 1:colcon.colcon_core.package_identification:_identify(/home/ali/ali_ws/autonomous/src/bumperbot_description) by extension 'colcon_meta'
[0.142s] Level 1:colcon.colcon_core.package_identification:_identify(/home/ali/ali_ws/autonomous/src/bumperbot_description) by extensions ['ros']
[0.142s] Level 1:colcon.colcon_core.package_identification:_identify(/home/ali/ali_ws/autonomous/src/bumperbot_description) by extension 'ros'
[0.143s] DEBUG:colcon.colcon_core.package_identification:Package '/home/ali/ali_ws/autonomous/src/bumperbot_description' with type 'ros.ament_cmake' and name 'bumperbot_description'
[0.143s] Level 1:colcon.colcon_core.package_identification:_identify(/home/ali/ali_ws/autonomous/src/bumperbot_py_examples) by extensions ['ignore', 'ignore_ament_install']
[0.143s] Level 1:colcon.colcon_core.package_identification:_identify(/home/ali/ali_ws/autonomous/src/bumperbot_py_examples) by extension 'ignore'
[0.143s] Level 1:colcon.colcon_core.package_identification:_identify(/home/ali/ali_ws/autonomous/src/bumperbot_py_examples) by extension 'ignore_ament_install'
[0.143s] Level 1:colcon.colcon_core.package_identification:_identify(/home/ali/ali_ws/autonomous/src/bumperbot_py_examples) by extensions ['colcon_pkg']
[0.143s] Level 1:colcon.colcon_core.package_identification:_identify(/home/ali/ali_ws/autonomous/src/bumperbot_py_examples) by extension 'colcon_pkg'
[0.143s] Level 1:colcon.colcon_core.package_identification:_identify(/home/ali/ali_ws/autonomous/src/bumperbot_py_examples) by extensions ['colcon_meta']
[0.143s] Level 1:colcon.colcon_core.package_identification:_identify(/home/ali/ali_ws/autonomous/src/bumperbot_py_examples) by extension 'colcon_meta'
[0.143s] Level 1:colcon.colcon_core.package_identification:_identify(/home/ali/ali_ws/autonomous/src/bumperbot_py_examples) by extensions ['ros']
[0.143s] Level 1:colcon.colcon_core.package_identification:_identify(/home/ali/ali_ws/autonomous/src/bumperbot_py_examples) by extension 'ros'
[0.144s] DEBUG:colcon.colcon_core.package_identification:Package '/home/ali/ali_ws/autonomous/src/bumperbot_py_examples' with type 'ros.ament_python' and name 'bumperbot_py_examples'
[0.144s] Level 1:colcon.colcon_core.package_discovery:discover_packages(recursive) using defaults
