[0.010s] Invoking command in '/home/ali/ali_ws/autonomous/build/bumperbot_controller': CMAKE_PREFIX_PATH=${CMAKE_PREFIX_PATH}:/home/ali/ali_ws/autonomous/install/bumperbot_py_examples:/opt/ros/humble /usr/bin/cmake --build /home/ali/ali_ws/autonomous/build/bumperbot_controller -- -j24 -l24
[0.025s] -- Found ament_cmake: 1.3.12 (/opt/ros/humble/share/ament_cmake/cmake)
[0.092s] -- Found rclpy: 3.3.17 (/opt/ros/humble/share/rclpy/cmake)
[0.092s] -- Found std_msgs: 4.9.0 (/opt/ros/humble/share/std_msgs/cmake)
[0.103s] -- Found rosidl_generator_c: 3.1.7 (/opt/ros/humble/share/rosidl_generator_c/cmake)
[0.105s] -- Found rosidl_adapter: 3.1.7 (/opt/ros/humble/share/rosidl_adapter/cmake)
[0.107s] -- Found rosidl_generator_cpp: 3.1.7 (/opt/ros/humble/share/rosidl_generator_cpp/cmake)
[0.112s] -- Using all available rosidl_typesupport_c: rosidl_typesupport_fastrtps_c;rosidl_typesupport_introspection_c
[0.118s] -- Using all available rosidl_typesupport_cpp: rosidl_typesupport_fastrtps_cpp;rosidl_typesupport_introspection_cpp
[0.129s] -- Found geometry_msgs: 4.9.0 (/opt/ros/humble/share/geometry_msgs/cmake)
[0.135s] -- Found rclcpp: 16.0.15 (/opt/ros/humble/share/rclcpp/cmake)
[0.148s] -- Found rmw_implementation_cmake: 6.1.2 (/opt/ros/humble/share/rmw_implementation_cmake/cmake)
[0.148s] -- Found rmw_fastrtps_cpp: 6.2.8 (/opt/ros/humble/share/rmw_fastrtps_cpp/cmake)
[0.200s] -- Using RMW implementation 'rmw_fastrtps_cpp' as default
[0.255s] -- Configuring done
[0.259s] -- Generating done
[0.260s] -- Build files have been written to: /home/ali/ali_ws/autonomous/build/bumperbot_controller
[0.282s] [ 50%] [32mBuilding CXX object CMakeFiles/simple_controller.dir/src/simple_controller.cpp.o[0m
[4.366s] [100%] [32m[1mLinking CXX executable simple_controller[0m
[4.578s] [100%] Built target simple_controller
[4.585s] Invoked command in '/home/ali/ali_ws/autonomous/build/bumperbot_controller' returned '0': CMAKE_PREFIX_PATH=${CMAKE_PREFIX_PATH}:/home/ali/ali_ws/autonomous/install/bumperbot_py_examples:/opt/ros/humble /usr/bin/cmake --build /home/ali/ali_ws/autonomous/build/bumperbot_controller -- -j24 -l24
[4.587s] Invoking command in '/home/ali/ali_ws/autonomous/build/bumperbot_controller': CMAKE_PREFIX_PATH=${CMAKE_PREFIX_PATH}:/home/ali/ali_ws/autonomous/install/bumperbot_py_examples:/opt/ros/humble /usr/bin/cmake --install /home/ali/ali_ws/autonomous/build/bumperbot_controller
[4.592s] -- Install configuration: ""
[4.592s] -- Installing: /home/ali/ali_ws/autonomous/install/bumperbot_controller/include/include
[4.592s] -- Installing: /home/ali/ali_ws/autonomous/install/bumperbot_controller/include/include/bumperbot_controller
[4.592s] -- Installing: /home/ali/ali_ws/autonomous/install/bumperbot_controller/include/include/bumperbot_controller/simple_controller.hpp
[4.592s] -- Installing: /home/ali/ali_ws/autonomous/install/bumperbot_controller/lib/bumperbot_controller/simple_controller
[4.594s] -- Set runtime path of "/home/ali/ali_ws/autonomous/install/bumperbot_controller/lib/bumperbot_controller/simple_controller" to ""
[4.594s] -- Up-to-date: /home/ali/ali_ws/autonomous/install/bumperbot_controller/share/bumperbot_controller/launch
[4.594s] -- Up-to-date: /home/ali/ali_ws/autonomous/install/bumperbot_controller/share/bumperbot_controller/launch/controller.launch.py
[4.594s] -- Up-to-date: /home/ali/ali_ws/autonomous/install/bumperbot_controller/share/bumperbot_controller/config
[4.594s] -- Up-to-date: /home/ali/ali_ws/autonomous/install/bumperbot_controller/share/bumperbot_controller/config/bumperbot_controllers.yaml
[4.595s] [31mCMake Error at cmake_install.cmake:77 (file):
[4.595s]   file INSTALL cannot find
[4.595s]   "/home/ali/ali_ws/autonomous/src/bumperbot_controller/bumperbot_controller/simple_controller.py":
[4.595s]   No such file or directory.
[4.595s] 
[4.595s] [0m
[4.596s] Invoked command in '/home/ali/ali_ws/autonomous/build/bumperbot_controller' returned '1': CMAKE_PREFIX_PATH=${CMAKE_PREFIX_PATH}:/home/ali/ali_ws/autonomous/install/bumperbot_py_examples:/opt/ros/humble /usr/bin/cmake --install /home/ali/ali_ws/autonomous/build/bumperbot_controller
