[35m[1mConsolidate compiler generated dependencies of target simple_controller[0m
[100%] Built target simple_controller
-- Install configuration: ""
-- Installing: /home/ali/ali_ws/autonomous/src/install/bumperbot_controller/include/include
-- Installing: /home/ali/ali_ws/autonomous/src/install/bumperbot_controller/include/include/bumperbot_controller
-- Installing: /home/ali/ali_ws/autonomous/src/install/bumperbot_controller/include/include/bumperbot_controller/simple_controller.hpp
-- Installing: /home/ali/ali_ws/autonomous/src/install/bumperbot_controller/lib/bumperbot_controller/simple_controller
-- Set runtime path of "/home/ali/ali_ws/autonomous/src/install/bumperbot_controller/lib/bumperbot_controller/simple_controller" to ""
-- Installing: /home/ali/ali_ws/autonomous/src/install/bumperbot_controller/share/bumperbot_controller/launch
-- Installing: /home/ali/ali_ws/autonomous/src/install/bumperbot_controller/share/bumperbot_controller/launch/controller.launch.py
-- Installing: /home/ali/ali_ws/autonomous/src/install/bumperbot_controller/share/bumperbot_controller/config
-- Installing: /home/ali/ali_ws/autonomous/src/install/bumperbot_controller/share/bumperbot_controller/config/bumperbot_controllers.yaml
-- Installing: /home/ali/ali_ws/autonomous/src/install/bumperbot_controller/share/ament_index/resource_index/package_run_dependencies/bumperbot_controller
-- Installing: /home/ali/ali_ws/autonomous/src/install/bumperbot_controller/share/ament_index/resource_index/parent_prefix_path/bumperbot_controller
-- Installing: /home/ali/ali_ws/autonomous/src/install/bumperbot_controller/share/bumperbot_controller/environment/ament_prefix_path.sh
-- Installing: /home/ali/ali_ws/autonomous/src/install/bumperbot_controller/share/bumperbot_controller/environment/ament_prefix_path.dsv
-- Installing: /home/ali/ali_ws/autonomous/src/install/bumperbot_controller/share/bumperbot_controller/environment/path.sh
-- Installing: /home/ali/ali_ws/autonomous/src/install/bumperbot_controller/share/bumperbot_controller/environment/path.dsv
-- Installing: /home/ali/ali_ws/autonomous/src/install/bumperbot_controller/share/bumperbot_controller/local_setup.bash
-- Installing: /home/ali/ali_ws/autonomous/src/install/bumperbot_controller/share/bumperbot_controller/local_setup.sh
-- Installing: /home/ali/ali_ws/autonomous/src/install/bumperbot_controller/share/bumperbot_controller/local_setup.zsh
-- Installing: /home/ali/ali_ws/autonomous/src/install/bumperbot_controller/share/bumperbot_controller/local_setup.dsv
-- Installing: /home/ali/ali_ws/autonomous/src/install/bumperbot_controller/share/bumperbot_controller/package.dsv
-- Installing: /home/ali/ali_ws/autonomous/src/install/bumperbot_controller/share/ament_index/resource_index/packages/bumperbot_controller
-- Installing: /home/ali/ali_ws/autonomous/src/install/bumperbot_controller/share/bumperbot_controller/cmake/bumperbot_controllerConfig.cmake
-- Installing: /home/ali/ali_ws/autonomous/src/install/bumperbot_controller/share/bumperbot_controller/cmake/bumperbot_controllerConfig-version.cmake
-- Installing: /home/ali/ali_ws/autonomous/src/install/bumperbot_controller/share/bumperbot_controller/package.xml
