[0.011s] Invoking command in '/home/ali/ali_ws/autonomous/build/bumperbot_cpp_examples': CMAKE_PREFIX_PATH=${CMAKE_PREFIX_PATH}:/home/ali/ali_ws/autonomous/install/bumperbot_py_examples:/opt/ros/humble /usr/bin/cmake --build /home/ali/ali_ws/autonomous/build/bumperbot_cpp_examples -- -j24 -l24
[0.042s] [35m[1mConsolidate compiler generated dependencies of target simple_turtlesim_kinematics[0m
[0.050s] [ 50%] Built target simple_parameter
[0.050s] [ 50%] Built target simple_subscriber
[0.051s] [ 75%] Built target simple_turtlesim_kinematics
[0.051s] [100%] Built target simple_publisher
[0.139s] Invoked command in '/home/ali/ali_ws/autonomous/build/bumperbot_cpp_examples' returned '0': CMAKE_PREFIX_PATH=${CMAKE_PREFIX_PATH}:/home/ali/ali_ws/autonomous/install/bumperbot_py_examples:/opt/ros/humble /usr/bin/cmake --build /home/ali/ali_ws/autonomous/build/bumperbot_cpp_examples -- -j24 -l24
[0.139s] Invoking command in '/home/ali/ali_ws/autonomous/build/bumperbot_cpp_examples': CMAKE_PREFIX_PATH=${CMAKE_PREFIX_PATH}:/home/ali/ali_ws/autonomous/install/bumperbot_py_examples:/opt/ros/humble /usr/bin/cmake --install /home/ali/ali_ws/autonomous/build/bumperbot_cpp_examples
[0.145s] -- Install configuration: ""
[0.145s] -- Up-to-date: /home/ali/ali_ws/autonomous/install/bumperbot_cpp_examples/include/include
[0.145s] -- Up-to-date: /home/ali/ali_ws/autonomous/install/bumperbot_cpp_examples/include/include/bumperbot_cpp_examples
[0.145s] -- Up-to-date: /home/ali/ali_ws/autonomous/install/bumperbot_cpp_examples/include/include/bumperbot_cpp_examples/simple_turtlesim_kinematics.hpp
[0.145s] -- Up-to-date: /home/ali/ali_ws/autonomous/install/bumperbot_cpp_examples/lib/bumperbot_cpp_examples/simple_publisher
[0.146s] -- Up-to-date: /home/ali/ali_ws/autonomous/install/bumperbot_cpp_examples/lib/bumperbot_cpp_examples/simple_subscriber
[0.146s] -- Up-to-date: /home/ali/ali_ws/autonomous/install/bumperbot_cpp_examples/lib/bumperbot_cpp_examples/simple_parameter
[0.146s] -- Up-to-date: /home/ali/ali_ws/autonomous/install/bumperbot_cpp_examples/lib/bumperbot_cpp_examples/simple_turtlesim_kinematics
[0.146s] -- Up-to-date: /home/ali/ali_ws/autonomous/install/bumperbot_cpp_examples/share/ament_index/resource_index/package_run_dependencies/bumperbot_cpp_examples
[0.146s] -- Up-to-date: /home/ali/ali_ws/autonomous/install/bumperbot_cpp_examples/share/ament_index/resource_index/parent_prefix_path/bumperbot_cpp_examples
[0.146s] -- Up-to-date: /home/ali/ali_ws/autonomous/install/bumperbot_cpp_examples/share/bumperbot_cpp_examples/environment/ament_prefix_path.sh
[0.146s] -- Up-to-date: /home/ali/ali_ws/autonomous/install/bumperbot_cpp_examples/share/bumperbot_cpp_examples/environment/ament_prefix_path.dsv
[0.146s] -- Up-to-date: /home/ali/ali_ws/autonomous/install/bumperbot_cpp_examples/share/bumperbot_cpp_examples/environment/path.sh
[0.146s] -- Up-to-date: /home/ali/ali_ws/autonomous/install/bumperbot_cpp_examples/share/bumperbot_cpp_examples/environment/path.dsv
[0.146s] -- Up-to-date: /home/ali/ali_ws/autonomous/install/bumperbot_cpp_examples/share/bumperbot_cpp_examples/local_setup.bash
[0.146s] -- Up-to-date: /home/ali/ali_ws/autonomous/install/bumperbot_cpp_examples/share/bumperbot_cpp_examples/local_setup.sh
[0.146s] -- Up-to-date: /home/ali/ali_ws/autonomous/install/bumperbot_cpp_examples/share/bumperbot_cpp_examples/local_setup.zsh
[0.146s] -- Up-to-date: /home/ali/ali_ws/autonomous/install/bumperbot_cpp_examples/share/bumperbot_cpp_examples/local_setup.dsv
[0.146s] -- Installing: /home/ali/ali_ws/autonomous/install/bumperbot_cpp_examples/share/bumperbot_cpp_examples/package.dsv
[0.146s] -- Up-to-date: /home/ali/ali_ws/autonomous/install/bumperbot_cpp_examples/share/ament_index/resource_index/packages/bumperbot_cpp_examples
[0.146s] -- Up-to-date: /home/ali/ali_ws/autonomous/install/bumperbot_cpp_examples/share/bumperbot_cpp_examples/cmake/bumperbot_cpp_examplesConfig.cmake
[0.146s] -- Up-to-date: /home/ali/ali_ws/autonomous/install/bumperbot_cpp_examples/share/bumperbot_cpp_examples/cmake/bumperbot_cpp_examplesConfig-version.cmake
[0.146s] -- Up-to-date: /home/ali/ali_ws/autonomous/install/bumperbot_cpp_examples/share/bumperbot_cpp_examples/package.xml
[0.154s] Invoked command in '/home/ali/ali_ws/autonomous/build/bumperbot_cpp_examples' returned '0': CMAKE_PREFIX_PATH=${CMAKE_PREFIX_PATH}:/home/ali/ali_ws/autonomous/install/bumperbot_py_examples:/opt/ros/humble /usr/bin/cmake --install /home/ali/ali_ws/autonomous/build/bumperbot_cpp_examples
