[0.006s] Invoking command in '/home/ali/ali_ws/autonomous/build/bumperbot_cpp_examples': CMAKE_PREFIX_PATH=/home/ali/ali_ws/autonomous/install/bumperbot_msgs:/home/ali/ali_ws/autonomous/install/bumperbot_cpp_examples:/home/ali/ali_ws/autonomous/install/bumperbot_description:/home/ali/ali_ws/autonomous/install/bumperbot_controller:/home/ali/ali_ws/autonomous/install/bumperbot_py_examples:/opt/ros/humble /usr/bin/cmake --build /home/ali/ali_ws/autonomous/build/bumperbot_cpp_examples -- -j24 -l24
[0.034s] [35m[1mConsolidate compiler generated dependencies of target simple_tf_kinematics[0m
[0.042s] [ 20%] Built target simple_parameter
[0.044s] [ 60%] Built target simple_turtlesim_kinematics
[0.044s] [ 60%] Built target simple_publisher
[0.044s] [ 80%] Built target simple_subscriber
[0.045s] [ 90%] [32mBuilding CXX object CMakeFiles/simple_tf_kinematics.dir/src/simple_tf_kinematics.cpp.o[0m
[2.613s] [100%] [32m[1mLinking CXX executable simple_tf_kinematics[0m
[2.746s] [100%] Built target simple_tf_kinematics
[2.757s] Invoked command in '/home/ali/ali_ws/autonomous/build/bumperbot_cpp_examples' returned '0': CMAKE_PREFIX_PATH=/home/ali/ali_ws/autonomous/install/bumperbot_msgs:/home/ali/ali_ws/autonomous/install/bumperbot_cpp_examples:/home/ali/ali_ws/autonomous/install/bumperbot_description:/home/ali/ali_ws/autonomous/install/bumperbot_controller:/home/ali/ali_ws/autonomous/install/bumperbot_py_examples:/opt/ros/humble /usr/bin/cmake --build /home/ali/ali_ws/autonomous/build/bumperbot_cpp_examples -- -j24 -l24
[2.758s] Invoking command in '/home/ali/ali_ws/autonomous/build/bumperbot_cpp_examples': CMAKE_PREFIX_PATH=/home/ali/ali_ws/autonomous/install/bumperbot_msgs:/home/ali/ali_ws/autonomous/install/bumperbot_cpp_examples:/home/ali/ali_ws/autonomous/install/bumperbot_description:/home/ali/ali_ws/autonomous/install/bumperbot_controller:/home/ali/ali_ws/autonomous/install/bumperbot_py_examples:/opt/ros/humble /usr/bin/cmake --install /home/ali/ali_ws/autonomous/build/bumperbot_cpp_examples
[2.766s] -- Install configuration: ""
[2.766s] -- Up-to-date: /home/ali/ali_ws/autonomous/install/bumperbot_cpp_examples/include/include
[2.766s] -- Up-to-date: /home/ali/ali_ws/autonomous/install/bumperbot_cpp_examples/include/include/bumperbot_cpp_examples
[2.766s] -- Installing: /home/ali/ali_ws/autonomous/install/bumperbot_cpp_examples/include/include/bumperbot_cpp_examples/simple_tf_kinematics.hpp
[2.766s] -- Up-to-date: /home/ali/ali_ws/autonomous/install/bumperbot_cpp_examples/include/include/bumperbot_cpp_examples/simple_turtlesim_kinematics.hpp
[2.766s] -- Up-to-date: /home/ali/ali_ws/autonomous/install/bumperbot_cpp_examples/lib/bumperbot_cpp_examples/simple_publisher
[2.766s] -- Up-to-date: /home/ali/ali_ws/autonomous/install/bumperbot_cpp_examples/lib/bumperbot_cpp_examples/simple_subscriber
[2.766s] -- Up-to-date: /home/ali/ali_ws/autonomous/install/bumperbot_cpp_examples/lib/bumperbot_cpp_examples/simple_parameter
[2.767s] -- Up-to-date: /home/ali/ali_ws/autonomous/install/bumperbot_cpp_examples/lib/bumperbot_cpp_examples/simple_turtlesim_kinematics
[2.767s] -- Installing: /home/ali/ali_ws/autonomous/install/bumperbot_cpp_examples/lib/bumperbot_cpp_examples/simple_tf_kinematics
[2.768s] -- Set runtime path of "/home/ali/ali_ws/autonomous/install/bumperbot_cpp_examples/lib/bumperbot_cpp_examples/simple_tf_kinematics" to ""
[2.768s] -- Up-to-date: /home/ali/ali_ws/autonomous/install/bumperbot_cpp_examples/share/ament_index/resource_index/package_run_dependencies/bumperbot_cpp_examples
[2.768s] -- Up-to-date: /home/ali/ali_ws/autonomous/install/bumperbot_cpp_examples/share/ament_index/resource_index/parent_prefix_path/bumperbot_cpp_examples
[2.768s] -- Up-to-date: /home/ali/ali_ws/autonomous/install/bumperbot_cpp_examples/share/bumperbot_cpp_examples/environment/ament_prefix_path.sh
[2.768s] -- Up-to-date: /home/ali/ali_ws/autonomous/install/bumperbot_cpp_examples/share/bumperbot_cpp_examples/environment/ament_prefix_path.dsv
[2.768s] -- Up-to-date: /home/ali/ali_ws/autonomous/install/bumperbot_cpp_examples/share/bumperbot_cpp_examples/environment/path.sh
[2.768s] -- Up-to-date: /home/ali/ali_ws/autonomous/install/bumperbot_cpp_examples/share/bumperbot_cpp_examples/environment/path.dsv
[2.768s] -- Up-to-date: /home/ali/ali_ws/autonomous/install/bumperbot_cpp_examples/share/bumperbot_cpp_examples/local_setup.bash
[2.768s] -- Up-to-date: /home/ali/ali_ws/autonomous/install/bumperbot_cpp_examples/share/bumperbot_cpp_examples/local_setup.sh
[2.769s] -- Up-to-date: /home/ali/ali_ws/autonomous/install/bumperbot_cpp_examples/share/bumperbot_cpp_examples/local_setup.zsh
[2.769s] -- Up-to-date: /home/ali/ali_ws/autonomous/install/bumperbot_cpp_examples/share/bumperbot_cpp_examples/local_setup.dsv
[2.769s] -- Installing: /home/ali/ali_ws/autonomous/install/bumperbot_cpp_examples/share/bumperbot_cpp_examples/package.dsv
[2.769s] -- Up-to-date: /home/ali/ali_ws/autonomous/install/bumperbot_cpp_examples/share/ament_index/resource_index/packages/bumperbot_cpp_examples
[2.769s] -- Up-to-date: /home/ali/ali_ws/autonomous/install/bumperbot_cpp_examples/share/bumperbot_cpp_examples/cmake/bumperbot_cpp_examplesConfig.cmake
[2.769s] -- Up-to-date: /home/ali/ali_ws/autonomous/install/bumperbot_cpp_examples/share/bumperbot_cpp_examples/cmake/bumperbot_cpp_examplesConfig-version.cmake
[2.769s] -- Up-to-date: /home/ali/ali_ws/autonomous/install/bumperbot_cpp_examples/share/bumperbot_cpp_examples/package.xml
[2.770s] Invoked command in '/home/ali/ali_ws/autonomous/build/bumperbot_cpp_examples' returned '0': CMAKE_PREFIX_PATH=/home/ali/ali_ws/autonomous/install/bumperbot_msgs:/home/ali/ali_ws/autonomous/install/bumperbot_cpp_examples:/home/ali/ali_ws/autonomous/install/bumperbot_description:/home/ali/ali_ws/autonomous/install/bumperbot_controller:/home/ali/ali_ws/autonomous/install/bumperbot_py_examples:/opt/ros/humble /usr/bin/cmake --install /home/ali/ali_ws/autonomous/build/bumperbot_cpp_examples
