[0.289s] Invoking command in '/home/ali/ali_ws/autonomous/src/bumperbot_py_examples': PYTHONPATH=/home/ali/ali_ws/autonomous/src/build/bumperbot_py_examples/prefix_override:/usr/lib/python3/dist-packages/colcon_core/task/python/colcon_distutils_commands:/home/ali/ali_ws/autonomous/src/install/bumperbot_py_examples/lib/python3.10/site-packages:${PYTHONPATH} /usr/bin/python3 -W ignore:setup.py install is deprecated -W ignore:easy_install command is deprecated setup.py egg_info --egg-base ../build/bumperbot_py_examples build --build-base /home/ali/ali_ws/autonomous/src/build/bumperbot_py_examples/build install --record /home/ali/ali_ws/autonomous/src/build/bumperbot_py_examples/install.log --single-version-externally-managed install_data
[0.389s] running egg_info
[0.389s] writing ../build/bumperbot_py_examples/bumperbot_py_examples.egg-info/PKG-INFO
[0.389s] writing dependency_links to ../build/bumperbot_py_examples/bumperbot_py_examples.egg-info/dependency_links.txt
[0.389s] writing entry points to ../build/bumperbot_py_examples/bumperbot_py_examples.egg-info/entry_points.txt
[0.389s] writing requirements to ../build/bumperbot_py_examples/bumperbot_py_examples.egg-info/requires.txt
[0.389s] writing top-level names to ../build/bumperbot_py_examples/bumperbot_py_examples.egg-info/top_level.txt
[0.390s] reading manifest file '../build/bumperbot_py_examples/bumperbot_py_examples.egg-info/SOURCES.txt'
[0.391s] writing manifest file '../build/bumperbot_py_examples/bumperbot_py_examples.egg-info/SOURCES.txt'
[0.391s] running build
[0.391s] running build_py
[0.391s] running install
[0.391s] running install_lib
[0.391s] running install_data
[0.391s] running install_egg_info
[0.392s] removing '/home/ali/ali_ws/autonomous/src/install/bumperbot_py_examples/lib/python3.10/site-packages/bumperbot_py_examples-0.0.0-py3.10.egg-info' (and everything under it)
[0.392s] Copying ../build/bumperbot_py_examples/bumperbot_py_examples.egg-info to /home/ali/ali_ws/autonomous/src/install/bumperbot_py_examples/lib/python3.10/site-packages/bumperbot_py_examples-0.0.0-py3.10.egg-info
[0.393s] running install_scripts
[0.403s] Installing simple_parameter script to /home/ali/ali_ws/autonomous/src/install/bumperbot_py_examples/lib/bumperbot_py_examples
[0.403s] Installing simple_publisher script to /home/ali/ali_ws/autonomous/src/install/bumperbot_py_examples/lib/bumperbot_py_examples
[0.403s] Installing simple_subscriber script to /home/ali/ali_ws/autonomous/src/install/bumperbot_py_examples/lib/bumperbot_py_examples
[0.403s] writing list of installed files to '/home/ali/ali_ws/autonomous/src/build/bumperbot_py_examples/install.log'
[0.414s] Invoked command in '/home/ali/ali_ws/autonomous/src/bumperbot_py_examples' returned '0': PYTHONPATH=/home/ali/ali_ws/autonomous/src/build/bumperbot_py_examples/prefix_override:/usr/lib/python3/dist-packages/colcon_core/task/python/colcon_distutils_commands:/home/ali/ali_ws/autonomous/src/install/bumperbot_py_examples/lib/python3.10/site-packages:${PYTHONPATH} /usr/bin/python3 -W ignore:setup.py install is deprecated -W ignore:easy_install command is deprecated setup.py egg_info --egg-base ../build/bumperbot_py_examples build --build-base /home/ali/ali_ws/autonomous/src/build/bumperbot_py_examples/build install --record /home/ali/ali_ws/autonomous/src/build/bumperbot_py_examples/install.log --single-version-externally-managed install_data
