[0.009s] Invoking command in '/home/ali/ali_ws/autonomous/build/bumperbot_cpp_examples': CMAKE_PREFIX_PATH=${CMAKE_PREFIX_PATH}:/home/ali/ali_ws/autonomous/install/bumperbot_py_examples:/opt/ros/humble /usr/bin/cmake --build /home/ali/ali_ws/autonomous/build/bumperbot_cpp_examples -- -j24 -l24
[0.034s] [35m[1mConsolidate compiler generated dependencies of target simple_turtlesim_kinematics[0m
[0.042s] [ 25%] Built target simple_parameter
[0.043s] [ 50%] Built target simple_publisher
[0.043s] [ 75%] Built target simple_subscriber
[0.044s] [ 87%] [32mBuilding CXX object CMakeFiles/simple_turtlesim_kinematics.dir/src/simple_turtlesim_kinematics.cpp.o[0m
[3.992s] [100%] [32m[1mLinking CXX executable simple_turtlesim_kinematics[0m
[4.184s] [100%] Built target simple_turtlesim_kinematics
[4.195s] Invoked command in '/home/ali/ali_ws/autonomous/build/bumperbot_cpp_examples' returned '0': CMAKE_PREFIX_PATH=${CMAKE_PREFIX_PATH}:/home/ali/ali_ws/autonomous/install/bumperbot_py_examples:/opt/ros/humble /usr/bin/cmake --build /home/ali/ali_ws/autonomous/build/bumperbot_cpp_examples -- -j24 -l24
[4.196s] Invoking command in '/home/ali/ali_ws/autonomous/build/bumperbot_cpp_examples': CMAKE_PREFIX_PATH=${CMAKE_PREFIX_PATH}:/home/ali/ali_ws/autonomous/install/bumperbot_py_examples:/opt/ros/humble /usr/bin/cmake --install /home/ali/ali_ws/autonomous/build/bumperbot_cpp_examples
[4.200s] -- Install configuration: ""
[4.200s] -- Up-to-date: /home/ali/ali_ws/autonomous/install/bumperbot_cpp_examples/include/include
[4.200s] -- Up-to-date: /home/ali/ali_ws/autonomous/install/bumperbot_cpp_examples/include/include/bumperbot_cpp_examples
[4.200s] -- Installing: /home/ali/ali_ws/autonomous/install/bumperbot_cpp_examples/include/include/bumperbot_cpp_examples/simple_turtlesim_kinematics.hpp
[4.200s] -- Up-to-date: /home/ali/ali_ws/autonomous/install/bumperbot_cpp_examples/lib/bumperbot_cpp_examples/simple_publisher
[4.200s] -- Up-to-date: /home/ali/ali_ws/autonomous/install/bumperbot_cpp_examples/lib/bumperbot_cpp_examples/simple_subscriber
[4.201s] -- Up-to-date: /home/ali/ali_ws/autonomous/install/bumperbot_cpp_examples/lib/bumperbot_cpp_examples/simple_parameter
[4.201s] -- Installing: /home/ali/ali_ws/autonomous/install/bumperbot_cpp_examples/lib/bumperbot_cpp_examples/simple_turtlesim_kinematics
[4.203s] -- Set runtime path of "/home/ali/ali_ws/autonomous/install/bumperbot_cpp_examples/lib/bumperbot_cpp_examples/simple_turtlesim_kinematics" to ""
[4.204s] -- Up-to-date: /home/ali/ali_ws/autonomous/install/bumperbot_cpp_examples/share/ament_index/resource_index/package_run_dependencies/bumperbot_cpp_examples
[4.204s] -- Up-to-date: /home/ali/ali_ws/autonomous/install/bumperbot_cpp_examples/share/ament_index/resource_index/parent_prefix_path/bumperbot_cpp_examples
[4.204s] -- Up-to-date: /home/ali/ali_ws/autonomous/install/bumperbot_cpp_examples/share/bumperbot_cpp_examples/environment/ament_prefix_path.sh
[4.204s] -- Up-to-date: /home/ali/ali_ws/autonomous/install/bumperbot_cpp_examples/share/bumperbot_cpp_examples/environment/ament_prefix_path.dsv
[4.204s] -- Up-to-date: /home/ali/ali_ws/autonomous/install/bumperbot_cpp_examples/share/bumperbot_cpp_examples/environment/path.sh
[4.204s] -- Up-to-date: /home/ali/ali_ws/autonomous/install/bumperbot_cpp_examples/share/bumperbot_cpp_examples/environment/path.dsv
[4.204s] -- Up-to-date: /home/ali/ali_ws/autonomous/install/bumperbot_cpp_examples/share/bumperbot_cpp_examples/local_setup.bash
[4.204s] -- Up-to-date: /home/ali/ali_ws/autonomous/install/bumperbot_cpp_examples/share/bumperbot_cpp_examples/local_setup.sh
[4.204s] -- Up-to-date: /home/ali/ali_ws/autonomous/install/bumperbot_cpp_examples/share/bumperbot_cpp_examples/local_setup.zsh
[4.204s] -- Up-to-date: /home/ali/ali_ws/autonomous/install/bumperbot_cpp_examples/share/bumperbot_cpp_examples/local_setup.dsv
[4.204s] -- Installing: /home/ali/ali_ws/autonomous/install/bumperbot_cpp_examples/share/bumperbot_cpp_examples/package.dsv
[4.204s] -- Up-to-date: /home/ali/ali_ws/autonomous/install/bumperbot_cpp_examples/share/ament_index/resource_index/packages/bumperbot_cpp_examples
[4.204s] -- Up-to-date: /home/ali/ali_ws/autonomous/install/bumperbot_cpp_examples/share/bumperbot_cpp_examples/cmake/bumperbot_cpp_examplesConfig.cmake
[4.204s] -- Up-to-date: /home/ali/ali_ws/autonomous/install/bumperbot_cpp_examples/share/bumperbot_cpp_examples/cmake/bumperbot_cpp_examplesConfig-version.cmake
[4.204s] -- Up-to-date: /home/ali/ali_ws/autonomous/install/bumperbot_cpp_examples/share/bumperbot_cpp_examples/package.xml
[4.205s] Invoked command in '/home/ali/ali_ws/autonomous/build/bumperbot_cpp_examples' returned '0': CMAKE_PREFIX_PATH=${CMAKE_PREFIX_PATH}:/home/ali/ali_ws/autonomous/install/bumperbot_py_examples:/opt/ros/humble /usr/bin/cmake --install /home/ali/ali_ws/autonomous/build/bumperbot_cpp_examples
