[0.006s] Invoking command in '/home/ali/ali_ws/autonomous/build/bumperbot_cpp_examples': AMENT_PREFIX_PATH=/home/ali/ali_ws/autonomous/install/bumperbot_msgs:${AMENT_PREFIX_PATH} CMAKE_PREFIX_PATH=/home/ali/ali_ws/autonomous/install/bumperbot_msgs:/opt/ros/humble LD_LIBRARY_PATH=/home/ali/ali_ws/autonomous/install/bumperbot_msgs/lib:${LD_LIBRARY_PATH} PYTHONPATH=/home/ali/ali_ws/autonomous/install/bumperbot_msgs/local/lib/python3.10/dist-packages:${PYTHONPATH} /usr/bin/cmake --build /home/ali/ali_ws/autonomous/build/bumperbot_cpp_examples -- -j24 -l24
[0.021s] -- Found ament_cmake: 1.3.12 (/opt/ros/humble/share/ament_cmake/cmake)
[0.095s] -- Found rclcpp: 16.0.15 (/opt/ros/humble/share/rclcpp/cmake)
[0.108s] -- Found rosidl_generator_c: 3.1.7 (/opt/ros/humble/share/rosidl_generator_c/cmake)
[0.109s] -- Found rosidl_adapter: 3.1.7 (/opt/ros/humble/share/rosidl_adapter/cmake)
[0.112s] -- Found rosidl_generator_cpp: 3.1.7 (/opt/ros/humble/share/rosidl_generator_cpp/cmake)
[0.116s] -- Using all available rosidl_typesupport_c: rosidl_typesupport_fastrtps_c;rosidl_typesupport_introspection_c
[0.122s] -- Using all available rosidl_typesupport_cpp: rosidl_typesupport_fastrtps_cpp;rosidl_typesupport_introspection_cpp
[0.137s] -- Found rmw_implementation_cmake: 6.1.2 (/opt/ros/humble/share/rmw_implementation_cmake/cmake)
[0.138s] -- Found rmw_fastrtps_cpp: 6.2.8 (/opt/ros/humble/share/rmw_fastrtps_cpp/cmake)
[0.187s] -- Using RMW implementation 'rmw_fastrtps_cpp' as default
[0.210s] -- Found turtlesim: 1.4.2 (/opt/ros/humble/share/turtlesim/cmake)
[0.227s] -- Found bumperbot_msgs: 0.0.0 (/home/ali/ali_ws/autonomous/install/bumperbot_msgs/share/bumperbot_msgs/cmake)
[0.243s] -- Found tf2: 0.25.16 (/opt/ros/humble/share/tf2/cmake)
[0.249s] -- Found tf2_ros: 0.25.16 (/opt/ros/humble/share/tf2_ros/cmake)
[0.325s] -- Configuring done
[0.337s] -- Generating done
[0.342s] -- Build files have been written to: /home/ali/ali_ws/autonomous/build/bumperbot_cpp_examples
[0.358s] [35m[1mConsolidate compiler generated dependencies of target simple_subscriber[0m
[0.358s] [35m[1mConsolidate compiler generated dependencies of target simple_publisher[0m
[0.358s] [35m[1mConsolidate compiler generated dependencies of target simple_parameter[0m
[0.358s] [35m[1mConsolidate compiler generated dependencies of target simple_turtlesim_kinematics[0m
[0.363s] [ 10%] [32mBuilding CXX object CMakeFiles/simple_tf_kinematics.dir/src/simple_tf_kinematics.cpp.o[0m
[0.367s] [ 30%] Built target simple_parameter
[0.369s] [ 50%] Built target simple_turtlesim_kinematics
[0.369s] [ 70%] Built target simple_subscriber
[0.369s] [ 90%] Built target simple_publisher
[2.795s] [100%] [32m[1mLinking CXX executable simple_tf_kinematics[0m
[2.952s] [100%] Built target simple_tf_kinematics
[2.960s] Invoked command in '/home/ali/ali_ws/autonomous/build/bumperbot_cpp_examples' returned '0': AMENT_PREFIX_PATH=/home/ali/ali_ws/autonomous/install/bumperbot_msgs:${AMENT_PREFIX_PATH} CMAKE_PREFIX_PATH=/home/ali/ali_ws/autonomous/install/bumperbot_msgs:/opt/ros/humble LD_LIBRARY_PATH=/home/ali/ali_ws/autonomous/install/bumperbot_msgs/lib:${LD_LIBRARY_PATH} PYTHONPATH=/home/ali/ali_ws/autonomous/install/bumperbot_msgs/local/lib/python3.10/dist-packages:${PYTHONPATH} /usr/bin/cmake --build /home/ali/ali_ws/autonomous/build/bumperbot_cpp_examples -- -j24 -l24
[2.961s] Invoking command in '/home/ali/ali_ws/autonomous/build/bumperbot_cpp_examples': AMENT_PREFIX_PATH=/home/ali/ali_ws/autonomous/install/bumperbot_msgs:${AMENT_PREFIX_PATH} CMAKE_PREFIX_PATH=/home/ali/ali_ws/autonomous/install/bumperbot_msgs:/opt/ros/humble LD_LIBRARY_PATH=/home/ali/ali_ws/autonomous/install/bumperbot_msgs/lib:${LD_LIBRARY_PATH} PYTHONPATH=/home/ali/ali_ws/autonomous/install/bumperbot_msgs/local/lib/python3.10/dist-packages:${PYTHONPATH} /usr/bin/cmake --install /home/ali/ali_ws/autonomous/build/bumperbot_cpp_examples
[2.966s] -- Install configuration: ""
[2.966s] -- Up-to-date: /home/ali/ali_ws/autonomous/install/bumperbot_cpp_examples/include/include
[2.966s] -- Up-to-date: /home/ali/ali_ws/autonomous/install/bumperbot_cpp_examples/include/include/bumperbot_cpp_examples
[2.966s] -- Installing: /home/ali/ali_ws/autonomous/install/bumperbot_cpp_examples/include/include/bumperbot_cpp_examples/simple_tf_kinematics.hpp
[2.966s] -- Up-to-date: /home/ali/ali_ws/autonomous/install/bumperbot_cpp_examples/include/include/bumperbot_cpp_examples/simple_turtlesim_kinematics.hpp
[2.966s] -- Up-to-date: /home/ali/ali_ws/autonomous/install/bumperbot_cpp_examples/lib/bumperbot_cpp_examples/simple_publisher
[2.966s] -- Up-to-date: /home/ali/ali_ws/autonomous/install/bumperbot_cpp_examples/lib/bumperbot_cpp_examples/simple_subscriber
[2.967s] -- Up-to-date: /home/ali/ali_ws/autonomous/install/bumperbot_cpp_examples/lib/bumperbot_cpp_examples/simple_parameter
[2.967s] -- Up-to-date: /home/ali/ali_ws/autonomous/install/bumperbot_cpp_examples/lib/bumperbot_cpp_examples/simple_turtlesim_kinematics
[2.967s] -- Installing: /home/ali/ali_ws/autonomous/install/bumperbot_cpp_examples/lib/bumperbot_cpp_examples/simple_tf_kinematics
[2.968s] -- Set runtime path of "/home/ali/ali_ws/autonomous/install/bumperbot_cpp_examples/lib/bumperbot_cpp_examples/simple_tf_kinematics" to ""
[2.968s] -- Installing: /home/ali/ali_ws/autonomous/install/bumperbot_cpp_examples/share/ament_index/resource_index/package_run_dependencies/bumperbot_cpp_examples
[2.968s] -- Installing: /home/ali/ali_ws/autonomous/install/bumperbot_cpp_examples/share/ament_index/resource_index/parent_prefix_path/bumperbot_cpp_examples
[2.969s] -- Up-to-date: /home/ali/ali_ws/autonomous/install/bumperbot_cpp_examples/share/bumperbot_cpp_examples/environment/ament_prefix_path.sh
[2.969s] -- Installing: /home/ali/ali_ws/autonomous/install/bumperbot_cpp_examples/share/bumperbot_cpp_examples/environment/ament_prefix_path.dsv
[2.969s] -- Up-to-date: /home/ali/ali_ws/autonomous/install/bumperbot_cpp_examples/share/bumperbot_cpp_examples/environment/path.sh
[2.969s] -- Installing: /home/ali/ali_ws/autonomous/install/bumperbot_cpp_examples/share/bumperbot_cpp_examples/environment/path.dsv
[2.969s] -- Up-to-date: /home/ali/ali_ws/autonomous/install/bumperbot_cpp_examples/share/bumperbot_cpp_examples/local_setup.bash
[2.969s] -- Up-to-date: /home/ali/ali_ws/autonomous/install/bumperbot_cpp_examples/share/bumperbot_cpp_examples/local_setup.sh
[2.969s] -- Up-to-date: /home/ali/ali_ws/autonomous/install/bumperbot_cpp_examples/share/bumperbot_cpp_examples/local_setup.zsh
[2.969s] -- Installing: /home/ali/ali_ws/autonomous/install/bumperbot_cpp_examples/share/bumperbot_cpp_examples/local_setup.dsv
[2.969s] -- Installing: /home/ali/ali_ws/autonomous/install/bumperbot_cpp_examples/share/bumperbot_cpp_examples/package.dsv
[2.969s] -- Up-to-date: /home/ali/ali_ws/autonomous/install/bumperbot_cpp_examples/share/ament_index/resource_index/packages/bumperbot_cpp_examples
[2.969s] -- Up-to-date: /home/ali/ali_ws/autonomous/install/bumperbot_cpp_examples/share/bumperbot_cpp_examples/cmake/bumperbot_cpp_examplesConfig.cmake
[2.969s] -- Up-to-date: /home/ali/ali_ws/autonomous/install/bumperbot_cpp_examples/share/bumperbot_cpp_examples/cmake/bumperbot_cpp_examplesConfig-version.cmake
[2.969s] -- Installing: /home/ali/ali_ws/autonomous/install/bumperbot_cpp_examples/share/bumperbot_cpp_examples/package.xml
[2.970s] Invoked command in '/home/ali/ali_ws/autonomous/build/bumperbot_cpp_examples' returned '0': AMENT_PREFIX_PATH=/home/ali/ali_ws/autonomous/install/bumperbot_msgs:${AMENT_PREFIX_PATH} CMAKE_PREFIX_PATH=/home/ali/ali_ws/autonomous/install/bumperbot_msgs:/opt/ros/humble LD_LIBRARY_PATH=/home/ali/ali_ws/autonomous/install/bumperbot_msgs/lib:${LD_LIBRARY_PATH} PYTHONPATH=/home/ali/ali_ws/autonomous/install/bumperbot_msgs/local/lib/python3.10/dist-packages:${PYTHONPATH} /usr/bin/cmake --install /home/ali/ali_ws/autonomous/build/bumperbot_cpp_examples
