[0.011s] Invoking command in '/home/ali/ali_ws/autonomous/src/build/bumperbot_cpp_examples': CMAKE_PREFIX_PATH=/opt/ros/humble /usr/bin/cmake --build /home/ali/ali_ws/autonomous/src/build/bumperbot_cpp_examples -- -j24 -l24
[0.035s] [35m[1mConsolidate compiler generated dependencies of target simple_subscriber[0m
[0.035s] [35m[1mConsolidate compiler generated dependencies of target simple_parameter[0m
[0.035s] [35m[1mConsolidate compiler generated dependencies of target simple_turtlesim_kinematics[0m
[0.040s] [35m[1mConsolidate compiler generated dependencies of target simple_publisher[0m
[0.053s] [ 25%] Built target simple_parameter
[0.053s] [ 50%] Built target simple_turtlesim_kinematics
[0.056s] [ 75%] Built target simple_subscriber
[0.059s] [100%] Built target simple_publisher
[0.156s] Invoked command in '/home/ali/ali_ws/autonomous/src/build/bumperbot_cpp_examples' returned '0': CMAKE_PREFIX_PATH=/opt/ros/humble /usr/bin/cmake --build /home/ali/ali_ws/autonomous/src/build/bumperbot_cpp_examples -- -j24 -l24
[0.163s] Invoking command in '/home/ali/ali_ws/autonomous/src/build/bumperbot_cpp_examples': CMAKE_PREFIX_PATH=/opt/ros/humble /usr/bin/cmake --install /home/ali/ali_ws/autonomous/src/build/bumperbot_cpp_examples
[0.168s] -- Install configuration: ""
[0.168s] -- Installing: /home/ali/ali_ws/autonomous/src/install/bumperbot_cpp_examples/include/include
[0.169s] -- Installing: /home/ali/ali_ws/autonomous/src/install/bumperbot_cpp_examples/include/include/bumperbot_cpp_examples
[0.169s] -- Installing: /home/ali/ali_ws/autonomous/src/install/bumperbot_cpp_examples/include/include/bumperbot_cpp_examples/simple_tf_kinematics.hpp
[0.169s] -- Installing: /home/ali/ali_ws/autonomous/src/install/bumperbot_cpp_examples/include/include/bumperbot_cpp_examples/simple_turtlesim_kinematics.hpp
[0.169s] -- Installing: /home/ali/ali_ws/autonomous/src/install/bumperbot_cpp_examples/lib/bumperbot_cpp_examples/simple_publisher
[0.169s] -- Set runtime path of "/home/ali/ali_ws/autonomous/src/install/bumperbot_cpp_examples/lib/bumperbot_cpp_examples/simple_publisher" to ""
[0.169s] -- Installing: /home/ali/ali_ws/autonomous/src/install/bumperbot_cpp_examples/lib/bumperbot_cpp_examples/simple_subscriber
[0.174s] -- Set runtime path of "/home/ali/ali_ws/autonomous/src/install/bumperbot_cpp_examples/lib/bumperbot_cpp_examples/simple_subscriber" to ""
[0.174s] -- Installing: /home/ali/ali_ws/autonomous/src/install/bumperbot_cpp_examples/lib/bumperbot_cpp_examples/simple_parameter
[0.174s] -- Set runtime path of "/home/ali/ali_ws/autonomous/src/install/bumperbot_cpp_examples/lib/bumperbot_cpp_examples/simple_parameter" to ""
[0.174s] -- Installing: /home/ali/ali_ws/autonomous/src/install/bumperbot_cpp_examples/lib/bumperbot_cpp_examples/simple_turtlesim_kinematics
[0.175s] -- Set runtime path of "/home/ali/ali_ws/autonomous/src/install/bumperbot_cpp_examples/lib/bumperbot_cpp_examples/simple_turtlesim_kinematics" to ""
[0.175s] -- Installing: /home/ali/ali_ws/autonomous/src/install/bumperbot_cpp_examples/share/ament_index/resource_index/package_run_dependencies/bumperbot_cpp_examples
[0.175s] -- Installing: /home/ali/ali_ws/autonomous/src/install/bumperbot_cpp_examples/share/ament_index/resource_index/parent_prefix_path/bumperbot_cpp_examples
[0.175s] -- Installing: /home/ali/ali_ws/autonomous/src/install/bumperbot_cpp_examples/share/bumperbot_cpp_examples/environment/ament_prefix_path.sh
[0.175s] -- Installing: /home/ali/ali_ws/autonomous/src/install/bumperbot_cpp_examples/share/bumperbot_cpp_examples/environment/ament_prefix_path.dsv
[0.175s] -- Installing: /home/ali/ali_ws/autonomous/src/install/bumperbot_cpp_examples/share/bumperbot_cpp_examples/environment/path.sh
[0.175s] -- Installing: /home/ali/ali_ws/autonomous/src/install/bumperbot_cpp_examples/share/bumperbot_cpp_examples/environment/path.dsv
[0.175s] -- Installing: /home/ali/ali_ws/autonomous/src/install/bumperbot_cpp_examples/share/bumperbot_cpp_examples/local_setup.bash
[0.175s] -- Installing: /home/ali/ali_ws/autonomous/src/install/bumperbot_cpp_examples/share/bumperbot_cpp_examples/local_setup.sh
[0.175s] -- Installing: /home/ali/ali_ws/autonomous/src/install/bumperbot_cpp_examples/share/bumperbot_cpp_examples/local_setup.zsh
[0.175s] -- Installing: /home/ali/ali_ws/autonomous/src/install/bumperbot_cpp_examples/share/bumperbot_cpp_examples/local_setup.dsv
[0.175s] -- Installing: /home/ali/ali_ws/autonomous/src/install/bumperbot_cpp_examples/share/bumperbot_cpp_examples/package.dsv
[0.175s] -- Installing: /home/ali/ali_ws/autonomous/src/install/bumperbot_cpp_examples/share/ament_index/resource_index/packages/bumperbot_cpp_examples
[0.175s] -- Installing: /home/ali/ali_ws/autonomous/src/install/bumperbot_cpp_examples/share/bumperbot_cpp_examples/cmake/bumperbot_cpp_examplesConfig.cmake
[0.175s] -- Installing: /home/ali/ali_ws/autonomous/src/install/bumperbot_cpp_examples/share/bumperbot_cpp_examples/cmake/bumperbot_cpp_examplesConfig-version.cmake
[0.175s] -- Installing: /home/ali/ali_ws/autonomous/src/install/bumperbot_cpp_examples/share/bumperbot_cpp_examples/package.xml
[0.184s] Invoked command in '/home/ali/ali_ws/autonomous/src/build/bumperbot_cpp_examples' returned '0': CMAKE_PREFIX_PATH=/opt/ros/humble /usr/bin/cmake --install /home/ali/ali_ws/autonomous/src/build/bumperbot_cpp_examples
