[0.011s] Invoking command in '/home/ali/ali_ws/autonomous/build/bumperbot_controller': CMAKE_PREFIX_PATH=/opt/ros/humble /usr/bin/cmake --build /home/ali/ali_ws/autonomous/build/bumperbot_controller -- -j24 -l24
[0.045s] [100%] Built target simple_controller
[0.139s] Invoked command in '/home/ali/ali_ws/autonomous/build/bumperbot_controller' returned '0': CMAKE_PREFIX_PATH=/opt/ros/humble /usr/bin/cmake --build /home/ali/ali_ws/autonomous/build/bumperbot_controller -- -j24 -l24
[0.140s] Invoking command in '/home/ali/ali_ws/autonomous/build/bumperbot_controller': CMAKE_PREFIX_PATH=/opt/ros/humble /usr/bin/cmake --install /home/ali/ali_ws/autonomous/build/bumperbot_controller
[0.145s] -- Install configuration: ""
[0.145s] -- Up-to-date: /home/ali/ali_ws/autonomous/install/bumperbot_controller/include/include
[0.145s] -- Up-to-date: /home/ali/ali_ws/autonomous/install/bumperbot_controller/include/include/bumperbot_controller
[0.145s] -- Up-to-date: /home/ali/ali_ws/autonomous/install/bumperbot_controller/include/include/bumperbot_controller/simple_controller.hpp
[0.146s] -- Up-to-date: /home/ali/ali_ws/autonomous/install/bumperbot_controller/lib/bumperbot_controller/simple_controller
[0.146s] -- Up-to-date: /home/ali/ali_ws/autonomous/install/bumperbot_controller/share/bumperbot_controller/launch
[0.146s] -- Up-to-date: /home/ali/ali_ws/autonomous/install/bumperbot_controller/share/bumperbot_controller/launch/controller.launch.py
[0.146s] -- Up-to-date: /home/ali/ali_ws/autonomous/install/bumperbot_controller/share/bumperbot_controller/config
[0.146s] -- Up-to-date: /home/ali/ali_ws/autonomous/install/bumperbot_controller/share/bumperbot_controller/config/bumperbot_controllers.yaml
[0.146s] -- Up-to-date: /home/ali/ali_ws/autonomous/install/bumperbot_controller/share/ament_index/resource_index/package_run_dependencies/bumperbot_controller
[0.146s] -- Up-to-date: /home/ali/ali_ws/autonomous/install/bumperbot_controller/share/ament_index/resource_index/parent_prefix_path/bumperbot_controller
[0.146s] -- Up-to-date: /home/ali/ali_ws/autonomous/install/bumperbot_controller/share/bumperbot_controller/environment/ament_prefix_path.sh
[0.146s] -- Up-to-date: /home/ali/ali_ws/autonomous/install/bumperbot_controller/share/bumperbot_controller/environment/ament_prefix_path.dsv
[0.146s] -- Up-to-date: /home/ali/ali_ws/autonomous/install/bumperbot_controller/share/bumperbot_controller/environment/path.sh
[0.146s] -- Up-to-date: /home/ali/ali_ws/autonomous/install/bumperbot_controller/share/bumperbot_controller/environment/path.dsv
[0.146s] -- Up-to-date: /home/ali/ali_ws/autonomous/install/bumperbot_controller/share/bumperbot_controller/local_setup.bash
[0.146s] -- Up-to-date: /home/ali/ali_ws/autonomous/install/bumperbot_controller/share/bumperbot_controller/local_setup.sh
[0.146s] -- Up-to-date: /home/ali/ali_ws/autonomous/install/bumperbot_controller/share/bumperbot_controller/local_setup.zsh
[0.146s] -- Up-to-date: /home/ali/ali_ws/autonomous/install/bumperbot_controller/share/bumperbot_controller/local_setup.dsv
[0.146s] -- Installing: /home/ali/ali_ws/autonomous/install/bumperbot_controller/share/bumperbot_controller/package.dsv
[0.146s] -- Up-to-date: /home/ali/ali_ws/autonomous/install/bumperbot_controller/share/ament_index/resource_index/packages/bumperbot_controller
[0.146s] -- Up-to-date: /home/ali/ali_ws/autonomous/install/bumperbot_controller/share/bumperbot_controller/cmake/bumperbot_controllerConfig.cmake
[0.146s] -- Up-to-date: /home/ali/ali_ws/autonomous/install/bumperbot_controller/share/bumperbot_controller/cmake/bumperbot_controllerConfig-version.cmake
[0.146s] -- Up-to-date: /home/ali/ali_ws/autonomous/install/bumperbot_controller/share/bumperbot_controller/package.xml
[0.153s] Invoked command in '/home/ali/ali_ws/autonomous/build/bumperbot_controller' returned '0': CMAKE_PREFIX_PATH=/opt/ros/humble /usr/bin/cmake --install /home/ali/ali_ws/autonomous/build/bumperbot_controller
