[0.010s] Invoking command in '/home/ali/ali_ws/autonomous/build/bumperbot_controller': CMAKE_PREFIX_PATH=/opt/ros/humble /usr/bin/cmake /home/ali/ali_ws/autonomous/src/bumperbot_controller -DCMAKE_INSTALL_PREFIX=/home/ali/ali_ws/autonomous/install/bumperbot_controller
[0.061s] -- The C compiler identification is GNU 11.4.0
[0.104s] -- The CXX compiler identification is GNU 11.4.0
[0.108s] -- Detecting C compiler ABI info
[0.153s] -- Detecting C compiler ABI info - done
[0.157s] -- Check for working C compiler: /usr/bin/cc - skipped
[0.157s] -- Detecting C compile features
[0.158s] -- Detecting C compile features - done
[0.159s] -- Detecting CXX compiler ABI info
[0.212s] -- Detecting CXX compiler ABI info - done
[0.216s] -- Check for working CXX compiler: /usr/bin/c++ - skipped
[0.216s] -- Detecting CXX compile features
[0.216s] -- Detecting CXX compile features - done
[0.219s] -- Found ament_cmake: 1.3.12 (/opt/ros/humble/share/ament_cmake/cmake)
[0.310s] -- Found Python3: /usr/bin/python3 (found version "3.10.12") found components: Interpreter 
[0.400s] -- Configuring done
[0.401s] -- Generating done
[0.402s] -- Build files have been written to: /home/ali/ali_ws/autonomous/build/bumperbot_controller
[0.405s] Invoked command in '/home/ali/ali_ws/autonomous/build/bumperbot_controller' returned '0': CMAKE_PREFIX_PATH=/opt/ros/humble /usr/bin/cmake /home/ali/ali_ws/autonomous/src/bumperbot_controller -DCMAKE_INSTALL_PREFIX=/home/ali/ali_ws/autonomous/install/bumperbot_controller
[0.406s] Invoking command in '/home/ali/ali_ws/autonomous/build/bumperbot_controller': CMAKE_PREFIX_PATH=/opt/ros/humble /usr/bin/cmake --build /home/ali/ali_ws/autonomous/build/bumperbot_controller -- -j24 -l24
[0.430s] Invoked command in '/home/ali/ali_ws/autonomous/build/bumperbot_controller' returned '0': CMAKE_PREFIX_PATH=/opt/ros/humble /usr/bin/cmake --build /home/ali/ali_ws/autonomous/build/bumperbot_controller -- -j24 -l24
[0.439s] Invoking command in '/home/ali/ali_ws/autonomous/build/bumperbot_controller': CMAKE_PREFIX_PATH=/opt/ros/humble /usr/bin/cmake --install /home/ali/ali_ws/autonomous/build/bumperbot_controller
[0.445s] -- Install configuration: ""
[0.445s] -- Installing: /home/ali/ali_ws/autonomous/install/bumperbot_controller/share/bumperbot_controller/launch
[0.445s] -- Installing: /home/ali/ali_ws/autonomous/install/bumperbot_controller/share/bumperbot_controller/launch/controller.launch.py
[0.445s] -- Installing: /home/ali/ali_ws/autonomous/install/bumperbot_controller/share/bumperbot_controller/config
[0.445s] -- Installing: /home/ali/ali_ws/autonomous/install/bumperbot_controller/share/bumperbot_controller/config/bumperbot_controllers.yaml
[0.445s] -- Installing: /home/ali/ali_ws/autonomous/install/bumperbot_controller/share/ament_index/resource_index/package_run_dependencies/bumperbot_controller
[0.446s] -- Installing: /home/ali/ali_ws/autonomous/install/bumperbot_controller/share/ament_index/resource_index/parent_prefix_path/bumperbot_controller
[0.446s] -- Installing: /home/ali/ali_ws/autonomous/install/bumperbot_controller/share/bumperbot_controller/environment/ament_prefix_path.sh
[0.446s] -- Installing: /home/ali/ali_ws/autonomous/install/bumperbot_controller/share/bumperbot_controller/environment/ament_prefix_path.dsv
[0.446s] -- Installing: /home/ali/ali_ws/autonomous/install/bumperbot_controller/share/bumperbot_controller/environment/path.sh
[0.446s] -- Installing: /home/ali/ali_ws/autonomous/install/bumperbot_controller/share/bumperbot_controller/environment/path.dsv
[0.446s] -- Installing: /home/ali/ali_ws/autonomous/install/bumperbot_controller/share/bumperbot_controller/local_setup.bash
[0.446s] -- Installing: /home/ali/ali_ws/autonomous/install/bumperbot_controller/share/bumperbot_controller/local_setup.sh
[0.446s] -- Installing: /home/ali/ali_ws/autonomous/install/bumperbot_controller/share/bumperbot_controller/local_setup.zsh
[0.446s] -- Installing: /home/ali/ali_ws/autonomous/install/bumperbot_controller/share/bumperbot_controller/local_setup.dsv
[0.446s] -- Installing: /home/ali/ali_ws/autonomous/install/bumperbot_controller/share/bumperbot_controller/package.dsv
[0.446s] -- Installing: /home/ali/ali_ws/autonomous/install/bumperbot_controller/share/ament_index/resource_index/packages/bumperbot_controller
[0.446s] -- Installing: /home/ali/ali_ws/autonomous/install/bumperbot_controller/share/bumperbot_controller/cmake/bumperbot_controllerConfig.cmake
[0.446s] -- Installing: /home/ali/ali_ws/autonomous/install/bumperbot_controller/share/bumperbot_controller/cmake/bumperbot_controllerConfig-version.cmake
[0.446s] -- Installing: /home/ali/ali_ws/autonomous/install/bumperbot_controller/share/bumperbot_controller/package.xml
[0.447s] Invoked command in '/home/ali/ali_ws/autonomous/build/bumperbot_controller' returned '0': CMAKE_PREFIX_PATH=/opt/ros/humble /usr/bin/cmake --install /home/ali/ali_ws/autonomous/build/bumperbot_controller
