[0.403s] Invoking command in '/home/ali/ali_ws/autonomous/src/bumperbot_py_examples': PYTHONPATH=/home/ali/ali_ws/autonomous/src/build/bumperbot_py_examples/prefix_override:/usr/lib/python3/dist-packages/colcon_core/task/python/colcon_distutils_commands:/home/ali/ali_ws/autonomous/src/install/bumperbot_py_examples/lib/python3.10/site-packages:${PYTHONPATH} /usr/bin/python3 -W ignore:setup.py install is deprecated -W ignore:easy_install command is deprecated setup.py egg_info --egg-base ../build/bumperbot_py_examples build --build-base /home/ali/ali_ws/autonomous/src/build/bumperbot_py_examples/build install --record /home/ali/ali_ws/autonomous/src/build/bumperbot_py_examples/install.log --single-version-externally-managed install_data
[0.514s] running egg_info
[0.514s] creating ../build/bumperbot_py_examples/bumperbot_py_examples.egg-info
[0.515s] writing ../build/bumperbot_py_examples/bumperbot_py_examples.egg-info/PKG-INFO
[0.515s] writing dependency_links to ../build/bumperbot_py_examples/bumperbot_py_examples.egg-info/dependency_links.txt
[0.515s] writing entry points to ../build/bumperbot_py_examples/bumperbot_py_examples.egg-info/entry_points.txt
[0.515s] writing requirements to ../build/bumperbot_py_examples/bumperbot_py_examples.egg-info/requires.txt
[0.515s] writing top-level names to ../build/bumperbot_py_examples/bumperbot_py_examples.egg-info/top_level.txt
[0.515s] writing manifest file '../build/bumperbot_py_examples/bumperbot_py_examples.egg-info/SOURCES.txt'
[0.515s] reading manifest file '../build/bumperbot_py_examples/bumperbot_py_examples.egg-info/SOURCES.txt'
[0.516s] writing manifest file '../build/bumperbot_py_examples/bumperbot_py_examples.egg-info/SOURCES.txt'
[0.516s] running build
[0.516s] running build_py
[0.516s] creating /home/ali/ali_ws/autonomous/src/build/bumperbot_py_examples/build
[0.516s] creating /home/ali/ali_ws/autonomous/src/build/bumperbot_py_examples/build/lib
[0.516s] creating /home/ali/ali_ws/autonomous/src/build/bumperbot_py_examples/build/lib/bumperbot_py_examples
[0.516s] copying bumperbot_py_examples/simple_publisher.py -> /home/ali/ali_ws/autonomous/src/build/bumperbot_py_examples/build/lib/bumperbot_py_examples
[0.516s] copying bumperbot_py_examples/simple_subscriber.py -> /home/ali/ali_ws/autonomous/src/build/bumperbot_py_examples/build/lib/bumperbot_py_examples
[0.517s] copying bumperbot_py_examples/simple_parameter.py -> /home/ali/ali_ws/autonomous/src/build/bumperbot_py_examples/build/lib/bumperbot_py_examples
[0.517s] copying bumperbot_py_examples/__init__.py -> /home/ali/ali_ws/autonomous/src/build/bumperbot_py_examples/build/lib/bumperbot_py_examples
[0.517s] running install
[0.517s] running install_lib
[0.517s] creating /home/ali/ali_ws/autonomous/src/install/bumperbot_py_examples/lib/python3.10/site-packages/bumperbot_py_examples
[0.517s] copying /home/ali/ali_ws/autonomous/src/build/bumperbot_py_examples/build/lib/bumperbot_py_examples/simple_publisher.py -> /home/ali/ali_ws/autonomous/src/install/bumperbot_py_examples/lib/python3.10/site-packages/bumperbot_py_examples
[0.517s] copying /home/ali/ali_ws/autonomous/src/build/bumperbot_py_examples/build/lib/bumperbot_py_examples/simple_subscriber.py -> /home/ali/ali_ws/autonomous/src/install/bumperbot_py_examples/lib/python3.10/site-packages/bumperbot_py_examples
[0.518s] copying /home/ali/ali_ws/autonomous/src/build/bumperbot_py_examples/build/lib/bumperbot_py_examples/simple_parameter.py -> /home/ali/ali_ws/autonomous/src/install/bumperbot_py_examples/lib/python3.10/site-packages/bumperbot_py_examples
[0.518s] copying /home/ali/ali_ws/autonomous/src/build/bumperbot_py_examples/build/lib/bumperbot_py_examples/__init__.py -> /home/ali/ali_ws/autonomous/src/install/bumperbot_py_examples/lib/python3.10/site-packages/bumperbot_py_examples
[0.518s] byte-compiling /home/ali/ali_ws/autonomous/src/install/bumperbot_py_examples/lib/python3.10/site-packages/bumperbot_py_examples/simple_publisher.py to simple_publisher.cpython-310.pyc
[0.518s] byte-compiling /home/ali/ali_ws/autonomous/src/install/bumperbot_py_examples/lib/python3.10/site-packages/bumperbot_py_examples/simple_subscriber.py to simple_subscriber.cpython-310.pyc
[0.518s] byte-compiling /home/ali/ali_ws/autonomous/src/install/bumperbot_py_examples/lib/python3.10/site-packages/bumperbot_py_examples/simple_parameter.py to simple_parameter.cpython-310.pyc
[0.518s] byte-compiling /home/ali/ali_ws/autonomous/src/install/bumperbot_py_examples/lib/python3.10/site-packages/bumperbot_py_examples/__init__.py to __init__.cpython-310.pyc
[0.518s] running install_data
[0.518s] creating /home/ali/ali_ws/autonomous/src/install/bumperbot_py_examples/share/ament_index
[0.518s] creating /home/ali/ali_ws/autonomous/src/install/bumperbot_py_examples/share/ament_index/resource_index
[0.519s] creating /home/ali/ali_ws/autonomous/src/install/bumperbot_py_examples/share/ament_index/resource_index/packages
[0.519s] copying resource/bumperbot_py_examples -> /home/ali/ali_ws/autonomous/src/install/bumperbot_py_examples/share/ament_index/resource_index/packages
[0.519s] copying package.xml -> /home/ali/ali_ws/autonomous/src/install/bumperbot_py_examples/share/bumperbot_py_examples
[0.519s] running install_egg_info
[0.520s] Copying ../build/bumperbot_py_examples/bumperbot_py_examples.egg-info to /home/ali/ali_ws/autonomous/src/install/bumperbot_py_examples/lib/python3.10/site-packages/bumperbot_py_examples-0.0.0-py3.10.egg-info
[0.520s] running install_scripts
[0.533s] Installing simple_parameter script to /home/ali/ali_ws/autonomous/src/install/bumperbot_py_examples/lib/bumperbot_py_examples
[0.533s] Installing simple_publisher script to /home/ali/ali_ws/autonomous/src/install/bumperbot_py_examples/lib/bumperbot_py_examples
[0.533s] Installing simple_subscriber script to /home/ali/ali_ws/autonomous/src/install/bumperbot_py_examples/lib/bumperbot_py_examples
[0.533s] writing list of installed files to '/home/ali/ali_ws/autonomous/src/build/bumperbot_py_examples/install.log'
[0.554s] Invoked command in '/home/ali/ali_ws/autonomous/src/bumperbot_py_examples' returned '0': PYTHONPATH=/home/ali/ali_ws/autonomous/src/build/bumperbot_py_examples/prefix_override:/usr/lib/python3/dist-packages/colcon_core/task/python/colcon_distutils_commands:/home/ali/ali_ws/autonomous/src/install/bumperbot_py_examples/lib/python3.10/site-packages:${PYTHONPATH} /usr/bin/python3 -W ignore:setup.py install is deprecated -W ignore:easy_install command is deprecated setup.py egg_info --egg-base ../build/bumperbot_py_examples build --build-base /home/ali/ali_ws/autonomous/src/build/bumperbot_py_examples/build install --record /home/ali/ali_ws/autonomous/src/build/bumperbot_py_examples/install.log --single-version-externally-managed install_data
