-- Found ament_cmake: 1.3.12 (/opt/ros/humble/share/ament_cmake/cmake)
-- Found rclpy: 3.3.17 (/opt/ros/humble/share/rclpy/cmake)
-- Found std_msgs: 4.9.0 (/opt/ros/humble/share/std_msgs/cmake)
-- Found rosidl_generator_c: 3.1.7 (/opt/ros/humble/share/rosidl_generator_c/cmake)
-- Found rosidl_adapter: 3.1.7 (/opt/ros/humble/share/rosidl_adapter/cmake)
-- Found rosidl_generator_cpp: 3.1.7 (/opt/ros/humble/share/rosidl_generator_cpp/cmake)
-- Using all available rosidl_typesupport_c: rosidl_typesupport_fastrtps_c;rosidl_typesupport_introspection_c
-- Using all available rosidl_typesupport_cpp: rosidl_typesupport_fastrtps_cpp;rosidl_typesupport_introspection_cpp
-- Found geometry_msgs: 4.9.0 (/opt/ros/humble/share/geometry_msgs/cmake)
-- Found rclcpp: 16.0.15 (/opt/ros/humble/share/rclcpp/cmake)
-- Found rmw_implementation_cmake: 6.1.2 (/opt/ros/humble/share/rmw_implementation_cmake/cmake)
-- Found rmw_fastrtps_cpp: 6.2.8 (/opt/ros/humble/share/rmw_fastrtps_cpp/cmake)
-- Using RMW implementation 'rmw_fastrtps_cpp' as default
-- Configuring done
-- Generating done
-- Build files have been written to: /home/ali/ali_ws/autonomous/build/bumperbot_controller
[35m[1mConsolidate compiler generated dependencies of target simple_controller[0m
[100%] Built target simple_controller
-- Install configuration: ""
-- Up-to-date: /home/ali/ali_ws/autonomous/install/bumperbot_controller/include/include
-- Up-to-date: /home/ali/ali_ws/autonomous/install/bumperbot_controller/include/include/bumperbot_controller
-- Up-to-date: /home/ali/ali_ws/autonomous/install/bumperbot_controller/include/include/bumperbot_controller/simple_controller.hpp
-- Up-to-date: /home/ali/ali_ws/autonomous/install/bumperbot_controller/lib/bumperbot_controller/simple_controller
-- Up-to-date: /home/ali/ali_ws/autonomous/install/bumperbot_controller/share/bumperbot_controller/launch
-- Up-to-date: /home/ali/ali_ws/autonomous/install/bumperbot_controller/share/bumperbot_controller/launch/controller.launch.py
-- Up-to-date: /home/ali/ali_ws/autonomous/install/bumperbot_controller/share/bumperbot_controller/config
-- Up-to-date: /home/ali/ali_ws/autonomous/install/bumperbot_controller/share/bumperbot_controller/config/bumperbot_controllers.yaml
-- Installing: /home/ali/ali_ws/autonomous/install/bumperbot_controller/share/ament_index/resource_index/package_run_dependencies/bumperbot_controller
-- Installing: /home/ali/ali_ws/autonomous/install/bumperbot_controller/share/ament_index/resource_index/parent_prefix_path/bumperbot_controller
-- Up-to-date: /home/ali/ali_ws/autonomous/install/bumperbot_controller/share/bumperbot_controller/environment/ament_prefix_path.sh
-- Installing: /home/ali/ali_ws/autonomous/install/bumperbot_controller/share/bumperbot_controller/environment/ament_prefix_path.dsv
-- Up-to-date: /home/ali/ali_ws/autonomous/install/bumperbot_controller/share/bumperbot_controller/environment/path.sh
-- Installing: /home/ali/ali_ws/autonomous/install/bumperbot_controller/share/bumperbot_controller/environment/path.dsv
-- Up-to-date: /home/ali/ali_ws/autonomous/install/bumperbot_controller/share/bumperbot_controller/local_setup.bash
-- Up-to-date: /home/ali/ali_ws/autonomous/install/bumperbot_controller/share/bumperbot_controller/local_setup.sh
-- Up-to-date: /home/ali/ali_ws/autonomous/install/bumperbot_controller/share/bumperbot_controller/local_setup.zsh
-- Installing: /home/ali/ali_ws/autonomous/install/bumperbot_controller/share/bumperbot_controller/local_setup.dsv
-- Installing: /home/ali/ali_ws/autonomous/install/bumperbot_controller/share/bumperbot_controller/package.dsv
-- Up-to-date: /home/ali/ali_ws/autonomous/install/bumperbot_controller/share/ament_index/resource_index/packages/bumperbot_controller
-- Up-to-date: /home/ali/ali_ws/autonomous/install/bumperbot_controller/share/bumperbot_controller/cmake/bumperbot_controllerConfig.cmake
-- Up-to-date: /home/ali/ali_ws/autonomous/install/bumperbot_controller/share/bumperbot_controller/cmake/bumperbot_controllerConfig-version.cmake
-- Installing: /home/ali/ali_ws/autonomous/install/bumperbot_controller/share/bumperbot_controller/package.xml
