[0.010s] Invoking command in '/home/ali/ali_ws/autonomous/build/bumperbot_controller': CMAKE_PREFIX_PATH=${CMAKE_PREFIX_PATH}:/home/ali/ali_ws/autonomous/install/bumperbot_py_examples:/opt/ros/humble /usr/bin/cmake --build /home/ali/ali_ws/autonomous/build/bumperbot_controller -- -j24 -l24
[0.027s] -- Found ament_cmake: 1.3.12 (/opt/ros/humble/share/ament_cmake/cmake)
[0.100s] -- Found rclpy: 3.3.17 (/opt/ros/humble/share/rclpy/cmake)
[0.100s] -- Found std_msgs: 4.9.0 (/opt/ros/humble/share/std_msgs/cmake)
[0.112s] -- Found rosidl_generator_c: 3.1.7 (/opt/ros/humble/share/rosidl_generator_c/cmake)
[0.113s] -- Found rosidl_adapter: 3.1.7 (/opt/ros/humble/share/rosidl_adapter/cmake)
[0.116s] -- Found rosidl_generator_cpp: 3.1.7 (/opt/ros/humble/share/rosidl_generator_cpp/cmake)
[0.120s] -- Using all available rosidl_typesupport_c: rosidl_typesupport_fastrtps_c;rosidl_typesupport_introspection_c
[0.126s] -- Using all available rosidl_typesupport_cpp: rosidl_typesupport_fastrtps_cpp;rosidl_typesupport_introspection_cpp
[0.137s] -- Found geometry_msgs: 4.9.0 (/opt/ros/humble/share/geometry_msgs/cmake)
[0.142s] -- Found rclcpp: 16.0.15 (/opt/ros/humble/share/rclcpp/cmake)
[0.154s] -- Found rmw_implementation_cmake: 6.1.2 (/opt/ros/humble/share/rmw_implementation_cmake/cmake)
[0.155s] -- Found rmw_fastrtps_cpp: 6.2.8 (/opt/ros/humble/share/rmw_fastrtps_cpp/cmake)
[0.213s] -- Using RMW implementation 'rmw_fastrtps_cpp' as default
[0.271s] -- Configuring done
[0.276s] -- Generating done
[0.278s] -- Build files have been written to: /home/ali/ali_ws/autonomous/build/bumperbot_controller
[0.296s] [35m[1mConsolidate compiler generated dependencies of target simple_controller[0m
[0.310s] [100%] Built target simple_controller
[0.317s] Invoked command in '/home/ali/ali_ws/autonomous/build/bumperbot_controller' returned '0': CMAKE_PREFIX_PATH=${CMAKE_PREFIX_PATH}:/home/ali/ali_ws/autonomous/install/bumperbot_py_examples:/opt/ros/humble /usr/bin/cmake --build /home/ali/ali_ws/autonomous/build/bumperbot_controller -- -j24 -l24
[0.318s] Invoking command in '/home/ali/ali_ws/autonomous/build/bumperbot_controller': CMAKE_PREFIX_PATH=${CMAKE_PREFIX_PATH}:/home/ali/ali_ws/autonomous/install/bumperbot_py_examples:/opt/ros/humble /usr/bin/cmake --install /home/ali/ali_ws/autonomous/build/bumperbot_controller
[0.322s] -- Install configuration: ""
[0.322s] -- Up-to-date: /home/ali/ali_ws/autonomous/install/bumperbot_controller/include/include
[0.322s] -- Up-to-date: /home/ali/ali_ws/autonomous/install/bumperbot_controller/include/include/bumperbot_controller
[0.322s] -- Up-to-date: /home/ali/ali_ws/autonomous/install/bumperbot_controller/include/include/bumperbot_controller/simple_controller.hpp
[0.322s] -- Up-to-date: /home/ali/ali_ws/autonomous/install/bumperbot_controller/lib/bumperbot_controller/simple_controller
[0.322s] -- Up-to-date: /home/ali/ali_ws/autonomous/install/bumperbot_controller/share/bumperbot_controller/launch
[0.322s] -- Up-to-date: /home/ali/ali_ws/autonomous/install/bumperbot_controller/share/bumperbot_controller/launch/controller.launch.py
[0.322s] -- Up-to-date: /home/ali/ali_ws/autonomous/install/bumperbot_controller/share/bumperbot_controller/config
[0.322s] -- Up-to-date: /home/ali/ali_ws/autonomous/install/bumperbot_controller/share/bumperbot_controller/config/bumperbot_controllers.yaml
[0.322s] -- Installing: /home/ali/ali_ws/autonomous/install/bumperbot_controller/share/ament_index/resource_index/package_run_dependencies/bumperbot_controller
[0.322s] -- Installing: /home/ali/ali_ws/autonomous/install/bumperbot_controller/share/ament_index/resource_index/parent_prefix_path/bumperbot_controller
[0.322s] -- Up-to-date: /home/ali/ali_ws/autonomous/install/bumperbot_controller/share/bumperbot_controller/environment/ament_prefix_path.sh
[0.322s] -- Installing: /home/ali/ali_ws/autonomous/install/bumperbot_controller/share/bumperbot_controller/environment/ament_prefix_path.dsv
[0.322s] -- Up-to-date: /home/ali/ali_ws/autonomous/install/bumperbot_controller/share/bumperbot_controller/environment/path.sh
[0.322s] -- Installing: /home/ali/ali_ws/autonomous/install/bumperbot_controller/share/bumperbot_controller/environment/path.dsv
[0.322s] -- Up-to-date: /home/ali/ali_ws/autonomous/install/bumperbot_controller/share/bumperbot_controller/local_setup.bash
[0.322s] -- Up-to-date: /home/ali/ali_ws/autonomous/install/bumperbot_controller/share/bumperbot_controller/local_setup.sh
[0.322s] -- Up-to-date: /home/ali/ali_ws/autonomous/install/bumperbot_controller/share/bumperbot_controller/local_setup.zsh
[0.322s] -- Installing: /home/ali/ali_ws/autonomous/install/bumperbot_controller/share/bumperbot_controller/local_setup.dsv
[0.322s] -- Installing: /home/ali/ali_ws/autonomous/install/bumperbot_controller/share/bumperbot_controller/package.dsv
[0.322s] -- Up-to-date: /home/ali/ali_ws/autonomous/install/bumperbot_controller/share/ament_index/resource_index/packages/bumperbot_controller
[0.322s] -- Up-to-date: /home/ali/ali_ws/autonomous/install/bumperbot_controller/share/bumperbot_controller/cmake/bumperbot_controllerConfig.cmake
[0.322s] -- Up-to-date: /home/ali/ali_ws/autonomous/install/bumperbot_controller/share/bumperbot_controller/cmake/bumperbot_controllerConfig-version.cmake
[0.322s] -- Installing: /home/ali/ali_ws/autonomous/install/bumperbot_controller/share/bumperbot_controller/package.xml
[0.323s] Invoked command in '/home/ali/ali_ws/autonomous/build/bumperbot_controller' returned '0': CMAKE_PREFIX_PATH=${CMAKE_PREFIX_PATH}:/home/ali/ali_ws/autonomous/install/bumperbot_py_examples:/opt/ros/humble /usr/bin/cmake --install /home/ali/ali_ws/autonomous/build/bumperbot_controller
