[0.008s] Invoking command in '/home/ali/ali_ws/autonomous/build/bumperbot_cpp_examples': CMAKE_PREFIX_PATH=${CMAKE_PREFIX_PATH}:/home/ali/ali_ws/autonomous/install/bumperbot_py_examples:/opt/ros/humble /usr/bin/cmake --build /home/ali/ali_ws/autonomous/build/bumperbot_cpp_examples -- -j24 -l24
[0.023s] -- Found ament_cmake: 1.3.12 (/opt/ros/humble/share/ament_cmake/cmake)
[0.094s] -- Found rclcpp: 16.0.15 (/opt/ros/humble/share/rclcpp/cmake)
[0.115s] -- Found rosidl_generator_c: 3.1.7 (/opt/ros/humble/share/rosidl_generator_c/cmake)
[0.117s] -- Found rosidl_adapter: 3.1.7 (/opt/ros/humble/share/rosidl_adapter/cmake)
[0.122s] -- Found rosidl_generator_cpp: 3.1.7 (/opt/ros/humble/share/rosidl_generator_cpp/cmake)
[0.130s] -- Using all available rosidl_typesupport_c: rosidl_typesupport_fastrtps_c;rosidl_typesupport_introspection_c
[0.138s] -- Using all available rosidl_typesupport_cpp: rosidl_typesupport_fastrtps_cpp;rosidl_typesupport_introspection_cpp
[0.160s] -- Found rmw_implementation_cmake: 6.1.2 (/opt/ros/humble/share/rmw_implementation_cmake/cmake)
[0.161s] -- Found rmw_fastrtps_cpp: 6.2.8 (/opt/ros/humble/share/rmw_fastrtps_cpp/cmake)
[0.225s] -- Using RMW implementation 'rmw_fastrtps_cpp' as default
[0.250s] -- Found turtlesim: 1.4.2 (/opt/ros/humble/share/turtlesim/cmake)
[0.308s] -- Configuring done
[0.316s] -- Generating done
[0.320s] -- Build files have been written to: /home/ali/ali_ws/autonomous/build/bumperbot_cpp_examples
[0.336s] [35m[1mConsolidate compiler generated dependencies of target simple_subscriber[0m
[0.336s] [35m[1mConsolidate compiler generated dependencies of target simple_parameter[0m
[0.336s] [35m[1mConsolidate compiler generated dependencies of target simple_publisher[0m
[0.343s] [ 12%] [32mBuilding CXX object CMakeFiles/simple_turtlesim_kinematics.dir/src/simple_turtlesim_kinematics.cpp.o[0m
[0.345s] [ 25%] [32mBuilding CXX object CMakeFiles/simple_subscriber.dir/src/simple_subscriber.cpp.o[0m
[0.346s] [ 37%] [32mBuilding CXX object CMakeFiles/simple_parameter.dir/src/simple_parameter.cpp.o[0m
[0.349s] [ 50%] [32mBuilding CXX object CMakeFiles/simple_publisher.dir/src/simple_publisher.cpp.o[0m
[1.587s] [01m[K/home/ali/ali_ws/autonomous/src/bumperbot_cpp_examples/src/simple_turtlesim_kinematics.cpp:[m[K In constructor ‘[01m[KSimpleTurtlesimKinematics::SimpleTurtlesimKinematics(const string&)[m[K’:
[1.587s] [01m[K/home/ali/ali_ws/autonomous/src/bumperbot_cpp_examples/src/simple_turtlesim_kinematics.cpp:5:5:[m[K [01;31m[Kerror: [m[K‘[01m[Kturtle1_psoe_sub_[m[K’ was not declared in this scope; did you mean ‘[01m[Kturtle1_pose_sub_[m[K’?
[1.588s]     5 |     [01;31m[Kturtle1_psoe_sub_[m[K= create
[1.588s]       |     [01;31m[K^~~~~~~~~~~~~~~~~[m[K
[1.588s]       |     [32m[Kturtle1_pose_sub_[m[K
[1.590s] [01m[K/home/ali/ali_ws/autonomous/src/bumperbot_cpp_examples/src/simple_turtlesim_kinematics.cpp:5:24:[m[K [01;31m[Kerror: [m[K‘[01m[Kcreate[m[K’ was not declared in this scope
[1.590s]     5 |     turtle1_psoe_sub_= [01;31m[Kcreate[m[K
[1.590s]       |                        [01;31m[K^~~~~~[m[K
[1.818s] gmake[2]: *** [CMakeFiles/simple_turtlesim_kinematics.dir/build.make:76: CMakeFiles/simple_turtlesim_kinematics.dir/src/simple_turtlesim_kinematics.cpp.o] Error 1
[1.818s] gmake[1]: *** [CMakeFiles/Makefile2:221: CMakeFiles/simple_turtlesim_kinematics.dir/all] Error 2
[1.819s] gmake[1]: *** Waiting for unfinished jobs....
[1.921s] [ 62%] [32m[1mLinking CXX executable simple_parameter[0m
[1.988s] [ 62%] Built target simple_parameter
[2.557s] [ 75%] [32m[1mLinking CXX executable simple_publisher[0m
[2.655s] [ 75%] Built target simple_publisher
[4.300s] [ 87%] [32m[1mLinking CXX executable simple_subscriber[0m
[4.480s] [ 87%] Built target simple_subscriber
[4.481s] gmake: *** [Makefile:146: all] Error 2
[4.482s] Invoked command in '/home/ali/ali_ws/autonomous/build/bumperbot_cpp_examples' returned '2': CMAKE_PREFIX_PATH=${CMAKE_PREFIX_PATH}:/home/ali/ali_ws/autonomous/install/bumperbot_py_examples:/opt/ros/humble /usr/bin/cmake --build /home/ali/ali_ws/autonomous/build/bumperbot_cpp_examples -- -j24 -l24
