[0.009s] Invoking command in '/home/ali/ali_ws/autonomous/src/build/bumperbot_msgs': CMAKE_PREFIX_PATH=/opt/ros/humble /usr/bin/cmake --build /home/ali/ali_ws/autonomous/src/build/bumperbot_msgs -- -j24 -l24
[0.025s] -- Found ament_cmake: 1.3.12 (/opt/ros/humble/share/ament_cmake/cmake)
[0.090s] -- Found geometry_msgs: 4.9.0 (/opt/ros/humble/share/geometry_msgs/cmake)
[0.105s] -- Found rosidl_generator_c: 3.1.7 (/opt/ros/humble/share/rosidl_generator_c/cmake)
[0.106s] -- Found rosidl_adapter: 3.1.7 (/opt/ros/humble/share/rosidl_adapter/cmake)
[0.109s] -- Found rosidl_generator_cpp: 3.1.7 (/opt/ros/humble/share/rosidl_generator_cpp/cmake)
[0.115s] -- Using all available rosidl_typesupport_c: rosidl_typesupport_fastrtps_c;rosidl_typesupport_introspection_c
[0.121s] -- Using all available rosidl_typesupport_cpp: rosidl_typesupport_fastrtps_cpp;rosidl_typesupport_introspection_cpp
[0.141s] -- Found rosidl_default_generators: 1.2.0 (/opt/ros/humble/share/rosidl_default_generators/cmake)
[0.288s] -- Found ament_cmake_ros: 0.10.0 (/opt/ros/humble/share/ament_cmake_ros/cmake)
[0.540s] -- Using all available rosidl_typesupport_c: rosidl_typesupport_fastrtps_c;rosidl_typesupport_introspection_c
[0.637s] -- Using all available rosidl_typesupport_cpp: rosidl_typesupport_fastrtps_cpp;rosidl_typesupport_introspection_cpp
[0.653s] -- Found python_cmake_module: 0.10.0 (/opt/ros/humble/share/python_cmake_module/cmake)
[0.672s] -- Using PYTHON_EXECUTABLE: /usr/bin/python3
[0.672s] -- Using PYTHON_INCLUDE_DIRS: /usr/include/python3.10
[0.672s] -- Using PYTHON_LIBRARIES: /usr/lib/x86_64-linux-gnu/libpython3.10.so
[0.700s] -- Configuring done
[0.715s] -- Generating done
[0.721s] -- Build files have been written to: /home/ali/ali_ws/autonomous/src/build/bumperbot_msgs
[0.739s] [  2%] [34m[1mGenerating C code for ROS interfaces[0m
[0.747s] [  5%] [34m[1mGenerating C++ code for ROS interfaces[0m
[0.751s] [  5%] Built target ament_cmake_python_copy_bumperbot_msgs
[0.866s] running egg_info
[0.866s] writing bumperbot_msgs.egg-info/PKG-INFO
[0.866s] writing dependency_links to bumperbot_msgs.egg-info/dependency_links.txt
[0.866s] writing top-level names to bumperbot_msgs.egg-info/top_level.txt
[0.867s] reading manifest file 'bumperbot_msgs.egg-info/SOURCES.txt'
[0.867s] writing manifest file 'bumperbot_msgs.egg-info/SOURCES.txt'
[0.880s] [  5%] Built target ament_cmake_python_build_bumperbot_msgs_egg
[0.918s] [35m[1mConsolidate compiler generated dependencies of target bumperbot_msgs__rosidl_generator_c[0m
[0.923s] [  5%] Built target bumperbot_msgs__cpp
[0.925s] [  7%] [32mBuilding C object CMakeFiles/bumperbot_msgs__rosidl_generator_c.dir/rosidl_generator_c/bumperbot_msgs/srv/detail/get_transform__functions.c.o[0m
[0.926s] [ 10%] [32mBuilding C object CMakeFiles/bumperbot_msgs__rosidl_generator_c.dir/rosidl_generator_c/bumperbot_msgs/srv/detail/add_two_ints__functions.c.o[0m
[0.928s] [ 12%] [34m[1mGenerating C++ type support dispatch for ROS interfaces[0m
[0.929s] [ 15%] [34m[1mGenerating C++ introspection for ROS interfaces[0m
[0.929s] [ 17%] [34m[1mGenerating C++ type support for eProsima Fast-RTPS[0m
[0.960s] [ 20%] [32m[1mLinking C shared library libbumperbot_msgs__rosidl_generator_c.so[0m
[0.985s] [ 20%] Built target bumperbot_msgs__rosidl_generator_c
[0.992s] [ 25%] [34m[1mGenerating C type support for eProsima Fast-RTPS[0m
[0.992s] [ 25%] [34m[1mGenerating C introspection for ROS interfaces[0m
[0.992s] [ 28%] [34m[1mGenerating C type support dispatch for ROS interfaces[0m
[1.072s] [35m[1mConsolidate compiler generated dependencies of target bumperbot_msgs__rosidl_typesupport_cpp[0m
[1.081s] [ 30%] [32mBuilding CXX object CMakeFiles/bumperbot_msgs__rosidl_typesupport_cpp.dir/rosidl_typesupport_cpp/bumperbot_msgs/srv/add_two_ints__type_support.cpp.o[0m
[1.081s] [ 33%] [32mBuilding CXX object CMakeFiles/bumperbot_msgs__rosidl_typesupport_cpp.dir/rosidl_typesupport_cpp/bumperbot_msgs/srv/get_transform__type_support.cpp.o[0m
[1.086s] [35m[1mConsolidate compiler generated dependencies of target bumperbot_msgs__rosidl_typesupport_introspection_cpp[0m
[1.092s] [ 35%] [32mBuilding CXX object CMakeFiles/bumperbot_msgs__rosidl_typesupport_introspection_cpp.dir/rosidl_typesupport_introspection_cpp/bumperbot_msgs/srv/detail/get_transform__type_support.cpp.o[0m
[1.092s] [ 38%] [32mBuilding CXX object CMakeFiles/bumperbot_msgs__rosidl_typesupport_introspection_cpp.dir/rosidl_typesupport_introspection_cpp/bumperbot_msgs/srv/detail/add_two_ints__type_support.cpp.o[0m
[1.097s] [35m[1mConsolidate compiler generated dependencies of target bumperbot_msgs__rosidl_typesupport_fastrtps_cpp[0m
[1.107s] [ 43%] [32mBuilding CXX object CMakeFiles/bumperbot_msgs__rosidl_typesupport_fastrtps_cpp.dir/rosidl_typesupport_fastrtps_cpp/bumperbot_msgs/srv/detail/dds_fastrtps/get_transform__type_support.cpp.o[0m
[1.107s] [ 43%] [32mBuilding CXX object CMakeFiles/bumperbot_msgs__rosidl_typesupport_fastrtps_cpp.dir/rosidl_typesupport_fastrtps_cpp/bumperbot_msgs/srv/detail/dds_fastrtps/add_two_ints__type_support.cpp.o[0m
[1.147s] [ 48%] [32mBuilding CXX object CMakeFiles/bumperbot_msgs__rosidl_typesupport_c.dir/rosidl_typesupport_c/bumperbot_msgs/srv/get_transform__type_support.cpp.o[0m
[1.147s] [ 48%] [32mBuilding CXX object CMakeFiles/bumperbot_msgs__rosidl_typesupport_c.dir/rosidl_typesupport_c/bumperbot_msgs/srv/add_two_ints__type_support.cpp.o[0m
[1.167s] [ 51%] [32m[1mLinking CXX shared library libbumperbot_msgs__rosidl_typesupport_c.so[0m
[1.167s] [ 53%] [32mBuilding CXX object CMakeFiles/bumperbot_msgs__rosidl_typesupport_fastrtps_c.dir/rosidl_typesupport_fastrtps_c/bumperbot_msgs/srv/detail/add_two_ints__type_support_c.cpp.o[0m
[1.168s] [ 56%] [32mBuilding C object CMakeFiles/bumperbot_msgs__rosidl_typesupport_introspection_c.dir/rosidl_typesupport_introspection_c/bumperbot_msgs/srv/detail/get_transform__type_support.c.o[0m
[1.168s] [ 58%] [32mBuilding CXX object CMakeFiles/bumperbot_msgs__rosidl_typesupport_fastrtps_c.dir/rosidl_typesupport_fastrtps_c/bumperbot_msgs/srv/detail/get_transform__type_support_c.cpp.o[0m
[1.169s] [ 61%] [32mBuilding C object CMakeFiles/bumperbot_msgs__rosidl_typesupport_introspection_c.dir/rosidl_typesupport_introspection_c/bumperbot_msgs/srv/detail/add_two_ints__type_support.c.o[0m
[1.193s] [ 61%] Built target bumperbot_msgs__rosidl_typesupport_c
[1.193s] [ 64%] [32m[1mLinking C shared library libbumperbot_msgs__rosidl_typesupport_introspection_c.so[0m
[1.211s] [ 66%] [32m[1mLinking CXX shared library libbumperbot_msgs__rosidl_typesupport_cpp.so[0m
[1.217s] [ 66%] Built target bumperbot_msgs__rosidl_typesupport_introspection_c
[1.241s] [ 66%] Built target bumperbot_msgs__rosidl_typesupport_cpp
[1.277s] [ 69%] [32m[1mLinking CXX shared library libbumperbot_msgs__rosidl_typesupport_introspection_cpp.so[0m
[1.310s] [ 71%] [32m[1mLinking CXX shared library libbumperbot_msgs__rosidl_typesupport_fastrtps_cpp.so[0m
[1.319s] [ 71%] Built target bumperbot_msgs__rosidl_typesupport_introspection_cpp
[1.350s] [ 74%] [32m[1mLinking CXX shared library libbumperbot_msgs__rosidl_typesupport_fastrtps_c.so[0m
[1.352s] [ 74%] Built target bumperbot_msgs__rosidl_typesupport_fastrtps_cpp
[1.391s] [ 74%] Built target bumperbot_msgs__rosidl_typesupport_fastrtps_c
[1.405s] [ 74%] Built target bumperbot_msgs
[1.427s] [ 76%] [34m[1mGenerating Python code for ROS interfaces[0m
[1.683s] [ 76%] Built target bumperbot_msgs__py
[1.697s] [ 79%] [32mBuilding C object CMakeFiles/bumperbot_msgs__rosidl_generator_py.dir/rosidl_generator_py/bumperbot_msgs/srv/_add_two_ints_s.c.o[0m
[1.697s] [ 82%] [32mBuilding C object CMakeFiles/bumperbot_msgs__rosidl_generator_py.dir/rosidl_generator_py/bumperbot_msgs/srv/_get_transform_s.c.o[0m
[1.756s] [ 84%] [32m[1mLinking C shared library rosidl_generator_py/bumperbot_msgs/libbumperbot_msgs__rosidl_generator_py.so[0m
[1.792s] [ 84%] Built target bumperbot_msgs__rosidl_generator_py
[1.811s] [ 87%] [32mBuilding C object CMakeFiles/bumperbot_msgs__rosidl_typesupport_fastrtps_c__pyext.dir/rosidl_generator_py/bumperbot_msgs/_bumperbot_msgs_s.ep.rosidl_typesupport_fastrtps_c.c.o[0m
[1.815s] [ 89%] [32mBuilding C object CMakeFiles/bumperbot_msgs__rosidl_typesupport_introspection_c__pyext.dir/rosidl_generator_py/bumperbot_msgs/_bumperbot_msgs_s.ep.rosidl_typesupport_introspection_c.c.o[0m
[1.816s] [ 92%] [32mBuilding C object CMakeFiles/bumperbot_msgs__rosidl_typesupport_c__pyext.dir/rosidl_generator_py/bumperbot_msgs/_bumperbot_msgs_s.ep.rosidl_typesupport_c.c.o[0m
[1.868s] [ 94%] [32m[1mLinking C shared library rosidl_generator_py/bumperbot_msgs/bumperbot_msgs_s__rosidl_typesupport_fastrtps_c.cpython-310-x86_64-linux-gnu.so[0m
[1.872s] [ 97%] [32m[1mLinking C shared library rosidl_generator_py/bumperbot_msgs/bumperbot_msgs_s__rosidl_typesupport_introspection_c.cpython-310-x86_64-linux-gnu.so[0m
[1.873s] [100%] [32m[1mLinking C shared library rosidl_generator_py/bumperbot_msgs/bumperbot_msgs_s__rosidl_typesupport_c.cpython-310-x86_64-linux-gnu.so[0m
[1.893s] [100%] Built target bumperbot_msgs__rosidl_typesupport_fastrtps_c__pyext
[1.897s] [100%] Built target bumperbot_msgs__rosidl_typesupport_introspection_c__pyext
[1.899s] [100%] Built target bumperbot_msgs__rosidl_typesupport_c__pyext
[1.913s] Invoked command in '/home/ali/ali_ws/autonomous/src/build/bumperbot_msgs' returned '0': CMAKE_PREFIX_PATH=/opt/ros/humble /usr/bin/cmake --build /home/ali/ali_ws/autonomous/src/build/bumperbot_msgs -- -j24 -l24
[1.916s] Invoking command in '/home/ali/ali_ws/autonomous/src/build/bumperbot_msgs': CMAKE_PREFIX_PATH=/opt/ros/humble /usr/bin/cmake --install /home/ali/ali_ws/autonomous/src/build/bumperbot_msgs
[1.924s] -- Install configuration: ""
[1.924s] -- Installing: /home/ali/ali_ws/autonomous/src/install/bumperbot_msgs/share/ament_index/resource_index/rosidl_interfaces/bumperbot_msgs
[1.924s] -- Installing: /home/ali/ali_ws/autonomous/src/install/bumperbot_msgs/include/bumperbot_msgs/bumperbot_msgs
[1.925s] -- Installing: /home/ali/ali_ws/autonomous/src/install/bumperbot_msgs/include/bumperbot_msgs/bumperbot_msgs/srv
[1.925s] -- Installing: /home/ali/ali_ws/autonomous/src/install/bumperbot_msgs/include/bumperbot_msgs/bumperbot_msgs/srv/get_transform.h
[1.925s] -- Installing: /home/ali/ali_ws/autonomous/src/install/bumperbot_msgs/include/bumperbot_msgs/bumperbot_msgs/srv/detail
[1.925s] -- Installing: /home/ali/ali_ws/autonomous/src/install/bumperbot_msgs/include/bumperbot_msgs/bumperbot_msgs/srv/detail/add_two_ints__functions.h
[1.925s] -- Installing: /home/ali/ali_ws/autonomous/src/install/bumperbot_msgs/include/bumperbot_msgs/bumperbot_msgs/srv/detail/get_transform__struct.h
[1.925s] -- Installing: /home/ali/ali_ws/autonomous/src/install/bumperbot_msgs/include/bumperbot_msgs/bumperbot_msgs/srv/detail/add_two_ints__functions.c
[1.925s] -- Installing: /home/ali/ali_ws/autonomous/src/install/bumperbot_msgs/include/bumperbot_msgs/bumperbot_msgs/srv/detail/get_transform__functions.h
[1.925s] -- Installing: /home/ali/ali_ws/autonomous/src/install/bumperbot_msgs/include/bumperbot_msgs/bumperbot_msgs/srv/detail/add_two_ints__struct.h
[1.925s] -- Installing: /home/ali/ali_ws/autonomous/src/install/bumperbot_msgs/include/bumperbot_msgs/bumperbot_msgs/srv/detail/add_two_ints__type_support.h
[1.926s] -- Installing: /home/ali/ali_ws/autonomous/src/install/bumperbot_msgs/include/bumperbot_msgs/bumperbot_msgs/srv/detail/get_transform__functions.c
[1.926s] -- Installing: /home/ali/ali_ws/autonomous/src/install/bumperbot_msgs/include/bumperbot_msgs/bumperbot_msgs/srv/detail/get_transform__type_support.h
[1.926s] -- Installing: /home/ali/ali_ws/autonomous/src/install/bumperbot_msgs/include/bumperbot_msgs/bumperbot_msgs/srv/add_two_ints.h
[1.926s] -- Installing: /home/ali/ali_ws/autonomous/src/install/bumperbot_msgs/include/bumperbot_msgs/bumperbot_msgs/msg
[1.926s] -- Installing: /home/ali/ali_ws/autonomous/src/install/bumperbot_msgs/include/bumperbot_msgs/bumperbot_msgs/msg/rosidl_generator_c__visibility_control.h
[1.926s] -- Installing: /home/ali/ali_ws/autonomous/src/install/bumperbot_msgs/share/bumperbot_msgs/environment/library_path.sh
[1.926s] -- Installing: /home/ali/ali_ws/autonomous/src/install/bumperbot_msgs/share/bumperbot_msgs/environment/library_path.dsv
[1.926s] -- Installing: /home/ali/ali_ws/autonomous/src/install/bumperbot_msgs/lib/libbumperbot_msgs__rosidl_generator_c.so
[1.926s] -- Set runtime path of "/home/ali/ali_ws/autonomous/src/install/bumperbot_msgs/lib/libbumperbot_msgs__rosidl_generator_c.so" to ""
[1.926s] -- Up-to-date: /home/ali/ali_ws/autonomous/src/install/bumperbot_msgs/include/bumperbot_msgs/bumperbot_msgs
[1.926s] -- Up-to-date: /home/ali/ali_ws/autonomous/src/install/bumperbot_msgs/include/bumperbot_msgs/bumperbot_msgs/srv
[1.926s] -- Up-to-date: /home/ali/ali_ws/autonomous/src/install/bumperbot_msgs/include/bumperbot_msgs/bumperbot_msgs/srv/detail
[1.926s] -- Installing: /home/ali/ali_ws/autonomous/src/install/bumperbot_msgs/include/bumperbot_msgs/bumperbot_msgs/srv/detail/get_transform__rosidl_typesupport_fastrtps_c.h
[1.926s] -- Installing: /home/ali/ali_ws/autonomous/src/install/bumperbot_msgs/include/bumperbot_msgs/bumperbot_msgs/srv/detail/add_two_ints__rosidl_typesupport_fastrtps_c.h
[1.926s] -- Up-to-date: /home/ali/ali_ws/autonomous/src/install/bumperbot_msgs/include/bumperbot_msgs/bumperbot_msgs/msg
[1.926s] -- Installing: /home/ali/ali_ws/autonomous/src/install/bumperbot_msgs/include/bumperbot_msgs/bumperbot_msgs/msg/rosidl_typesupport_fastrtps_c__visibility_control.h
[1.926s] -- Installing: /home/ali/ali_ws/autonomous/src/install/bumperbot_msgs/lib/libbumperbot_msgs__rosidl_typesupport_fastrtps_c.so
[1.927s] -- Set runtime path of "/home/ali/ali_ws/autonomous/src/install/bumperbot_msgs/lib/libbumperbot_msgs__rosidl_typesupport_fastrtps_c.so" to ""
[1.927s] -- Up-to-date: /home/ali/ali_ws/autonomous/src/install/bumperbot_msgs/include/bumperbot_msgs/bumperbot_msgs
[1.927s] -- Up-to-date: /home/ali/ali_ws/autonomous/src/install/bumperbot_msgs/include/bumperbot_msgs/bumperbot_msgs/srv
[1.927s] -- Installing: /home/ali/ali_ws/autonomous/src/install/bumperbot_msgs/include/bumperbot_msgs/bumperbot_msgs/srv/add_two_ints.hpp
[1.927s] -- Installing: /home/ali/ali_ws/autonomous/src/install/bumperbot_msgs/include/bumperbot_msgs/bumperbot_msgs/srv/get_transform.hpp
[1.927s] -- Up-to-date: /home/ali/ali_ws/autonomous/src/install/bumperbot_msgs/include/bumperbot_msgs/bumperbot_msgs/srv/detail
[1.927s] -- Installing: /home/ali/ali_ws/autonomous/src/install/bumperbot_msgs/include/bumperbot_msgs/bumperbot_msgs/srv/detail/add_two_ints__type_support.hpp
[1.927s] -- Installing: /home/ali/ali_ws/autonomous/src/install/bumperbot_msgs/include/bumperbot_msgs/bumperbot_msgs/srv/detail/add_two_ints__traits.hpp
[1.927s] -- Installing: /home/ali/ali_ws/autonomous/src/install/bumperbot_msgs/include/bumperbot_msgs/bumperbot_msgs/srv/detail/get_transform__builder.hpp
[1.927s] -- Installing: /home/ali/ali_ws/autonomous/src/install/bumperbot_msgs/include/bumperbot_msgs/bumperbot_msgs/srv/detail/get_transform__struct.hpp
[1.927s] -- Installing: /home/ali/ali_ws/autonomous/src/install/bumperbot_msgs/include/bumperbot_msgs/bumperbot_msgs/srv/detail/add_two_ints__builder.hpp
[1.927s] -- Installing: /home/ali/ali_ws/autonomous/src/install/bumperbot_msgs/include/bumperbot_msgs/bumperbot_msgs/srv/detail/add_two_ints__struct.hpp
[1.927s] -- Installing: /home/ali/ali_ws/autonomous/src/install/bumperbot_msgs/include/bumperbot_msgs/bumperbot_msgs/srv/detail/get_transform__traits.hpp
[1.927s] -- Installing: /home/ali/ali_ws/autonomous/src/install/bumperbot_msgs/include/bumperbot_msgs/bumperbot_msgs/srv/detail/get_transform__type_support.hpp
[1.927s] -- Up-to-date: /home/ali/ali_ws/autonomous/src/install/bumperbot_msgs/include/bumperbot_msgs/bumperbot_msgs/msg
[1.927s] -- Installing: /home/ali/ali_ws/autonomous/src/install/bumperbot_msgs/include/bumperbot_msgs/bumperbot_msgs/msg/rosidl_generator_cpp__visibility_control.hpp
[1.927s] -- Up-to-date: /home/ali/ali_ws/autonomous/src/install/bumperbot_msgs/include/bumperbot_msgs/bumperbot_msgs
[1.927s] -- Up-to-date: /home/ali/ali_ws/autonomous/src/install/bumperbot_msgs/include/bumperbot_msgs/bumperbot_msgs/srv
[1.927s] -- Up-to-date: /home/ali/ali_ws/autonomous/src/install/bumperbot_msgs/include/bumperbot_msgs/bumperbot_msgs/srv/detail
[1.927s] -- Installing: /home/ali/ali_ws/autonomous/src/install/bumperbot_msgs/include/bumperbot_msgs/bumperbot_msgs/srv/detail/dds_fastrtps
[1.927s] -- Installing: /home/ali/ali_ws/autonomous/src/install/bumperbot_msgs/include/bumperbot_msgs/bumperbot_msgs/srv/detail/add_two_ints__rosidl_typesupport_fastrtps_cpp.hpp
[1.928s] -- Installing: /home/ali/ali_ws/autonomous/src/install/bumperbot_msgs/include/bumperbot_msgs/bumperbot_msgs/srv/detail/get_transform__rosidl_typesupport_fastrtps_cpp.hpp
[1.928s] -- Up-to-date: /home/ali/ali_ws/autonomous/src/install/bumperbot_msgs/include/bumperbot_msgs/bumperbot_msgs/msg
[1.928s] -- Installing: /home/ali/ali_ws/autonomous/src/install/bumperbot_msgs/include/bumperbot_msgs/bumperbot_msgs/msg/rosidl_typesupport_fastrtps_cpp__visibility_control.h
[1.928s] -- Installing: /home/ali/ali_ws/autonomous/src/install/bumperbot_msgs/lib/libbumperbot_msgs__rosidl_typesupport_fastrtps_cpp.so
[1.928s] -- Set runtime path of "/home/ali/ali_ws/autonomous/src/install/bumperbot_msgs/lib/libbumperbot_msgs__rosidl_typesupport_fastrtps_cpp.so" to ""
[1.928s] -- Up-to-date: /home/ali/ali_ws/autonomous/src/install/bumperbot_msgs/include/bumperbot_msgs/bumperbot_msgs
[1.928s] -- Up-to-date: /home/ali/ali_ws/autonomous/src/install/bumperbot_msgs/include/bumperbot_msgs/bumperbot_msgs/srv
[1.928s] -- Up-to-date: /home/ali/ali_ws/autonomous/src/install/bumperbot_msgs/include/bumperbot_msgs/bumperbot_msgs/srv/detail
[1.928s] -- Installing: /home/ali/ali_ws/autonomous/src/install/bumperbot_msgs/include/bumperbot_msgs/bumperbot_msgs/srv/detail/add_two_ints__rosidl_typesupport_introspection_c.h
[1.928s] -- Installing: /home/ali/ali_ws/autonomous/src/install/bumperbot_msgs/include/bumperbot_msgs/bumperbot_msgs/srv/detail/get_transform__rosidl_typesupport_introspection_c.h
[1.928s] -- Installing: /home/ali/ali_ws/autonomous/src/install/bumperbot_msgs/include/bumperbot_msgs/bumperbot_msgs/srv/detail/get_transform__type_support.c
[1.928s] -- Installing: /home/ali/ali_ws/autonomous/src/install/bumperbot_msgs/include/bumperbot_msgs/bumperbot_msgs/srv/detail/add_two_ints__type_support.c
[1.928s] -- Up-to-date: /home/ali/ali_ws/autonomous/src/install/bumperbot_msgs/include/bumperbot_msgs/bumperbot_msgs/msg
[1.928s] -- Installing: /home/ali/ali_ws/autonomous/src/install/bumperbot_msgs/include/bumperbot_msgs/bumperbot_msgs/msg/rosidl_typesupport_introspection_c__visibility_control.h
[1.928s] -- Installing: /home/ali/ali_ws/autonomous/src/install/bumperbot_msgs/lib/libbumperbot_msgs__rosidl_typesupport_introspection_c.so
[1.928s] -- Set runtime path of "/home/ali/ali_ws/autonomous/src/install/bumperbot_msgs/lib/libbumperbot_msgs__rosidl_typesupport_introspection_c.so" to ""
[1.928s] -- Installing: /home/ali/ali_ws/autonomous/src/install/bumperbot_msgs/lib/libbumperbot_msgs__rosidl_typesupport_c.so
[1.928s] -- Set runtime path of "/home/ali/ali_ws/autonomous/src/install/bumperbot_msgs/lib/libbumperbot_msgs__rosidl_typesupport_c.so" to ""
[1.928s] -- Up-to-date: /home/ali/ali_ws/autonomous/src/install/bumperbot_msgs/include/bumperbot_msgs/bumperbot_msgs
[1.928s] -- Up-to-date: /home/ali/ali_ws/autonomous/src/install/bumperbot_msgs/include/bumperbot_msgs/bumperbot_msgs/srv
[1.928s] -- Up-to-date: /home/ali/ali_ws/autonomous/src/install/bumperbot_msgs/include/bumperbot_msgs/bumperbot_msgs/srv/detail
[1.928s] -- Installing: /home/ali/ali_ws/autonomous/src/install/bumperbot_msgs/include/bumperbot_msgs/bumperbot_msgs/srv/detail/get_transform__type_support.cpp
[1.928s] -- Installing: /home/ali/ali_ws/autonomous/src/install/bumperbot_msgs/include/bumperbot_msgs/bumperbot_msgs/srv/detail/add_two_ints__type_support.cpp
[1.929s] -- Installing: /home/ali/ali_ws/autonomous/src/install/bumperbot_msgs/include/bumperbot_msgs/bumperbot_msgs/srv/detail/get_transform__rosidl_typesupport_introspection_cpp.hpp
[1.929s] -- Installing: /home/ali/ali_ws/autonomous/src/install/bumperbot_msgs/include/bumperbot_msgs/bumperbot_msgs/srv/detail/add_two_ints__rosidl_typesupport_introspection_cpp.hpp
[1.929s] -- Installing: /home/ali/ali_ws/autonomous/src/install/bumperbot_msgs/lib/libbumperbot_msgs__rosidl_typesupport_introspection_cpp.so
[1.929s] -- Set runtime path of "/home/ali/ali_ws/autonomous/src/install/bumperbot_msgs/lib/libbumperbot_msgs__rosidl_typesupport_introspection_cpp.so" to ""
[1.929s] -- Installing: /home/ali/ali_ws/autonomous/src/install/bumperbot_msgs/lib/libbumperbot_msgs__rosidl_typesupport_cpp.so
[1.929s] -- Set runtime path of "/home/ali/ali_ws/autonomous/src/install/bumperbot_msgs/lib/libbumperbot_msgs__rosidl_typesupport_cpp.so" to ""
[1.929s] -- Installing: /home/ali/ali_ws/autonomous/src/install/bumperbot_msgs/share/bumperbot_msgs/environment/pythonpath.sh
[1.929s] -- Installing: /home/ali/ali_ws/autonomous/src/install/bumperbot_msgs/share/bumperbot_msgs/environment/pythonpath.dsv
[1.929s] -- Installing: /home/ali/ali_ws/autonomous/src/install/bumperbot_msgs/local/lib/python3.10/dist-packages/bumperbot_msgs-0.0.0-py3.10.egg-info
[1.929s] -- Installing: /home/ali/ali_ws/autonomous/src/install/bumperbot_msgs/local/lib/python3.10/dist-packages/bumperbot_msgs-0.0.0-py3.10.egg-info/PKG-INFO
[1.929s] -- Installing: /home/ali/ali_ws/autonomous/src/install/bumperbot_msgs/local/lib/python3.10/dist-packages/bumperbot_msgs-0.0.0-py3.10.egg-info/top_level.txt
[1.929s] -- Installing: /home/ali/ali_ws/autonomous/src/install/bumperbot_msgs/local/lib/python3.10/dist-packages/bumperbot_msgs-0.0.0-py3.10.egg-info/dependency_links.txt
[1.929s] -- Installing: /home/ali/ali_ws/autonomous/src/install/bumperbot_msgs/local/lib/python3.10/dist-packages/bumperbot_msgs-0.0.0-py3.10.egg-info/SOURCES.txt
[1.929s] -- Installing: /home/ali/ali_ws/autonomous/src/install/bumperbot_msgs/local/lib/python3.10/dist-packages/bumperbot_msgs
[1.929s] -- Installing: /home/ali/ali_ws/autonomous/src/install/bumperbot_msgs/local/lib/python3.10/dist-packages/bumperbot_msgs/bumperbot_msgs_s__rosidl_typesupport_introspection_c.cpython-310-x86_64-linux-gnu.so
[1.929s] -- Installing: /home/ali/ali_ws/autonomous/src/install/bumperbot_msgs/local/lib/python3.10/dist-packages/bumperbot_msgs/srv
[1.929s] -- Installing: /home/ali/ali_ws/autonomous/src/install/bumperbot_msgs/local/lib/python3.10/dist-packages/bumperbot_msgs/srv/_add_two_ints.py
[1.929s] -- Installing: /home/ali/ali_ws/autonomous/src/install/bumperbot_msgs/local/lib/python3.10/dist-packages/bumperbot_msgs/srv/_get_transform_s.c
[1.929s] -- Installing: /home/ali/ali_ws/autonomous/src/install/bumperbot_msgs/local/lib/python3.10/dist-packages/bumperbot_msgs/srv/_add_two_ints_s.c
[1.929s] -- Installing: /home/ali/ali_ws/autonomous/src/install/bumperbot_msgs/local/lib/python3.10/dist-packages/bumperbot_msgs/srv/__init__.py
[1.929s] -- Installing: /home/ali/ali_ws/autonomous/src/install/bumperbot_msgs/local/lib/python3.10/dist-packages/bumperbot_msgs/srv/_get_transform.py
[1.929s] -- Installing: /home/ali/ali_ws/autonomous/src/install/bumperbot_msgs/local/lib/python3.10/dist-packages/bumperbot_msgs/bumperbot_msgs_s__rosidl_typesupport_c.cpython-310-x86_64-linux-gnu.so
[1.930s] -- Installing: /home/ali/ali_ws/autonomous/src/install/bumperbot_msgs/local/lib/python3.10/dist-packages/bumperbot_msgs/libbumperbot_msgs__rosidl_generator_py.so
[1.930s] -- Installing: /home/ali/ali_ws/autonomous/src/install/bumperbot_msgs/local/lib/python3.10/dist-packages/bumperbot_msgs/bumperbot_msgs_s__rosidl_typesupport_fastrtps_c.cpython-310-x86_64-linux-gnu.so
[1.930s] -- Installing: /home/ali/ali_ws/autonomous/src/install/bumperbot_msgs/local/lib/python3.10/dist-packages/bumperbot_msgs/_bumperbot_msgs_s.ep.rosidl_typesupport_introspection_c.c
[1.930s] -- Installing: /home/ali/ali_ws/autonomous/src/install/bumperbot_msgs/local/lib/python3.10/dist-packages/bumperbot_msgs/__init__.py
[1.930s] -- Installing: /home/ali/ali_ws/autonomous/src/install/bumperbot_msgs/local/lib/python3.10/dist-packages/bumperbot_msgs/_bumperbot_msgs_s.ep.rosidl_typesupport_fastrtps_c.c
[1.930s] -- Installing: /home/ali/ali_ws/autonomous/src/install/bumperbot_msgs/local/lib/python3.10/dist-packages/bumperbot_msgs/_bumperbot_msgs_s.ep.rosidl_typesupport_c.c
[1.950s] Listing '/home/ali/ali_ws/autonomous/src/install/bumperbot_msgs/local/lib/python3.10/dist-packages/bumperbot_msgs'...
[1.950s] Compiling '/home/ali/ali_ws/autonomous/src/install/bumperbot_msgs/local/lib/python3.10/dist-packages/bumperbot_msgs/__init__.py'...
[1.950s] Listing '/home/ali/ali_ws/autonomous/src/install/bumperbot_msgs/local/lib/python3.10/dist-packages/bumperbot_msgs/srv'...
[1.950s] Compiling '/home/ali/ali_ws/autonomous/src/install/bumperbot_msgs/local/lib/python3.10/dist-packages/bumperbot_msgs/srv/__init__.py'...
[1.950s] Compiling '/home/ali/ali_ws/autonomous/src/install/bumperbot_msgs/local/lib/python3.10/dist-packages/bumperbot_msgs/srv/_add_two_ints.py'...
[1.950s] Compiling '/home/ali/ali_ws/autonomous/src/install/bumperbot_msgs/local/lib/python3.10/dist-packages/bumperbot_msgs/srv/_get_transform.py'...
[1.952s] -- Installing: /home/ali/ali_ws/autonomous/src/install/bumperbot_msgs/local/lib/python3.10/dist-packages/bumperbot_msgs/bumperbot_msgs_s__rosidl_typesupport_fastrtps_c.cpython-310-x86_64-linux-gnu.so
[1.952s] -- Set runtime path of "/home/ali/ali_ws/autonomous/src/install/bumperbot_msgs/local/lib/python3.10/dist-packages/bumperbot_msgs/bumperbot_msgs_s__rosidl_typesupport_fastrtps_c.cpython-310-x86_64-linux-gnu.so" to ""
[1.952s] -- Installing: /home/ali/ali_ws/autonomous/src/install/bumperbot_msgs/local/lib/python3.10/dist-packages/bumperbot_msgs/bumperbot_msgs_s__rosidl_typesupport_introspection_c.cpython-310-x86_64-linux-gnu.so
[1.952s] -- Set runtime path of "/home/ali/ali_ws/autonomous/src/install/bumperbot_msgs/local/lib/python3.10/dist-packages/bumperbot_msgs/bumperbot_msgs_s__rosidl_typesupport_introspection_c.cpython-310-x86_64-linux-gnu.so" to ""
[1.952s] -- Installing: /home/ali/ali_ws/autonomous/src/install/bumperbot_msgs/local/lib/python3.10/dist-packages/bumperbot_msgs/bumperbot_msgs_s__rosidl_typesupport_c.cpython-310-x86_64-linux-gnu.so
[1.953s] -- Set runtime path of "/home/ali/ali_ws/autonomous/src/install/bumperbot_msgs/local/lib/python3.10/dist-packages/bumperbot_msgs/bumperbot_msgs_s__rosidl_typesupport_c.cpython-310-x86_64-linux-gnu.so" to ""
[1.953s] -- Installing: /home/ali/ali_ws/autonomous/src/install/bumperbot_msgs/lib/libbumperbot_msgs__rosidl_generator_py.so
[1.953s] -- Set runtime path of "/home/ali/ali_ws/autonomous/src/install/bumperbot_msgs/lib/libbumperbot_msgs__rosidl_generator_py.so" to ""
[1.953s] -- Installing: /home/ali/ali_ws/autonomous/src/install/bumperbot_msgs/share/bumperbot_msgs/srv/AddTwoInts.idl
[1.953s] -- Installing: /home/ali/ali_ws/autonomous/src/install/bumperbot_msgs/share/bumperbot_msgs/srv/GetTransform.idl
[1.953s] -- Installing: /home/ali/ali_ws/autonomous/src/install/bumperbot_msgs/share/bumperbot_msgs/srv/AddTwoInts.srv
[1.953s] -- Installing: /home/ali/ali_ws/autonomous/src/install/bumperbot_msgs/share/bumperbot_msgs/srv/AddTwoInts_Request.msg
[1.953s] -- Installing: /home/ali/ali_ws/autonomous/src/install/bumperbot_msgs/share/bumperbot_msgs/srv/AddTwoInts_Response.msg
[1.953s] -- Installing: /home/ali/ali_ws/autonomous/src/install/bumperbot_msgs/share/bumperbot_msgs/srv/GetTransform.srv
[1.953s] -- Installing: /home/ali/ali_ws/autonomous/src/install/bumperbot_msgs/share/bumperbot_msgs/srv/GetTransform_Request.msg
[1.953s] -- Installing: /home/ali/ali_ws/autonomous/src/install/bumperbot_msgs/share/bumperbot_msgs/srv/GetTransform_Response.msg
[1.953s] -- Installing: /home/ali/ali_ws/autonomous/src/install/bumperbot_msgs/share/ament_index/resource_index/package_run_dependencies/bumperbot_msgs
[1.953s] -- Installing: /home/ali/ali_ws/autonomous/src/install/bumperbot_msgs/share/ament_index/resource_index/parent_prefix_path/bumperbot_msgs
[1.953s] -- Installing: /home/ali/ali_ws/autonomous/src/install/bumperbot_msgs/share/bumperbot_msgs/environment/ament_prefix_path.sh
[1.953s] -- Installing: /home/ali/ali_ws/autonomous/src/install/bumperbot_msgs/share/bumperbot_msgs/environment/ament_prefix_path.dsv
[1.953s] -- Installing: /home/ali/ali_ws/autonomous/src/install/bumperbot_msgs/share/bumperbot_msgs/environment/path.sh
[1.953s] -- Installing: /home/ali/ali_ws/autonomous/src/install/bumperbot_msgs/share/bumperbot_msgs/environment/path.dsv
[1.953s] -- Installing: /home/ali/ali_ws/autonomous/src/install/bumperbot_msgs/share/bumperbot_msgs/local_setup.bash
[1.953s] -- Installing: /home/ali/ali_ws/autonomous/src/install/bumperbot_msgs/share/bumperbot_msgs/local_setup.sh
[1.953s] -- Installing: /home/ali/ali_ws/autonomous/src/install/bumperbot_msgs/share/bumperbot_msgs/local_setup.zsh
[1.954s] -- Installing: /home/ali/ali_ws/autonomous/src/install/bumperbot_msgs/share/bumperbot_msgs/local_setup.dsv
[1.954s] -- Installing: /home/ali/ali_ws/autonomous/src/install/bumperbot_msgs/share/bumperbot_msgs/package.dsv
[1.954s] -- Installing: /home/ali/ali_ws/autonomous/src/install/bumperbot_msgs/share/ament_index/resource_index/packages/bumperbot_msgs
[1.954s] -- Installing: /home/ali/ali_ws/autonomous/src/install/bumperbot_msgs/share/bumperbot_msgs/cmake/export_bumperbot_msgs__rosidl_generator_cExport.cmake
[1.954s] -- Installing: /home/ali/ali_ws/autonomous/src/install/bumperbot_msgs/share/bumperbot_msgs/cmake/export_bumperbot_msgs__rosidl_generator_cExport-noconfig.cmake
[1.954s] -- Installing: /home/ali/ali_ws/autonomous/src/install/bumperbot_msgs/share/bumperbot_msgs/cmake/export_bumperbot_msgs__rosidl_typesupport_fastrtps_cExport.cmake
[1.954s] -- Installing: /home/ali/ali_ws/autonomous/src/install/bumperbot_msgs/share/bumperbot_msgs/cmake/export_bumperbot_msgs__rosidl_typesupport_fastrtps_cExport-noconfig.cmake
[1.954s] -- Installing: /home/ali/ali_ws/autonomous/src/install/bumperbot_msgs/share/bumperbot_msgs/cmake/export_bumperbot_msgs__rosidl_generator_cppExport.cmake
[1.954s] -- Installing: /home/ali/ali_ws/autonomous/src/install/bumperbot_msgs/share/bumperbot_msgs/cmake/export_bumperbot_msgs__rosidl_typesupport_fastrtps_cppExport.cmake
[1.954s] -- Installing: /home/ali/ali_ws/autonomous/src/install/bumperbot_msgs/share/bumperbot_msgs/cmake/export_bumperbot_msgs__rosidl_typesupport_fastrtps_cppExport-noconfig.cmake
[1.954s] -- Installing: /home/ali/ali_ws/autonomous/src/install/bumperbot_msgs/share/bumperbot_msgs/cmake/bumperbot_msgs__rosidl_typesupport_introspection_cExport.cmake
[1.954s] -- Installing: /home/ali/ali_ws/autonomous/src/install/bumperbot_msgs/share/bumperbot_msgs/cmake/bumperbot_msgs__rosidl_typesupport_introspection_cExport-noconfig.cmake
[1.954s] -- Installing: /home/ali/ali_ws/autonomous/src/install/bumperbot_msgs/share/bumperbot_msgs/cmake/bumperbot_msgs__rosidl_typesupport_cExport.cmake
[1.954s] -- Installing: /home/ali/ali_ws/autonomous/src/install/bumperbot_msgs/share/bumperbot_msgs/cmake/bumperbot_msgs__rosidl_typesupport_cExport-noconfig.cmake
[1.954s] -- Installing: /home/ali/ali_ws/autonomous/src/install/bumperbot_msgs/share/bumperbot_msgs/cmake/bumperbot_msgs__rosidl_typesupport_introspection_cppExport.cmake
[1.954s] -- Installing: /home/ali/ali_ws/autonomous/src/install/bumperbot_msgs/share/bumperbot_msgs/cmake/bumperbot_msgs__rosidl_typesupport_introspection_cppExport-noconfig.cmake
[1.954s] -- Installing: /home/ali/ali_ws/autonomous/src/install/bumperbot_msgs/share/bumperbot_msgs/cmake/bumperbot_msgs__rosidl_typesupport_cppExport.cmake
[1.954s] -- Installing: /home/ali/ali_ws/autonomous/src/install/bumperbot_msgs/share/bumperbot_msgs/cmake/bumperbot_msgs__rosidl_typesupport_cppExport-noconfig.cmake
[1.954s] -- Installing: /home/ali/ali_ws/autonomous/src/install/bumperbot_msgs/share/bumperbot_msgs/cmake/export_bumperbot_msgs__rosidl_generator_pyExport.cmake
[1.954s] -- Installing: /home/ali/ali_ws/autonomous/src/install/bumperbot_msgs/share/bumperbot_msgs/cmake/export_bumperbot_msgs__rosidl_generator_pyExport-noconfig.cmake
[1.954s] -- Installing: /home/ali/ali_ws/autonomous/src/install/bumperbot_msgs/share/bumperbot_msgs/cmake/rosidl_cmake-extras.cmake
[1.954s] -- Installing: /home/ali/ali_ws/autonomous/src/install/bumperbot_msgs/share/bumperbot_msgs/cmake/ament_cmake_export_dependencies-extras.cmake
[1.954s] -- Installing: /home/ali/ali_ws/autonomous/src/install/bumperbot_msgs/share/bumperbot_msgs/cmake/ament_cmake_export_include_directories-extras.cmake
[1.954s] -- Installing: /home/ali/ali_ws/autonomous/src/install/bumperbot_msgs/share/bumperbot_msgs/cmake/ament_cmake_export_libraries-extras.cmake
[1.954s] -- Installing: /home/ali/ali_ws/autonomous/src/install/bumperbot_msgs/share/bumperbot_msgs/cmake/ament_cmake_export_targets-extras.cmake
[1.954s] -- Installing: /home/ali/ali_ws/autonomous/src/install/bumperbot_msgs/share/bumperbot_msgs/cmake/rosidl_cmake_export_typesupport_targets-extras.cmake
[1.955s] -- Installing: /home/ali/ali_ws/autonomous/src/install/bumperbot_msgs/share/bumperbot_msgs/cmake/rosidl_cmake_export_typesupport_libraries-extras.cmake
[1.955s] -- Installing: /home/ali/ali_ws/autonomous/src/install/bumperbot_msgs/share/bumperbot_msgs/cmake/bumperbot_msgsConfig.cmake
[1.955s] -- Installing: /home/ali/ali_ws/autonomous/src/install/bumperbot_msgs/share/bumperbot_msgs/cmake/bumperbot_msgsConfig-version.cmake
[1.955s] -- Installing: /home/ali/ali_ws/autonomous/src/install/bumperbot_msgs/share/bumperbot_msgs/package.xml
[1.956s] Invoked command in '/home/ali/ali_ws/autonomous/src/build/bumperbot_msgs' returned '0': CMAKE_PREFIX_PATH=/opt/ros/humble /usr/bin/cmake --install /home/ali/ali_ws/autonomous/src/build/bumperbot_msgs
