[0.009s] Invoking command in '/home/ali/ali_ws/autonomous/src/build/bumperbot_description': CMAKE_PREFIX_PATH=/opt/ros/humble /usr/bin/cmake /home/ali/ali_ws/autonomous/src/bumperbot_description -DCMAKE_INSTALL_PREFIX=/home/ali/ali_ws/autonomous/src/install/bumperbot_description
[0.060s] -- The C compiler identification is GNU 11.4.0
[0.099s] -- The CXX compiler identification is GNU 11.4.0
[0.105s] -- Detecting C compiler ABI info
[0.149s] -- Detecting C compiler ABI info - done
[0.154s] -- Check for working C compiler: /usr/bin/cc - skipped
[0.154s] -- Detecting C compile features
[0.154s] -- Detecting C compile features - done
[0.156s] -- Detecting CXX compiler ABI info
[0.199s] -- Detecting CXX compiler ABI info - done
[0.203s] -- Check for working CXX compiler: /usr/bin/c++ - skipped
[0.203s] -- Detecting CXX compile features
[0.203s] -- Detecting CXX compile features - done
[0.207s] -- Found ament_cmake: 1.3.12 (/opt/ros/humble/share/ament_cmake/cmake)
[0.302s] -- Found Python3: /usr/bin/python3 (found version "3.10.12") found components: Interpreter 
[0.351s] -- Found urdf: 2.6.1 (/opt/ros/humble/share/urdf/cmake)
[0.381s] -- Found ament_lint_auto: 0.12.14 (/opt/ros/humble/share/ament_lint_auto/cmake)
[0.426s] -- Added test 'copyright' to check source files copyright and LICENSE
[0.427s] -- Added test 'flake8' to check Python code syntax and style conventions
[0.428s] -- Added test 'lint_cmake' to check CMake code style
[0.428s] -- Added test 'pep257' to check Python code against some of the docstring style conventions in PEP 257
[0.429s] -- Added test 'xmllint' to check XML markup files
[0.429s] -- Configuring done
[0.431s] -- Generating done
[0.431s] -- Build files have been written to: /home/ali/ali_ws/autonomous/src/build/bumperbot_description
[0.435s] Invoked command in '/home/ali/ali_ws/autonomous/src/build/bumperbot_description' returned '0': CMAKE_PREFIX_PATH=/opt/ros/humble /usr/bin/cmake /home/ali/ali_ws/autonomous/src/bumperbot_description -DCMAKE_INSTALL_PREFIX=/home/ali/ali_ws/autonomous/src/install/bumperbot_description
[0.437s] Invoking command in '/home/ali/ali_ws/autonomous/src/build/bumperbot_description': CMAKE_PREFIX_PATH=/opt/ros/humble /usr/bin/cmake --build /home/ali/ali_ws/autonomous/src/build/bumperbot_description -- -j24 -l24
[0.464s] Invoked command in '/home/ali/ali_ws/autonomous/src/build/bumperbot_description' returned '0': CMAKE_PREFIX_PATH=/opt/ros/humble /usr/bin/cmake --build /home/ali/ali_ws/autonomous/src/build/bumperbot_description -- -j24 -l24
[0.473s] Invoking command in '/home/ali/ali_ws/autonomous/src/build/bumperbot_description': CMAKE_PREFIX_PATH=/opt/ros/humble /usr/bin/cmake --install /home/ali/ali_ws/autonomous/src/build/bumperbot_description
[0.477s] -- Install configuration: ""
[0.477s] -- Installing: /home/ali/ali_ws/autonomous/src/install/bumperbot_description/share/bumperbot_description/launch
[0.477s] -- Installing: /home/ali/ali_ws/autonomous/src/install/bumperbot_description/share/bumperbot_description/launch/display.launch.py
[0.477s] -- Installing: /home/ali/ali_ws/autonomous/src/install/bumperbot_description/share/bumperbot_description/launch/gazebo.launch.py
[0.477s] -- Installing: /home/ali/ali_ws/autonomous/src/install/bumperbot_description/share/bumperbot_description/meshes
[0.477s] -- Installing: /home/ali/ali_ws/autonomous/src/install/bumperbot_description/share/bumperbot_description/meshes/base_link.STL
[0.490s] -- Installing: /home/ali/ali_ws/autonomous/src/install/bumperbot_description/share/bumperbot_description/meshes/wheel_left_link.STL
[0.491s] -- Installing: /home/ali/ali_ws/autonomous/src/install/bumperbot_description/share/bumperbot_description/meshes/caster_rear_link.STL
[0.491s] -- Installing: /home/ali/ali_ws/autonomous/src/install/bumperbot_description/share/bumperbot_description/meshes/wheel_right_link.STL
[0.493s] -- Installing: /home/ali/ali_ws/autonomous/src/install/bumperbot_description/share/bumperbot_description/meshes/caster_front_link.STL
[0.493s] -- Installing: /home/ali/ali_ws/autonomous/src/install/bumperbot_description/share/bumperbot_description/meshes/imu_link.STL
[0.493s] -- Installing: /home/ali/ali_ws/autonomous/src/install/bumperbot_description/share/bumperbot_description/urdf
[0.494s] -- Installing: /home/ali/ali_ws/autonomous/src/install/bumperbot_description/share/bumperbot_description/urdf/bumperbot_ros2_control.xacro
[0.494s] -- Installing: /home/ali/ali_ws/autonomous/src/install/bumperbot_description/share/bumperbot_description/urdf/bumperbot.urdf.xacro
[0.494s] -- Installing: /home/ali/ali_ws/autonomous/src/install/bumperbot_description/share/bumperbot_description/urdf/bumperbot_gazebo.xacro
[0.494s] -- Installing: /home/ali/ali_ws/autonomous/src/install/bumperbot_description/share/bumperbot_description/rviz
[0.494s] -- Installing: /home/ali/ali_ws/autonomous/src/install/bumperbot_description/share/bumperbot_description/rviz/display.rviz
[0.494s] -- Installing: /home/ali/ali_ws/autonomous/src/install/bumperbot_description/share/ament_index/resource_index/package_run_dependencies/bumperbot_description
[0.494s] -- Installing: /home/ali/ali_ws/autonomous/src/install/bumperbot_description/share/ament_index/resource_index/parent_prefix_path/bumperbot_description
[0.494s] -- Installing: /home/ali/ali_ws/autonomous/src/install/bumperbot_description/share/bumperbot_description/environment/ament_prefix_path.sh
[0.494s] -- Installing: /home/ali/ali_ws/autonomous/src/install/bumperbot_description/share/bumperbot_description/environment/ament_prefix_path.dsv
[0.494s] -- Installing: /home/ali/ali_ws/autonomous/src/install/bumperbot_description/share/bumperbot_description/environment/path.sh
[0.494s] -- Installing: /home/ali/ali_ws/autonomous/src/install/bumperbot_description/share/bumperbot_description/environment/path.dsv
[0.494s] -- Installing: /home/ali/ali_ws/autonomous/src/install/bumperbot_description/share/bumperbot_description/local_setup.bash
[0.495s] -- Installing: /home/ali/ali_ws/autonomous/src/install/bumperbot_description/share/bumperbot_description/local_setup.sh
[0.495s] -- Installing: /home/ali/ali_ws/autonomous/src/install/bumperbot_description/share/bumperbot_description/local_setup.zsh
[0.495s] -- Installing: /home/ali/ali_ws/autonomous/src/install/bumperbot_description/share/bumperbot_description/local_setup.dsv
[0.495s] -- Installing: /home/ali/ali_ws/autonomous/src/install/bumperbot_description/share/bumperbot_description/package.dsv
[0.495s] -- Installing: /home/ali/ali_ws/autonomous/src/install/bumperbot_description/share/ament_index/resource_index/packages/bumperbot_description
[0.495s] -- Installing: /home/ali/ali_ws/autonomous/src/install/bumperbot_description/share/bumperbot_description/cmake/bumperbot_descriptionConfig.cmake
[0.495s] -- Installing: /home/ali/ali_ws/autonomous/src/install/bumperbot_description/share/bumperbot_description/cmake/bumperbot_descriptionConfig-version.cmake
[0.495s] -- Installing: /home/ali/ali_ws/autonomous/src/install/bumperbot_description/share/bumperbot_description/package.xml
[0.497s] Invoked command in '/home/ali/ali_ws/autonomous/src/build/bumperbot_description' returned '0': CMAKE_PREFIX_PATH=/opt/ros/humble /usr/bin/cmake --install /home/ali/ali_ws/autonomous/src/build/bumperbot_description
