[0.335s] Invoking command in '/home/ali/ali_ws/autonomous/src/bumperbot_py_examples': PYTHONPATH=/home/ali/ali_ws/autonomous/build/bumperbot_py_examples/prefix_override:/usr/lib/python3/dist-packages/colcon_core/task/python/colcon_distutils_commands:/home/ali/ali_ws/autonomous/install/bumperbot_py_examples/lib/python3.10/site-packages:${PYTHONPATH} /usr/bin/python3 -W ignore:setup.py install is deprecated -W ignore:easy_install command is deprecated setup.py egg_info --egg-base ../../build/bumperbot_py_examples build --build-base /home/ali/ali_ws/autonomous/build/bumperbot_py_examples/build install --record /home/ali/ali_ws/autonomous/build/bumperbot_py_examples/install.log --single-version-externally-managed install_data
[0.460s] running egg_info
[0.461s] writing ../../build/bumperbot_py_examples/bumperbot_py_examples.egg-info/PKG-INFO
[0.461s] writing dependency_links to ../../build/bumperbot_py_examples/bumperbot_py_examples.egg-info/dependency_links.txt
[0.461s] writing entry points to ../../build/bumperbot_py_examples/bumperbot_py_examples.egg-info/entry_points.txt
[0.461s] writing requirements to ../../build/bumperbot_py_examples/bumperbot_py_examples.egg-info/requires.txt
[0.461s] writing top-level names to ../../build/bumperbot_py_examples/bumperbot_py_examples.egg-info/top_level.txt
[0.463s] reading manifest file '../../build/bumperbot_py_examples/bumperbot_py_examples.egg-info/SOURCES.txt'
[0.464s] writing manifest file '../../build/bumperbot_py_examples/bumperbot_py_examples.egg-info/SOURCES.txt'
[0.464s] running build
[0.464s] running build_py
[0.464s] running install
[0.464s] running install_lib
[0.465s] running install_data
[0.465s] running install_egg_info
[0.467s] removing '/home/ali/ali_ws/autonomous/install/bumperbot_py_examples/lib/python3.10/site-packages/bumperbot_py_examples-0.0.0-py3.10.egg-info' (and everything under it)
[0.467s] Copying ../../build/bumperbot_py_examples/bumperbot_py_examples.egg-info to /home/ali/ali_ws/autonomous/install/bumperbot_py_examples/lib/python3.10/site-packages/bumperbot_py_examples-0.0.0-py3.10.egg-info
[0.470s] running install_scripts
[0.492s] Installing simple_parameter script to /home/ali/ali_ws/autonomous/install/bumperbot_py_examples/lib/bumperbot_py_examples
[0.492s] Installing simple_publisher script to /home/ali/ali_ws/autonomous/install/bumperbot_py_examples/lib/bumperbot_py_examples
[0.492s] Installing simple_subscriber script to /home/ali/ali_ws/autonomous/install/bumperbot_py_examples/lib/bumperbot_py_examples
[0.492s] writing list of installed files to '/home/ali/ali_ws/autonomous/build/bumperbot_py_examples/install.log'
[0.509s] Invoked command in '/home/ali/ali_ws/autonomous/src/bumperbot_py_examples' returned '0': PYTHONPATH=/home/ali/ali_ws/autonomous/build/bumperbot_py_examples/prefix_override:/usr/lib/python3/dist-packages/colcon_core/task/python/colcon_distutils_commands:/home/ali/ali_ws/autonomous/install/bumperbot_py_examples/lib/python3.10/site-packages:${PYTHONPATH} /usr/bin/python3 -W ignore:setup.py install is deprecated -W ignore:easy_install command is deprecated setup.py egg_info --egg-base ../../build/bumperbot_py_examples build --build-base /home/ali/ali_ws/autonomous/build/bumperbot_py_examples/build install --record /home/ali/ali_ws/autonomous/build/bumperbot_py_examples/install.log --single-version-externally-managed install_data
