[0.006s] Invoking command in '/home/ali/ali_ws/autonomous/build/bumperbot_cpp_examples': AMENT_PREFIX_PATH=/home/ali/ali_ws/autonomous/install/bumperbot_msgs:${AMENT_PREFIX_PATH} CMAKE_PREFIX_PATH=/home/ali/ali_ws/autonomous/install/bumperbot_msgs:/opt/ros/humble LD_LIBRARY_PATH=/home/ali/ali_ws/autonomous/install/bumperbot_msgs/lib:${LD_LIBRARY_PATH} PYTHONPATH=/home/ali/ali_ws/autonomous/install/bumperbot_msgs/local/lib/python3.10/dist-packages:${PYTHONPATH} /usr/bin/cmake --build /home/ali/ali_ws/autonomous/build/bumperbot_cpp_examples -- -j24 -l24
[0.032s] -- Found ament_cmake: 1.3.12 (/opt/ros/humble/share/ament_cmake/cmake)
[0.120s] -- Found rclcpp: 16.0.15 (/opt/ros/humble/share/rclcpp/cmake)
[0.133s] -- Found rosidl_generator_c: 3.1.7 (/opt/ros/humble/share/rosidl_generator_c/cmake)
[0.134s] -- Found rosidl_adapter: 3.1.7 (/opt/ros/humble/share/rosidl_adapter/cmake)
[0.136s] -- Found rosidl_generator_cpp: 3.1.7 (/opt/ros/humble/share/rosidl_generator_cpp/cmake)
[0.141s] -- Using all available rosidl_typesupport_c: rosidl_typesupport_fastrtps_c;rosidl_typesupport_introspection_c
[0.146s] -- Using all available rosidl_typesupport_cpp: rosidl_typesupport_fastrtps_cpp;rosidl_typesupport_introspection_cpp
[0.161s] -- Found rmw_implementation_cmake: 6.1.2 (/opt/ros/humble/share/rmw_implementation_cmake/cmake)
[0.162s] -- Found rmw_fastrtps_cpp: 6.2.8 (/opt/ros/humble/share/rmw_fastrtps_cpp/cmake)
[0.215s] -- Using RMW implementation 'rmw_fastrtps_cpp' as default
[0.240s] -- Found turtlesim: 1.4.2 (/opt/ros/humble/share/turtlesim/cmake)
[0.264s] [31mCMake Error at /opt/ros/humble/share/ament_cmake_target_dependencies/cmake/ament_target_dependencies.cmake:77 (message):
[0.264s]   ament_target_dependencies() the passed package name 'bumperbot_msgs' was
[0.264s]   not found before
[0.264s] Call Stack (most recent call first):
[0.265s]   CMakeLists.txt:29 (ament_target_dependencies)
[0.265s] 
[0.265s] [0m
[0.265s] -- Configuring incomplete, errors occurred!
[0.265s] See also "/home/ali/ali_ws/autonomous/build/bumperbot_cpp_examples/CMakeFiles/CMakeOutput.log".
[0.268s] gmake: *** [Makefile:390: cmake_check_build_system] Error 1
[0.269s] Invoked command in '/home/ali/ali_ws/autonomous/build/bumperbot_cpp_examples' returned '2': AMENT_PREFIX_PATH=/home/ali/ali_ws/autonomous/install/bumperbot_msgs:${AMENT_PREFIX_PATH} CMAKE_PREFIX_PATH=/home/ali/ali_ws/autonomous/install/bumperbot_msgs:/opt/ros/humble LD_LIBRARY_PATH=/home/ali/ali_ws/autonomous/install/bumperbot_msgs/lib:${LD_LIBRARY_PATH} PYTHONPATH=/home/ali/ali_ws/autonomous/install/bumperbot_msgs/local/lib/python3.10/dist-packages:${PYTHONPATH} /usr/bin/cmake --build /home/ali/ali_ws/autonomous/build/bumperbot_cpp_examples -- -j24 -l24
