[0.012s] Invoking command in '/home/ali/ali_ws/autonomous/build/bumperbot_cpp_examples': CMAKE_PREFIX_PATH=${CMAKE_PREFIX_PATH}:/home/ali/ali_ws/autonomous/install/bumperbot_py_examples:/opt/ros/humble /usr/bin/cmake --build /home/ali/ali_ws/autonomous/build/bumperbot_cpp_examples -- -j24 -l24
[0.042s] [35m[1mConsolidate compiler generated dependencies of target simple_turtlesim_kinematics[0m
[0.042s] [35m[1mConsolidate compiler generated dependencies of target simple_publisher[0m
[0.045s] [35m[1mConsolidate compiler generated dependencies of target simple_parameter[0m
[0.045s] [35m[1mConsolidate compiler generated dependencies of target simple_subscriber[0m
[0.052s] [ 25%] Built target simple_publisher
[0.055s] [ 50%] Built target simple_parameter
[0.055s] [ 62%] [32mBuilding CXX object CMakeFiles/simple_turtlesim_kinematics.dir/src/simple_turtlesim_kinematics.cpp.o[0m
[0.056s] [ 87%] Built target simple_subscriber
[4.160s] [100%] [32m[1mLinking CXX executable simple_turtlesim_kinematics[0m
[4.384s] [100%] Built target simple_turtlesim_kinematics
[4.397s] Invoked command in '/home/ali/ali_ws/autonomous/build/bumperbot_cpp_examples' returned '0': CMAKE_PREFIX_PATH=${CMAKE_PREFIX_PATH}:/home/ali/ali_ws/autonomous/install/bumperbot_py_examples:/opt/ros/humble /usr/bin/cmake --build /home/ali/ali_ws/autonomous/build/bumperbot_cpp_examples -- -j24 -l24
[4.398s] Invoking command in '/home/ali/ali_ws/autonomous/build/bumperbot_cpp_examples': CMAKE_PREFIX_PATH=${CMAKE_PREFIX_PATH}:/home/ali/ali_ws/autonomous/install/bumperbot_py_examples:/opt/ros/humble /usr/bin/cmake --install /home/ali/ali_ws/autonomous/build/bumperbot_cpp_examples
[4.403s] -- Install configuration: ""
[4.403s] -- Installing: /home/ali/ali_ws/autonomous/install/bumperbot_cpp_examples/include/include
[4.403s] -- Installing: /home/ali/ali_ws/autonomous/install/bumperbot_cpp_examples/include/include/bumperbot_cpp_examples
[4.403s] -- Installing: /home/ali/ali_ws/autonomous/install/bumperbot_cpp_examples/include/include/bumperbot_cpp_examples/simple_turtlesim_kinematics.hpp
[4.403s] -- Installing: /home/ali/ali_ws/autonomous/install/bumperbot_cpp_examples/lib/bumperbot_cpp_examples/simple_publisher
[4.404s] -- Set runtime path of "/home/ali/ali_ws/autonomous/install/bumperbot_cpp_examples/lib/bumperbot_cpp_examples/simple_publisher" to ""
[4.404s] -- Installing: /home/ali/ali_ws/autonomous/install/bumperbot_cpp_examples/lib/bumperbot_cpp_examples/simple_subscriber
[4.406s] -- Set runtime path of "/home/ali/ali_ws/autonomous/install/bumperbot_cpp_examples/lib/bumperbot_cpp_examples/simple_subscriber" to ""
[4.406s] -- Installing: /home/ali/ali_ws/autonomous/install/bumperbot_cpp_examples/lib/bumperbot_cpp_examples/simple_parameter
[4.406s] -- Set runtime path of "/home/ali/ali_ws/autonomous/install/bumperbot_cpp_examples/lib/bumperbot_cpp_examples/simple_parameter" to ""
[4.406s] -- Installing: /home/ali/ali_ws/autonomous/install/bumperbot_cpp_examples/lib/bumperbot_cpp_examples/simple_turtlesim_kinematics
[4.408s] -- Set runtime path of "/home/ali/ali_ws/autonomous/install/bumperbot_cpp_examples/lib/bumperbot_cpp_examples/simple_turtlesim_kinematics" to ""
[4.408s] -- Up-to-date: /home/ali/ali_ws/autonomous/install/bumperbot_cpp_examples/share/ament_index/resource_index/package_run_dependencies/bumperbot_cpp_examples
[4.408s] -- Installing: /home/ali/ali_ws/autonomous/install/bumperbot_cpp_examples/share/ament_index/resource_index/parent_prefix_path/bumperbot_cpp_examples
[4.408s] -- Up-to-date: /home/ali/ali_ws/autonomous/install/bumperbot_cpp_examples/share/bumperbot_cpp_examples/environment/ament_prefix_path.sh
[4.408s] -- Installing: /home/ali/ali_ws/autonomous/install/bumperbot_cpp_examples/share/bumperbot_cpp_examples/environment/ament_prefix_path.dsv
[4.408s] -- Up-to-date: /home/ali/ali_ws/autonomous/install/bumperbot_cpp_examples/share/bumperbot_cpp_examples/environment/path.sh
[4.408s] -- Installing: /home/ali/ali_ws/autonomous/install/bumperbot_cpp_examples/share/bumperbot_cpp_examples/environment/path.dsv
[4.408s] -- Up-to-date: /home/ali/ali_ws/autonomous/install/bumperbot_cpp_examples/share/bumperbot_cpp_examples/local_setup.bash
[4.408s] -- Up-to-date: /home/ali/ali_ws/autonomous/install/bumperbot_cpp_examples/share/bumperbot_cpp_examples/local_setup.sh
[4.408s] -- Up-to-date: /home/ali/ali_ws/autonomous/install/bumperbot_cpp_examples/share/bumperbot_cpp_examples/local_setup.zsh
[4.408s] -- Installing: /home/ali/ali_ws/autonomous/install/bumperbot_cpp_examples/share/bumperbot_cpp_examples/local_setup.dsv
[4.408s] -- Installing: /home/ali/ali_ws/autonomous/install/bumperbot_cpp_examples/share/bumperbot_cpp_examples/package.dsv
[4.408s] -- Up-to-date: /home/ali/ali_ws/autonomous/install/bumperbot_cpp_examples/share/ament_index/resource_index/packages/bumperbot_cpp_examples
[4.408s] -- Up-to-date: /home/ali/ali_ws/autonomous/install/bumperbot_cpp_examples/share/bumperbot_cpp_examples/cmake/bumperbot_cpp_examplesConfig.cmake
[4.408s] -- Up-to-date: /home/ali/ali_ws/autonomous/install/bumperbot_cpp_examples/share/bumperbot_cpp_examples/cmake/bumperbot_cpp_examplesConfig-version.cmake
[4.409s] -- Up-to-date: /home/ali/ali_ws/autonomous/install/bumperbot_cpp_examples/share/bumperbot_cpp_examples/package.xml
[4.410s] Invoked command in '/home/ali/ali_ws/autonomous/build/bumperbot_cpp_examples' returned '0': CMAKE_PREFIX_PATH=${CMAKE_PREFIX_PATH}:/home/ali/ali_ws/autonomous/install/bumperbot_py_examples:/opt/ros/humble /usr/bin/cmake --install /home/ali/ali_ws/autonomous/build/bumperbot_cpp_examples
