[0.010s] Invoking command in '/home/ali/ali_ws/autonomous/src/build/bumperbot_msgs': CMAKE_PREFIX_PATH=/opt/ros/humble /usr/bin/cmake /home/ali/ali_ws/autonomous/src/bumperbot_msgs -DCMAKE_INSTALL_PREFIX=/home/ali/ali_ws/autonomous/src/install/bumperbot_msgs
[0.019s] -- Found ament_cmake: 1.3.12 (/opt/ros/humble/share/ament_cmake/cmake)
[0.110s] -- Found geometry_msgs: 4.9.0 (/opt/ros/humble/share/geometry_msgs/cmake)
[0.123s] -- Found rosidl_generator_c: 3.1.7 (/opt/ros/humble/share/rosidl_generator_c/cmake)
[0.124s] -- Found rosidl_adapter: 3.1.7 (/opt/ros/humble/share/rosidl_adapter/cmake)
[0.127s] -- Found rosidl_generator_cpp: 3.1.7 (/opt/ros/humble/share/rosidl_generator_cpp/cmake)
[0.131s] -- Using all available rosidl_typesupport_c: rosidl_typesupport_fastrtps_c;rosidl_typesupport_introspection_c
[0.138s] -- Using all available rosidl_typesupport_cpp: rosidl_typesupport_fastrtps_cpp;rosidl_typesupport_introspection_cpp
[0.156s] -- Found rosidl_default_generators: 1.2.0 (/opt/ros/humble/share/rosidl_default_generators/cmake)
[0.274s] [31mCMake Error at /opt/ros/humble/share/rosidl_cmake/cmake/rosidl_generate_interfaces.cmake:229 (message):
[0.274s]   Packages installing interfaces must include
[0.274s]   '<member_of_group>rosidl_interface_packages</member_of_group>' in their
[0.274s]   package.xml
[0.274s] Call Stack (most recent call first):
[0.274s]   CMakeLists.txt:13 (rosidl_generate_interfaces)
[0.274s] 
[0.274s] [0m
[0.274s] -- Configuring incomplete, errors occurred!
[0.274s] See also "/home/ali/ali_ws/autonomous/src/build/bumperbot_msgs/CMakeFiles/CMakeOutput.log".
[0.279s] Invoked command in '/home/ali/ali_ws/autonomous/src/build/bumperbot_msgs' returned '1': CMAKE_PREFIX_PATH=/opt/ros/humble /usr/bin/cmake /home/ali/ali_ws/autonomous/src/bumperbot_msgs -DCMAKE_INSTALL_PREFIX=/home/ali/ali_ws/autonomous/src/install/bumperbot_msgs
