[0.045s] DEBUG:colcon:Command line arguments: ['/usr/bin/colcon', 'build']
[0.045s] DEBUG:colcon:Parsed command line arguments: Namespace(log_base=None, log_level=None, verb_name='build', build_base='build', install_base='install', merge_install=False, symlink_install=False, test_result_base=None, continue_on_error=False, executor='parallel', parallel_workers=24, event_handlers=None, ignore_user_meta=False, metas=['./colcon.meta'], base_paths=['.'], packages_ignore=None, packages_ignore_regex=None, paths=None, packages_up_to=None, packages_up_to_regex=None, packages_above=None, packages_above_and_dependencies=None, packages_above_depth=None, packages_select_by_dep=None, packages_skip_by_dep=None, packages_skip_up_to=None, packages_select_build_failed=False, packages_skip_build_finished=False, packages_select_test_failures=False, packages_skip_test_passed=False, packages_select=None, packages_skip=None, packages_select_regex=None, packages_skip_regex=None, packages_start=None, packages_end=None, allow_overriding=[], cmake_args=None, cmake_target=None, cmake_target_skip_unavailable=False, cmake_clean_cache=False, cmake_clean_first=False, cmake_force_configure=False, ament_cmake_args=None, catkin_cmake_args=None, catkin_skip_building_tests=False, verb_parser=<colcon_defaults.argument_parser.defaults.DefaultArgumentsDecorator object at 0x74eaedfcc400>, verb_extension=<colcon_core.verb.build.BuildVerb object at 0x74eaedf9beb0>, main=<bound method BuildVerb.main of <colcon_core.verb.build.BuildVerb object at 0x74eaedf9beb0>>)
[0.111s] Level 1:colcon.colcon_core.package_discovery:discover_packages(colcon_meta) check parameters
[0.111s] Level 1:colcon.colcon_core.package_discovery:discover_packages(recursive) check parameters
[0.111s] Level 1:colcon.colcon_core.package_discovery:discover_packages(ignore) check parameters
[0.111s] Level 1:colcon.colcon_core.package_discovery:discover_packages(path) check parameters
[0.111s] Level 1:colcon.colcon_core.package_discovery:discover_packages(colcon_meta) discover
[0.111s] Level 1:colcon.colcon_core.package_discovery:discover_packages(recursive) discover
[0.111s] INFO:colcon.colcon_core.package_discovery:Crawling recursively for packages in '/home/ali/ali_ws/autonomous'
[0.111s] Level 1:colcon.colcon_core.package_identification:_identify(.) by extensions ['ignore', 'ignore_ament_install']
[0.111s] Level 1:colcon.colcon_core.package_identification:_identify(.) by extension 'ignore'
[0.111s] Level 1:colcon.colcon_core.package_identification:_identify(.) by extension 'ignore_ament_install'
[0.111s] Level 1:colcon.colcon_core.package_identification:_identify(.) by extensions ['colcon_pkg']
[0.111s] Level 1:colcon.colcon_core.package_identification:_identify(.) by extension 'colcon_pkg'
[0.111s] Level 1:colcon.colcon_core.package_identification:_identify(.) by extensions ['colcon_meta']
[0.111s] Level 1:colcon.colcon_core.package_identification:_identify(.) by extension 'colcon_meta'
[0.111s] Level 1:colcon.colcon_core.package_identification:_identify(.) by extensions ['ros']
[0.111s] Level 1:colcon.colcon_core.package_identification:_identify(.) by extension 'ros'
[0.117s] Level 1:colcon.colcon_core.package_identification:_identify(.) by extensions ['cmake', 'python']
[0.117s] Level 1:colcon.colcon_core.package_identification:_identify(.) by extension 'cmake'
[0.117s] Level 1:colcon.colcon_core.package_identification:_identify(.) by extension 'python'
[0.117s] Level 1:colcon.colcon_core.package_identification:_identify(.) by extensions ['python_setup_py']
[0.117s] Level 1:colcon.colcon_core.package_identification:_identify(.) by extension 'python_setup_py'
[0.117s] Level 1:colcon.colcon_core.package_identification:_identify(build) by extensions ['ignore', 'ignore_ament_install']
[0.117s] Level 1:colcon.colcon_core.package_identification:_identify(build) by extension 'ignore'
[0.117s] Level 1:colcon.colcon_core.package_identification:_identify(build) ignored
[0.117s] Level 1:colcon.colcon_core.package_identification:_identify(install) by extensions ['ignore', 'ignore_ament_install']
[0.117s] Level 1:colcon.colcon_core.package_identification:_identify(install) by extension 'ignore'
[0.117s] Level 1:colcon.colcon_core.package_identification:_identify(install) ignored
[0.117s] Level 1:colcon.colcon_core.package_identification:_identify(log) by extensions ['ignore', 'ignore_ament_install']
[0.117s] Level 1:colcon.colcon_core.package_identification:_identify(log) by extension 'ignore'
[0.117s] Level 1:colcon.colcon_core.package_identification:_identify(log) ignored
[0.117s] Level 1:colcon.colcon_core.package_identification:_identify(src) by extensions ['ignore', 'ignore_ament_install']
[0.117s] Level 1:colcon.colcon_core.package_identification:_identify(src) by extension 'ignore'
[0.117s] Level 1:colcon.colcon_core.package_identification:_identify(src) by extension 'ignore_ament_install'
[0.117s] Level 1:colcon.colcon_core.package_identification:_identify(src) by extensions ['colcon_pkg']
[0.117s] Level 1:colcon.colcon_core.package_identification:_identify(src) by extension 'colcon_pkg'
[0.117s] Level 1:colcon.colcon_core.package_identification:_identify(src) by extensions ['colcon_meta']
[0.117s] Level 1:colcon.colcon_core.package_identification:_identify(src) by extension 'colcon_meta'
[0.117s] Level 1:colcon.colcon_core.package_identification:_identify(src) by extensions ['ros']
[0.117s] Level 1:colcon.colcon_core.package_identification:_identify(src) by extension 'ros'
[0.117s] Level 1:colcon.colcon_core.package_identification:_identify(src) by extensions ['cmake', 'python']
[0.117s] Level 1:colcon.colcon_core.package_identification:_identify(src) by extension 'cmake'
[0.117s] Level 1:colcon.colcon_core.package_identification:_identify(src) by extension 'python'
[0.117s] Level 1:colcon.colcon_core.package_identification:_identify(src) by extensions ['python_setup_py']
[0.117s] Level 1:colcon.colcon_core.package_identification:_identify(src) by extension 'python_setup_py'
[0.117s] Level 1:colcon.colcon_core.package_identification:_identify(src/bumperbot_controller) by extensions ['ignore', 'ignore_ament_install']
[0.117s] Level 1:colcon.colcon_core.package_identification:_identify(src/bumperbot_controller) by extension 'ignore'
[0.117s] Level 1:colcon.colcon_core.package_identification:_identify(src/bumperbot_controller) by extension 'ignore_ament_install'
[0.117s] Level 1:colcon.colcon_core.package_identification:_identify(src/bumperbot_controller) by extensions ['colcon_pkg']
[0.117s] Level 1:colcon.colcon_core.package_identification:_identify(src/bumperbot_controller) by extension 'colcon_pkg'
[0.117s] Level 1:colcon.colcon_core.package_identification:_identify(src/bumperbot_controller) by extensions ['colcon_meta']
[0.117s] Level 1:colcon.colcon_core.package_identification:_identify(src/bumperbot_controller) by extension 'colcon_meta'
[0.117s] Level 1:colcon.colcon_core.package_identification:_identify(src/bumperbot_controller) by extensions ['ros']
[0.117s] Level 1:colcon.colcon_core.package_identification:_identify(src/bumperbot_controller) by extension 'ros'
[0.119s] DEBUG:colcon.colcon_core.package_identification:Package 'src/bumperbot_controller' with type 'ros.ament_cmake' and name 'bumperbot_controller'
[0.119s] Level 1:colcon.colcon_core.package_identification:_identify(src/bumperbot_cpp_examples) by extensions ['ignore', 'ignore_ament_install']
[0.119s] Level 1:colcon.colcon_core.package_identification:_identify(src/bumperbot_cpp_examples) by extension 'ignore'
[0.119s] Level 1:colcon.colcon_core.package_identification:_identify(src/bumperbot_cpp_examples) by extension 'ignore_ament_install'
[0.119s] Level 1:colcon.colcon_core.package_identification:_identify(src/bumperbot_cpp_examples) by extensions ['colcon_pkg']
[0.119s] Level 1:colcon.colcon_core.package_identification:_identify(src/bumperbot_cpp_examples) by extension 'colcon_pkg'
[0.119s] Level 1:colcon.colcon_core.package_identification:_identify(src/bumperbot_cpp_examples) by extensions ['colcon_meta']
[0.119s] Level 1:colcon.colcon_core.package_identification:_identify(src/bumperbot_cpp_examples) by extension 'colcon_meta'
[0.119s] Level 1:colcon.colcon_core.package_identification:_identify(src/bumperbot_cpp_examples) by extensions ['ros']
[0.119s] Level 1:colcon.colcon_core.package_identification:_identify(src/bumperbot_cpp_examples) by extension 'ros'
[0.119s] DEBUG:colcon.colcon_core.package_identification:Package 'src/bumperbot_cpp_examples' with type 'ros.ament_cmake' and name 'bumperbot_cpp_examples'
[0.119s] Level 1:colcon.colcon_core.package_identification:_identify(src/bumperbot_description) by extensions ['ignore', 'ignore_ament_install']
[0.119s] Level 1:colcon.colcon_core.package_identification:_identify(src/bumperbot_description) by extension 'ignore'
[0.119s] Level 1:colcon.colcon_core.package_identification:_identify(src/bumperbot_description) by extension 'ignore_ament_install'
[0.119s] Level 1:colcon.colcon_core.package_identification:_identify(src/bumperbot_description) by extensions ['colcon_pkg']
[0.119s] Level 1:colcon.colcon_core.package_identification:_identify(src/bumperbot_description) by extension 'colcon_pkg'
[0.119s] Level 1:colcon.colcon_core.package_identification:_identify(src/bumperbot_description) by extensions ['colcon_meta']
[0.119s] Level 1:colcon.colcon_core.package_identification:_identify(src/bumperbot_description) by extension 'colcon_meta'
[0.119s] Level 1:colcon.colcon_core.package_identification:_identify(src/bumperbot_description) by extensions ['ros']
[0.119s] Level 1:colcon.colcon_core.package_identification:_identify(src/bumperbot_description) by extension 'ros'
[0.121s] DEBUG:colcon.colcon_core.package_identification:Package 'src/bumperbot_description' with type 'ros.ament_cmake' and name 'bumperbot_description'
[0.121s] Level 1:colcon.colcon_core.package_identification:_identify(src/bumperbot_py_examples) by extensions ['ignore', 'ignore_ament_install']
[0.121s] Level 1:colcon.colcon_core.package_identification:_identify(src/bumperbot_py_examples) by extension 'ignore'
[0.121s] Level 1:colcon.colcon_core.package_identification:_identify(src/bumperbot_py_examples) by extension 'ignore_ament_install'
[0.121s] Level 1:colcon.colcon_core.package_identification:_identify(src/bumperbot_py_examples) by extensions ['colcon_pkg']
[0.121s] Level 1:colcon.colcon_core.package_identification:_identify(src/bumperbot_py_examples) by extension 'colcon_pkg'
[0.121s] Level 1:colcon.colcon_core.package_identification:_identify(src/bumperbot_py_examples) by extensions ['colcon_meta']
[0.121s] Level 1:colcon.colcon_core.package_identification:_identify(src/bumperbot_py_examples) by extension 'colcon_meta'
[0.121s] Level 1:colcon.colcon_core.package_identification:_identify(src/bumperbot_py_examples) by extensions ['ros']
[0.121s] Level 1:colcon.colcon_core.package_identification:_identify(src/bumperbot_py_examples) by extension 'ros'
[0.121s] DEBUG:colcon.colcon_core.package_identification:Package 'src/bumperbot_py_examples' with type 'ros.ament_python' and name 'bumperbot_py_examples'
[0.121s] Level 1:colcon.colcon_core.package_discovery:discover_packages(recursive) using defaults
[0.121s] Level 1:colcon.colcon_core.package_discovery:discover_packages(ignore) discover
[0.121s] Level 1:colcon.colcon_core.package_discovery:discover_packages(ignore) using defaults
[0.121s] Level 1:colcon.colcon_core.package_discovery:discover_packages(path) discover
[0.121s] Level 1:colcon.colcon_core.package_discovery:discover_packages(path) using defaults
[0.135s] Level 1:colcon.colcon_core.package_discovery:discover_packages(prefix_path) check parameters
[0.135s] Level 1:colcon.colcon_core.package_discovery:discover_packages(prefix_path) discover
[0.136s] DEBUG:colcon.colcon_installed_package_information.package_discovery:Found 4 installed packages in /home/ali/ali_ws/autonomous/install
[0.137s] DEBUG:colcon.colcon_installed_package_information.package_discovery:Found 302 installed packages in /opt/ros/humble
[0.137s] Level 1:colcon.colcon_core.package_discovery:discover_packages(prefix_path) using defaults
[0.154s] Level 5:colcon.colcon_core.verb:set package 'bumperbot_controller' build argument 'cmake_args' from command line to 'None'
[0.154s] Level 5:colcon.colcon_core.verb:set package 'bumperbot_controller' build argument 'cmake_target' from command line to 'None'
[0.154s] Level 5:colcon.colcon_core.verb:set package 'bumperbot_controller' build argument 'cmake_target_skip_unavailable' from command line to 'False'
[0.154s] Level 5:colcon.colcon_core.verb:set package 'bumperbot_controller' build argument 'cmake_clean_cache' from command line to 'False'
[0.154s] Level 5:colcon.colcon_core.verb:set package 'bumperbot_controller' build argument 'cmake_clean_first' from command line to 'False'
[0.154s] Level 5:colcon.colcon_core.verb:set package 'bumperbot_controller' build argument 'cmake_force_configure' from command line to 'False'
[0.154s] Level 5:colcon.colcon_core.verb:set package 'bumperbot_controller' build argument 'ament_cmake_args' from command line to 'None'
[0.154s] Level 5:colcon.colcon_core.verb:set package 'bumperbot_controller' build argument 'catkin_cmake_args' from command line to 'None'
[0.154s] Level 5:colcon.colcon_core.verb:set package 'bumperbot_controller' build argument 'catkin_skip_building_tests' from command line to 'False'
[0.154s] DEBUG:colcon.colcon_core.verb:Building package 'bumperbot_controller' with the following arguments: {'ament_cmake_args': None, 'build_base': '/home/ali/ali_ws/autonomous/build/bumperbot_controller', 'catkin_cmake_args': None, 'catkin_skip_building_tests': False, 'cmake_args': None, 'cmake_clean_cache': False, 'cmake_clean_first': False, 'cmake_force_configure': False, 'cmake_target': None, 'cmake_target_skip_unavailable': False, 'install_base': '/home/ali/ali_ws/autonomous/install/bumperbot_controller', 'merge_install': False, 'path': '/home/ali/ali_ws/autonomous/src/bumperbot_controller', 'symlink_install': False, 'test_result_base': None}
[0.154s] Level 5:colcon.colcon_core.verb:set package 'bumperbot_cpp_examples' build argument 'cmake_args' from command line to 'None'
[0.154s] Level 5:colcon.colcon_core.verb:set package 'bumperbot_cpp_examples' build argument 'cmake_target' from command line to 'None'
[0.154s] Level 5:colcon.colcon_core.verb:set package 'bumperbot_cpp_examples' build argument 'cmake_target_skip_unavailable' from command line to 'False'
[0.154s] Level 5:colcon.colcon_core.verb:set package 'bumperbot_cpp_examples' build argument 'cmake_clean_cache' from command line to 'False'
[0.154s] Level 5:colcon.colcon_core.verb:set package 'bumperbot_cpp_examples' build argument 'cmake_clean_first' from command line to 'False'
[0.154s] Level 5:colcon.colcon_core.verb:set package 'bumperbot_cpp_examples' build argument 'cmake_force_configure' from command line to 'False'
[0.154s] Level 5:colcon.colcon_core.verb:set package 'bumperbot_cpp_examples' build argument 'ament_cmake_args' from command line to 'None'
[0.154s] Level 5:colcon.colcon_core.verb:set package 'bumperbot_cpp_examples' build argument 'catkin_cmake_args' from command line to 'None'
[0.154s] Level 5:colcon.colcon_core.verb:set package 'bumperbot_cpp_examples' build argument 'catkin_skip_building_tests' from command line to 'False'
[0.154s] DEBUG:colcon.colcon_core.verb:Building package 'bumperbot_cpp_examples' with the following arguments: {'ament_cmake_args': None, 'build_base': '/home/ali/ali_ws/autonomous/build/bumperbot_cpp_examples', 'catkin_cmake_args': None, 'catkin_skip_building_tests': False, 'cmake_args': None, 'cmake_clean_cache': False, 'cmake_clean_first': False, 'cmake_force_configure': False, 'cmake_target': None, 'cmake_target_skip_unavailable': False, 'install_base': '/home/ali/ali_ws/autonomous/install/bumperbot_cpp_examples', 'merge_install': False, 'path': '/home/ali/ali_ws/autonomous/src/bumperbot_cpp_examples', 'symlink_install': False, 'test_result_base': None}
[0.155s] Level 5:colcon.colcon_core.verb:set package 'bumperbot_description' build argument 'cmake_args' from command line to 'None'
[0.155s] Level 5:colcon.colcon_core.verb:set package 'bumperbot_description' build argument 'cmake_target' from command line to 'None'
[0.155s] Level 5:colcon.colcon_core.verb:set package 'bumperbot_description' build argument 'cmake_target_skip_unavailable' from command line to 'False'
[0.155s] Level 5:colcon.colcon_core.verb:set package 'bumperbot_description' build argument 'cmake_clean_cache' from command line to 'False'
[0.155s] Level 5:colcon.colcon_core.verb:set package 'bumperbot_description' build argument 'cmake_clean_first' from command line to 'False'
[0.155s] Level 5:colcon.colcon_core.verb:set package 'bumperbot_description' build argument 'cmake_force_configure' from command line to 'False'
[0.155s] Level 5:colcon.colcon_core.verb:set package 'bumperbot_description' build argument 'ament_cmake_args' from command line to 'None'
[0.155s] Level 5:colcon.colcon_core.verb:set package 'bumperbot_description' build argument 'catkin_cmake_args' from command line to 'None'
[0.155s] Level 5:colcon.colcon_core.verb:set package 'bumperbot_description' build argument 'catkin_skip_building_tests' from command line to 'False'
[0.155s] DEBUG:colcon.colcon_core.verb:Building package 'bumperbot_description' with the following arguments: {'ament_cmake_args': None, 'build_base': '/home/ali/ali_ws/autonomous/build/bumperbot_description', 'catkin_cmake_args': None, 'catkin_skip_building_tests': False, 'cmake_args': None, 'cmake_clean_cache': False, 'cmake_clean_first': False, 'cmake_force_configure': False, 'cmake_target': None, 'cmake_target_skip_unavailable': False, 'install_base': '/home/ali/ali_ws/autonomous/install/bumperbot_description', 'merge_install': False, 'path': '/home/ali/ali_ws/autonomous/src/bumperbot_description', 'symlink_install': False, 'test_result_base': None}
[0.155s] Level 5:colcon.colcon_core.verb:set package 'bumperbot_py_examples' build argument 'cmake_args' from command line to 'None'
[0.155s] Level 5:colcon.colcon_core.verb:set package 'bumperbot_py_examples' build argument 'cmake_target' from command line to 'None'
[0.155s] Level 5:colcon.colcon_core.verb:set package 'bumperbot_py_examples' build argument 'cmake_target_skip_unavailable' from command line to 'False'
[0.155s] Level 5:colcon.colcon_core.verb:set package 'bumperbot_py_examples' build argument 'cmake_clean_cache' from command line to 'False'
[0.155s] Level 5:colcon.colcon_core.verb:set package 'bumperbot_py_examples' build argument 'cmake_clean_first' from command line to 'False'
[0.155s] Level 5:colcon.colcon_core.verb:set package 'bumperbot_py_examples' build argument 'cmake_force_configure' from command line to 'False'
[0.155s] Level 5:colcon.colcon_core.verb:set package 'bumperbot_py_examples' build argument 'ament_cmake_args' from command line to 'None'
[0.155s] Level 5:colcon.colcon_core.verb:set package 'bumperbot_py_examples' build argument 'catkin_cmake_args' from command line to 'None'
[0.155s] Level 5:colcon.colcon_core.verb:set package 'bumperbot_py_examples' build argument 'catkin_skip_building_tests' from command line to 'False'
[0.155s] DEBUG:colcon.colcon_core.verb:Building package 'bumperbot_py_examples' with the following arguments: {'ament_cmake_args': None, 'build_base': '/home/ali/ali_ws/autonomous/build/bumperbot_py_examples', 'catkin_cmake_args': None, 'catkin_skip_building_tests': False, 'cmake_args': None, 'cmake_clean_cache': False, 'cmake_clean_first': False, 'cmake_force_configure': False, 'cmake_target': None, 'cmake_target_skip_unavailable': False, 'install_base': '/home/ali/ali_ws/autonomous/install/bumperbot_py_examples', 'merge_install': False, 'path': '/home/ali/ali_ws/autonomous/src/bumperbot_py_examples', 'symlink_install': False, 'test_result_base': None}
[0.155s] INFO:colcon.colcon_core.executor:Executing jobs using 'parallel' executor
[0.155s] DEBUG:colcon.colcon_parallel_executor.executor.parallel:run_until_complete
[0.156s] INFO:colcon.colcon_ros.task.ament_cmake.build:Building ROS package in '/home/ali/ali_ws/autonomous/src/bumperbot_controller' with build type 'ament_cmake'
[0.156s] INFO:colcon.colcon_cmake.task.cmake.build:Building CMake package in '/home/ali/ali_ws/autonomous/src/bumperbot_controller'
[0.157s] INFO:colcon.colcon_core.plugin_system:Skipping extension 'colcon_core.shell.bat': Not used on non-Windows systems
[0.157s] INFO:colcon.colcon_core.shell:Skip shell extension 'powershell' for command environment: Not usable outside of PowerShell
[0.157s] DEBUG:colcon.colcon_core.shell:Skip shell extension 'dsv' for command environment
[0.158s] INFO:colcon.colcon_ros.task.ament_cmake.build:Building ROS package in '/home/ali/ali_ws/autonomous/src/bumperbot_cpp_examples' with build type 'ament_cmake'
[0.158s] INFO:colcon.colcon_cmake.task.cmake.build:Building CMake package in '/home/ali/ali_ws/autonomous/src/bumperbot_cpp_examples'
[0.158s] INFO:colcon.colcon_core.shell:Skip shell extension 'powershell' for command environment: Not usable outside of PowerShell
[0.158s] DEBUG:colcon.colcon_core.shell:Skip shell extension 'dsv' for command environment
[0.160s] INFO:colcon.colcon_ros.task.ament_cmake.build:Building ROS package in '/home/ali/ali_ws/autonomous/src/bumperbot_description' with build type 'ament_cmake'
[0.160s] INFO:colcon.colcon_cmake.task.cmake.build:Building CMake package in '/home/ali/ali_ws/autonomous/src/bumperbot_description'
[0.160s] INFO:colcon.colcon_core.shell:Skip shell extension 'powershell' for command environment: Not usable outside of PowerShell
[0.160s] DEBUG:colcon.colcon_core.shell:Skip shell extension 'dsv' for command environment
[0.161s] INFO:colcon.colcon_ros.task.ament_python.build:Building ROS package in '/home/ali/ali_ws/autonomous/src/bumperbot_py_examples' with build type 'ament_python'
[0.162s] Level 1:colcon.colcon_core.shell:create_environment_hook('bumperbot_py_examples', 'ament_prefix_path')
[0.162s] INFO:colcon.colcon_core.shell:Creating environment hook '/home/ali/ali_ws/autonomous/install/bumperbot_py_examples/share/bumperbot_py_examples/hook/ament_prefix_path.ps1'
[0.162s] INFO:colcon.colcon_core.shell:Creating environment descriptor '/home/ali/ali_ws/autonomous/install/bumperbot_py_examples/share/bumperbot_py_examples/hook/ament_prefix_path.dsv'
[0.162s] INFO:colcon.colcon_core.shell:Creating environment hook '/home/ali/ali_ws/autonomous/install/bumperbot_py_examples/share/bumperbot_py_examples/hook/ament_prefix_path.sh'
[0.162s] INFO:colcon.colcon_core.shell:Skip shell extension 'powershell' for command environment: Not usable outside of PowerShell
[0.162s] DEBUG:colcon.colcon_core.shell:Skip shell extension 'dsv' for command environment
[0.166s] DEBUG:colcon.colcon_core.event_handler.log_command:Invoking command in '/home/ali/ali_ws/autonomous/build/bumperbot_controller': CMAKE_PREFIX_PATH=${CMAKE_PREFIX_PATH}:/home/ali/ali_ws/autonomous/install/bumperbot_py_examples:/opt/ros/humble /usr/bin/cmake --build /home/ali/ali_ws/autonomous/build/bumperbot_controller -- -j24 -l24
[0.167s] DEBUG:colcon.colcon_core.event_handler.log_command:Invoking command in '/home/ali/ali_ws/autonomous/build/bumperbot_cpp_examples': CMAKE_PREFIX_PATH=${CMAKE_PREFIX_PATH}:/home/ali/ali_ws/autonomous/install/bumperbot_py_examples:/opt/ros/humble /usr/bin/cmake --build /home/ali/ali_ws/autonomous/build/bumperbot_cpp_examples -- -j24 -l24
[0.168s] DEBUG:colcon.colcon_core.event_handler.log_command:Invoking command in '/home/ali/ali_ws/autonomous/build/bumperbot_description': CMAKE_PREFIX_PATH=${CMAKE_PREFIX_PATH}:/home/ali/ali_ws/autonomous/install/bumperbot_py_examples:/opt/ros/humble /usr/bin/cmake --build /home/ali/ali_ws/autonomous/build/bumperbot_description -- -j24 -l24
[0.289s] INFO:colcon.colcon_core.task.python.build:Building Python package in '/home/ali/ali_ws/autonomous/src/bumperbot_py_examples'
[0.289s] INFO:colcon.colcon_core.shell:Skip shell extension 'powershell' for command environment: Not usable outside of PowerShell
[0.289s] DEBUG:colcon.colcon_core.shell:Skip shell extension 'dsv' for command environment
[0.293s] DEBUG:colcon.colcon_core.event_handler.log_command:Invoked command in '/home/ali/ali_ws/autonomous/build/bumperbot_cpp_examples' returned '0': CMAKE_PREFIX_PATH=${CMAKE_PREFIX_PATH}:/home/ali/ali_ws/autonomous/install/bumperbot_py_examples:/opt/ros/humble /usr/bin/cmake --build /home/ali/ali_ws/autonomous/build/bumperbot_cpp_examples -- -j24 -l24
[0.298s] DEBUG:colcon.colcon_core.event_handler.log_command:Invoking command in '/home/ali/ali_ws/autonomous/build/bumperbot_cpp_examples': CMAKE_PREFIX_PATH=${CMAKE_PREFIX_PATH}:/home/ali/ali_ws/autonomous/install/bumperbot_py_examples:/opt/ros/humble /usr/bin/cmake --install /home/ali/ali_ws/autonomous/build/bumperbot_cpp_examples
[0.298s] DEBUG:colcon.colcon_core.event_handler.log_command:Invoked command in '/home/ali/ali_ws/autonomous/build/bumperbot_description' returned '0': CMAKE_PREFIX_PATH=${CMAKE_PREFIX_PATH}:/home/ali/ali_ws/autonomous/install/bumperbot_py_examples:/opt/ros/humble /usr/bin/cmake --build /home/ali/ali_ws/autonomous/build/bumperbot_description -- -j24 -l24
[0.299s] DEBUG:colcon.colcon_core.event_handler.log_command:Invoking command in '/home/ali/ali_ws/autonomous/build/bumperbot_description': CMAKE_PREFIX_PATH=${CMAKE_PREFIX_PATH}:/home/ali/ali_ws/autonomous/install/bumperbot_py_examples:/opt/ros/humble /usr/bin/cmake --install /home/ali/ali_ws/autonomous/build/bumperbot_description
[0.306s] Level 1:colcon.colcon_core.environment:create_environment_scripts_only(bumperbot_cpp_examples)
[0.306s] DEBUG:colcon.colcon_core.event_handler.log_command:Invoked command in '/home/ali/ali_ws/autonomous/build/bumperbot_cpp_examples' returned '0': CMAKE_PREFIX_PATH=${CMAKE_PREFIX_PATH}:/home/ali/ali_ws/autonomous/install/bumperbot_py_examples:/opt/ros/humble /usr/bin/cmake --install /home/ali/ali_ws/autonomous/build/bumperbot_cpp_examples
[0.307s] Level 1:colcon.colcon_core.environment:checking '/home/ali/ali_ws/autonomous/install/bumperbot_cpp_examples' for CMake module files
[0.308s] Level 1:colcon.colcon_core.environment:checking '/home/ali/ali_ws/autonomous/install/bumperbot_cpp_examples' for CMake config files
[0.308s] Level 1:colcon.colcon_core.shell:create_environment_hook('bumperbot_cpp_examples', 'cmake_prefix_path')
[0.308s] INFO:colcon.colcon_core.shell:Creating environment hook '/home/ali/ali_ws/autonomous/install/bumperbot_cpp_examples/share/bumperbot_cpp_examples/hook/cmake_prefix_path.ps1'
[0.308s] INFO:colcon.colcon_core.shell:Creating environment descriptor '/home/ali/ali_ws/autonomous/install/bumperbot_cpp_examples/share/bumperbot_cpp_examples/hook/cmake_prefix_path.dsv'
[0.308s] INFO:colcon.colcon_core.shell:Creating environment hook '/home/ali/ali_ws/autonomous/install/bumperbot_cpp_examples/share/bumperbot_cpp_examples/hook/cmake_prefix_path.sh'
[0.308s] Level 1:colcon.colcon_core.environment:checking '/home/ali/ali_ws/autonomous/install/bumperbot_cpp_examples/lib'
[0.308s] Level 1:colcon.colcon_core.environment:checking '/home/ali/ali_ws/autonomous/install/bumperbot_cpp_examples/bin'
[0.309s] Level 1:colcon.colcon_core.environment:checking '/home/ali/ali_ws/autonomous/install/bumperbot_cpp_examples/lib/pkgconfig/bumperbot_cpp_examples.pc'
[0.309s] Level 1:colcon.colcon_core.environment:checking '/home/ali/ali_ws/autonomous/install/bumperbot_cpp_examples/lib/python3.10/site-packages'
[0.309s] Level 1:colcon.colcon_core.environment:checking '/home/ali/ali_ws/autonomous/install/bumperbot_cpp_examples/bin'
[0.309s] INFO:colcon.colcon_core.shell:Creating package script '/home/ali/ali_ws/autonomous/install/bumperbot_cpp_examples/share/bumperbot_cpp_examples/package.ps1'
[0.309s] INFO:colcon.colcon_core.shell:Creating package descriptor '/home/ali/ali_ws/autonomous/install/bumperbot_cpp_examples/share/bumperbot_cpp_examples/package.dsv'
[0.310s] INFO:colcon.colcon_core.shell:Creating package script '/home/ali/ali_ws/autonomous/install/bumperbot_cpp_examples/share/bumperbot_cpp_examples/package.sh'
[0.310s] INFO:colcon.colcon_core.shell:Creating package script '/home/ali/ali_ws/autonomous/install/bumperbot_cpp_examples/share/bumperbot_cpp_examples/package.bash'
[0.310s] INFO:colcon.colcon_core.shell:Creating package script '/home/ali/ali_ws/autonomous/install/bumperbot_cpp_examples/share/bumperbot_cpp_examples/package.zsh'
[0.310s] Level 1:colcon.colcon_core.environment:create_file_with_runtime_dependencies(/home/ali/ali_ws/autonomous/install/bumperbot_cpp_examples/share/colcon-core/packages/bumperbot_cpp_examples)
[0.311s] Level 1:colcon.colcon_core.environment:create_environment_scripts_only(bumperbot_cpp_examples)
[0.311s] Level 1:colcon.colcon_core.environment:checking '/home/ali/ali_ws/autonomous/install/bumperbot_cpp_examples' for CMake module files
[0.311s] Level 1:colcon.colcon_core.environment:checking '/home/ali/ali_ws/autonomous/install/bumperbot_cpp_examples' for CMake config files
[0.311s] Level 1:colcon.colcon_core.shell:create_environment_hook('bumperbot_cpp_examples', 'cmake_prefix_path')
[0.311s] INFO:colcon.colcon_core.shell:Creating environment hook '/home/ali/ali_ws/autonomous/install/bumperbot_cpp_examples/share/bumperbot_cpp_examples/hook/cmake_prefix_path.ps1'
[0.311s] INFO:colcon.colcon_core.shell:Creating environment descriptor '/home/ali/ali_ws/autonomous/install/bumperbot_cpp_examples/share/bumperbot_cpp_examples/hook/cmake_prefix_path.dsv'
[0.311s] INFO:colcon.colcon_core.shell:Creating environment hook '/home/ali/ali_ws/autonomous/install/bumperbot_cpp_examples/share/bumperbot_cpp_examples/hook/cmake_prefix_path.sh'
[0.312s] Level 1:colcon.colcon_core.environment:checking '/home/ali/ali_ws/autonomous/install/bumperbot_cpp_examples/lib'
[0.312s] Level 1:colcon.colcon_core.environment:checking '/home/ali/ali_ws/autonomous/install/bumperbot_cpp_examples/bin'
[0.312s] Level 1:colcon.colcon_core.environment:checking '/home/ali/ali_ws/autonomous/install/bumperbot_cpp_examples/lib/pkgconfig/bumperbot_cpp_examples.pc'
[0.312s] Level 1:colcon.colcon_core.environment:checking '/home/ali/ali_ws/autonomous/install/bumperbot_cpp_examples/lib/python3.10/site-packages'
[0.312s] Level 1:colcon.colcon_core.environment:checking '/home/ali/ali_ws/autonomous/install/bumperbot_cpp_examples/bin'
[0.312s] INFO:colcon.colcon_core.shell:Creating package script '/home/ali/ali_ws/autonomous/install/bumperbot_cpp_examples/share/bumperbot_cpp_examples/package.ps1'
[0.312s] INFO:colcon.colcon_core.shell:Creating package descriptor '/home/ali/ali_ws/autonomous/install/bumperbot_cpp_examples/share/bumperbot_cpp_examples/package.dsv'
[0.313s] INFO:colcon.colcon_core.shell:Creating package script '/home/ali/ali_ws/autonomous/install/bumperbot_cpp_examples/share/bumperbot_cpp_examples/package.sh'
[0.313s] INFO:colcon.colcon_core.shell:Creating package script '/home/ali/ali_ws/autonomous/install/bumperbot_cpp_examples/share/bumperbot_cpp_examples/package.bash'
[0.313s] INFO:colcon.colcon_core.shell:Creating package script '/home/ali/ali_ws/autonomous/install/bumperbot_cpp_examples/share/bumperbot_cpp_examples/package.zsh'
[0.313s] Level 1:colcon.colcon_core.environment:create_file_with_runtime_dependencies(/home/ali/ali_ws/autonomous/install/bumperbot_cpp_examples/share/colcon-core/packages/bumperbot_cpp_examples)
[0.313s] Level 1:colcon.colcon_core.environment:create_environment_scripts_only(bumperbot_description)
[0.313s] Level 1:colcon.colcon_core.environment:checking '/home/ali/ali_ws/autonomous/install/bumperbot_description' for CMake module files
[0.314s] Level 1:colcon.colcon_core.environment:checking '/home/ali/ali_ws/autonomous/install/bumperbot_description' for CMake config files
[0.314s] DEBUG:colcon.colcon_core.event_handler.log_command:Invoked command in '/home/ali/ali_ws/autonomous/build/bumperbot_description' returned '0': CMAKE_PREFIX_PATH=${CMAKE_PREFIX_PATH}:/home/ali/ali_ws/autonomous/install/bumperbot_py_examples:/opt/ros/humble /usr/bin/cmake --install /home/ali/ali_ws/autonomous/build/bumperbot_description
[0.314s] Level 1:colcon.colcon_core.shell:create_environment_hook('bumperbot_description', 'cmake_prefix_path')
[0.314s] INFO:colcon.colcon_core.shell:Creating environment hook '/home/ali/ali_ws/autonomous/install/bumperbot_description/share/bumperbot_description/hook/cmake_prefix_path.ps1'
[0.314s] INFO:colcon.colcon_core.shell:Creating environment descriptor '/home/ali/ali_ws/autonomous/install/bumperbot_description/share/bumperbot_description/hook/cmake_prefix_path.dsv'
[0.314s] INFO:colcon.colcon_core.shell:Creating environment hook '/home/ali/ali_ws/autonomous/install/bumperbot_description/share/bumperbot_description/hook/cmake_prefix_path.sh'
[0.315s] Level 1:colcon.colcon_core.environment:checking '/home/ali/ali_ws/autonomous/install/bumperbot_description/bin'
[0.315s] Level 1:colcon.colcon_core.environment:checking '/home/ali/ali_ws/autonomous/install/bumperbot_description/lib/pkgconfig/bumperbot_description.pc'
[0.315s] Level 1:colcon.colcon_core.environment:checking '/home/ali/ali_ws/autonomous/install/bumperbot_description/lib/python3.10/site-packages'
[0.315s] Level 1:colcon.colcon_core.environment:checking '/home/ali/ali_ws/autonomous/install/bumperbot_description/bin'
[0.315s] INFO:colcon.colcon_core.shell:Creating package script '/home/ali/ali_ws/autonomous/install/bumperbot_description/share/bumperbot_description/package.ps1'
[0.315s] INFO:colcon.colcon_core.shell:Creating package descriptor '/home/ali/ali_ws/autonomous/install/bumperbot_description/share/bumperbot_description/package.dsv'
[0.315s] INFO:colcon.colcon_core.shell:Creating package script '/home/ali/ali_ws/autonomous/install/bumperbot_description/share/bumperbot_description/package.sh'
[0.316s] INFO:colcon.colcon_core.shell:Creating package script '/home/ali/ali_ws/autonomous/install/bumperbot_description/share/bumperbot_description/package.bash'
[0.316s] INFO:colcon.colcon_core.shell:Creating package script '/home/ali/ali_ws/autonomous/install/bumperbot_description/share/bumperbot_description/package.zsh'
[0.316s] Level 1:colcon.colcon_core.environment:create_file_with_runtime_dependencies(/home/ali/ali_ws/autonomous/install/bumperbot_description/share/colcon-core/packages/bumperbot_description)
[0.316s] Level 1:colcon.colcon_core.environment:create_environment_scripts_only(bumperbot_description)
[0.316s] Level 1:colcon.colcon_core.environment:checking '/home/ali/ali_ws/autonomous/install/bumperbot_description' for CMake module files
[0.316s] Level 1:colcon.colcon_core.environment:checking '/home/ali/ali_ws/autonomous/install/bumperbot_description' for CMake config files
[0.316s] Level 1:colcon.colcon_core.shell:create_environment_hook('bumperbot_description', 'cmake_prefix_path')
[0.317s] INFO:colcon.colcon_core.shell:Creating environment hook '/home/ali/ali_ws/autonomous/install/bumperbot_description/share/bumperbot_description/hook/cmake_prefix_path.ps1'
[0.317s] INFO:colcon.colcon_core.shell:Creating environment descriptor '/home/ali/ali_ws/autonomous/install/bumperbot_description/share/bumperbot_description/hook/cmake_prefix_path.dsv'
[0.317s] INFO:colcon.colcon_core.shell:Creating environment hook '/home/ali/ali_ws/autonomous/install/bumperbot_description/share/bumperbot_description/hook/cmake_prefix_path.sh'
[0.317s] Level 1:colcon.colcon_core.environment:checking '/home/ali/ali_ws/autonomous/install/bumperbot_description/bin'
[0.317s] Level 1:colcon.colcon_core.environment:checking '/home/ali/ali_ws/autonomous/install/bumperbot_description/lib/pkgconfig/bumperbot_description.pc'
[0.317s] Level 1:colcon.colcon_core.environment:checking '/home/ali/ali_ws/autonomous/install/bumperbot_description/lib/python3.10/site-packages'
[0.317s] Level 1:colcon.colcon_core.environment:checking '/home/ali/ali_ws/autonomous/install/bumperbot_description/bin'
[0.318s] INFO:colcon.colcon_core.shell:Creating package script '/home/ali/ali_ws/autonomous/install/bumperbot_description/share/bumperbot_description/package.ps1'
[0.318s] INFO:colcon.colcon_core.shell:Creating package descriptor '/home/ali/ali_ws/autonomous/install/bumperbot_description/share/bumperbot_description/package.dsv'
[0.318s] INFO:colcon.colcon_core.shell:Creating package script '/home/ali/ali_ws/autonomous/install/bumperbot_description/share/bumperbot_description/package.sh'
[0.318s] INFO:colcon.colcon_core.shell:Creating package script '/home/ali/ali_ws/autonomous/install/bumperbot_description/share/bumperbot_description/package.bash'
[0.318s] INFO:colcon.colcon_core.shell:Creating package script '/home/ali/ali_ws/autonomous/install/bumperbot_description/share/bumperbot_description/package.zsh'
[0.318s] Level 1:colcon.colcon_core.environment:create_file_with_runtime_dependencies(/home/ali/ali_ws/autonomous/install/bumperbot_description/share/colcon-core/packages/bumperbot_description)
[0.455s] DEBUG:colcon.colcon_core.event_handler.log_command:Invoking command in '/home/ali/ali_ws/autonomous/src/bumperbot_py_examples': PYTHONPATH=/home/ali/ali_ws/autonomous/build/bumperbot_py_examples/prefix_override:/usr/lib/python3/dist-packages/colcon_core/task/python/colcon_distutils_commands:/home/ali/ali_ws/autonomous/install/bumperbot_py_examples/lib/python3.10/site-packages:${PYTHONPATH} /usr/bin/python3 -W ignore:setup.py install is deprecated -W ignore:easy_install command is deprecated setup.py egg_info --egg-base ../../build/bumperbot_py_examples build --build-base /home/ali/ali_ws/autonomous/build/bumperbot_py_examples/build install --record /home/ali/ali_ws/autonomous/build/bumperbot_py_examples/install.log --single-version-externally-managed install_data
[0.581s] Level 1:colcon.colcon_core.environment:checking '/home/ali/ali_ws/autonomous/install/bumperbot_py_examples' for CMake module files
[0.581s] DEBUG:colcon.colcon_core.event_handler.log_command:Invoked command in '/home/ali/ali_ws/autonomous/src/bumperbot_py_examples' returned '0': PYTHONPATH=/home/ali/ali_ws/autonomous/build/bumperbot_py_examples/prefix_override:/usr/lib/python3/dist-packages/colcon_core/task/python/colcon_distutils_commands:/home/ali/ali_ws/autonomous/install/bumperbot_py_examples/lib/python3.10/site-packages:${PYTHONPATH} /usr/bin/python3 -W ignore:setup.py install is deprecated -W ignore:easy_install command is deprecated setup.py egg_info --egg-base ../../build/bumperbot_py_examples build --build-base /home/ali/ali_ws/autonomous/build/bumperbot_py_examples/build install --record /home/ali/ali_ws/autonomous/build/bumperbot_py_examples/install.log --single-version-externally-managed install_data
[0.581s] Level 1:colcon.colcon_core.environment:checking '/home/ali/ali_ws/autonomous/install/bumperbot_py_examples' for CMake config files
[0.581s] Level 1:colcon.colcon_core.environment:checking '/home/ali/ali_ws/autonomous/install/bumperbot_py_examples/lib'
[0.581s] Level 1:colcon.colcon_core.environment:checking '/home/ali/ali_ws/autonomous/install/bumperbot_py_examples/bin'
[0.581s] Level 1:colcon.colcon_core.environment:checking '/home/ali/ali_ws/autonomous/install/bumperbot_py_examples/lib/pkgconfig/bumperbot_py_examples.pc'
[0.582s] Level 1:colcon.colcon_core.environment:checking '/home/ali/ali_ws/autonomous/install/bumperbot_py_examples/lib/python3.10/site-packages'
[0.582s] Level 1:colcon.colcon_core.shell:create_environment_hook('bumperbot_py_examples', 'pythonpath')
[0.582s] INFO:colcon.colcon_core.shell:Creating environment hook '/home/ali/ali_ws/autonomous/install/bumperbot_py_examples/share/bumperbot_py_examples/hook/pythonpath.ps1'
[0.582s] INFO:colcon.colcon_core.shell:Creating environment descriptor '/home/ali/ali_ws/autonomous/install/bumperbot_py_examples/share/bumperbot_py_examples/hook/pythonpath.dsv'
[0.582s] INFO:colcon.colcon_core.shell:Creating environment hook '/home/ali/ali_ws/autonomous/install/bumperbot_py_examples/share/bumperbot_py_examples/hook/pythonpath.sh'
[0.582s] Level 1:colcon.colcon_core.environment:checking '/home/ali/ali_ws/autonomous/install/bumperbot_py_examples/bin'
[0.582s] Level 1:colcon.colcon_core.environment:create_environment_scripts_only(bumperbot_py_examples)
[0.583s] INFO:colcon.colcon_core.shell:Creating package script '/home/ali/ali_ws/autonomous/install/bumperbot_py_examples/share/bumperbot_py_examples/package.ps1'
[0.583s] INFO:colcon.colcon_core.shell:Creating package descriptor '/home/ali/ali_ws/autonomous/install/bumperbot_py_examples/share/bumperbot_py_examples/package.dsv'
[0.583s] INFO:colcon.colcon_core.shell:Creating package script '/home/ali/ali_ws/autonomous/install/bumperbot_py_examples/share/bumperbot_py_examples/package.sh'
[0.583s] INFO:colcon.colcon_core.shell:Creating package script '/home/ali/ali_ws/autonomous/install/bumperbot_py_examples/share/bumperbot_py_examples/package.bash'
[0.583s] INFO:colcon.colcon_core.shell:Creating package script '/home/ali/ali_ws/autonomous/install/bumperbot_py_examples/share/bumperbot_py_examples/package.zsh'
[0.583s] Level 1:colcon.colcon_core.environment:create_file_with_runtime_dependencies(/home/ali/ali_ws/autonomous/install/bumperbot_py_examples/share/colcon-core/packages/bumperbot_py_examples)
[4.742s] DEBUG:colcon.colcon_core.event_handler.log_command:Invoked command in '/home/ali/ali_ws/autonomous/build/bumperbot_controller' returned '0': CMAKE_PREFIX_PATH=${CMAKE_PREFIX_PATH}:/home/ali/ali_ws/autonomous/install/bumperbot_py_examples:/opt/ros/humble /usr/bin/cmake --build /home/ali/ali_ws/autonomous/build/bumperbot_controller -- -j24 -l24
[4.743s] DEBUG:colcon.colcon_core.event_handler.log_command:Invoking command in '/home/ali/ali_ws/autonomous/build/bumperbot_controller': CMAKE_PREFIX_PATH=${CMAKE_PREFIX_PATH}:/home/ali/ali_ws/autonomous/install/bumperbot_py_examples:/opt/ros/humble /usr/bin/cmake --install /home/ali/ali_ws/autonomous/build/bumperbot_controller
[4.752s] DEBUG:colcon.colcon_core.event_handler.log_command:Invoked command in '/home/ali/ali_ws/autonomous/build/bumperbot_controller' returned '1': CMAKE_PREFIX_PATH=${CMAKE_PREFIX_PATH}:/home/ali/ali_ws/autonomous/install/bumperbot_py_examples:/opt/ros/humble /usr/bin/cmake --install /home/ali/ali_ws/autonomous/build/bumperbot_controller
[4.752s] Level 1:colcon.colcon_core.environment:create_environment_scripts_only(bumperbot_controller)
[4.753s] Level 1:colcon.colcon_core.environment:checking '/home/ali/ali_ws/autonomous/install/bumperbot_controller' for CMake module files
[4.753s] Level 1:colcon.colcon_core.environment:checking '/home/ali/ali_ws/autonomous/install/bumperbot_controller' for CMake config files
[4.754s] Level 1:colcon.colcon_core.shell:create_environment_hook('bumperbot_controller', 'cmake_prefix_path')
[4.754s] INFO:colcon.colcon_core.shell:Creating environment hook '/home/ali/ali_ws/autonomous/install/bumperbot_controller/share/bumperbot_controller/hook/cmake_prefix_path.ps1'
[4.754s] INFO:colcon.colcon_core.shell:Creating environment descriptor '/home/ali/ali_ws/autonomous/install/bumperbot_controller/share/bumperbot_controller/hook/cmake_prefix_path.dsv'
[4.754s] INFO:colcon.colcon_core.shell:Creating environment hook '/home/ali/ali_ws/autonomous/install/bumperbot_controller/share/bumperbot_controller/hook/cmake_prefix_path.sh'
[4.755s] Level 1:colcon.colcon_core.environment:checking '/home/ali/ali_ws/autonomous/install/bumperbot_controller/lib'
[4.755s] Level 1:colcon.colcon_core.environment:checking '/home/ali/ali_ws/autonomous/install/bumperbot_controller/bin'
[4.755s] Level 1:colcon.colcon_core.environment:checking '/home/ali/ali_ws/autonomous/install/bumperbot_controller/lib/pkgconfig/bumperbot_controller.pc'
[4.755s] Level 1:colcon.colcon_core.environment:checking '/home/ali/ali_ws/autonomous/install/bumperbot_controller/lib/python3.10/site-packages'
[4.755s] Level 1:colcon.colcon_core.environment:checking '/home/ali/ali_ws/autonomous/install/bumperbot_controller/bin'
[4.755s] INFO:colcon.colcon_core.shell:Creating package script '/home/ali/ali_ws/autonomous/install/bumperbot_controller/share/bumperbot_controller/package.ps1'
[4.756s] INFO:colcon.colcon_core.shell:Creating package descriptor '/home/ali/ali_ws/autonomous/install/bumperbot_controller/share/bumperbot_controller/package.dsv'
[4.756s] INFO:colcon.colcon_core.shell:Creating package script '/home/ali/ali_ws/autonomous/install/bumperbot_controller/share/bumperbot_controller/package.sh'
[4.756s] INFO:colcon.colcon_core.shell:Creating package script '/home/ali/ali_ws/autonomous/install/bumperbot_controller/share/bumperbot_controller/package.bash'
[4.756s] INFO:colcon.colcon_core.shell:Creating package script '/home/ali/ali_ws/autonomous/install/bumperbot_controller/share/bumperbot_controller/package.zsh'
[4.757s] Level 1:colcon.colcon_core.environment:create_file_with_runtime_dependencies(/home/ali/ali_ws/autonomous/install/bumperbot_controller/share/colcon-core/packages/bumperbot_controller)
[4.767s] DEBUG:colcon.colcon_parallel_executor.executor.parallel:closing loop
[4.767s] DEBUG:colcon.colcon_parallel_executor.executor.parallel:loop closed
[4.767s] DEBUG:colcon.colcon_parallel_executor.executor.parallel:run_until_complete finished with '1'
[4.767s] DEBUG:colcon.colcon_core.event_reactor:joining thread
[4.774s] INFO:colcon.colcon_core.plugin_system:Skipping extension 'colcon_notification.desktop_notification.terminal_notifier': Not used on non-Darwin systems
[4.774s] INFO:colcon.colcon_core.plugin_system:Skipping extension 'colcon_notification.desktop_notification.win32': Not used on non-Windows systems
[4.774s] INFO:colcon.colcon_notification.desktop_notification:Sending desktop notification using 'notify2'
[4.791s] DEBUG:colcon.colcon_core.event_reactor:joined thread
[4.792s] INFO:colcon.colcon_core.shell:Creating prefix script '/home/ali/ali_ws/autonomous/install/local_setup.ps1'
[4.793s] INFO:colcon.colcon_core.shell:Creating prefix util module '/home/ali/ali_ws/autonomous/install/_local_setup_util_ps1.py'
[4.794s] INFO:colcon.colcon_core.shell:Creating prefix chain script '/home/ali/ali_ws/autonomous/install/setup.ps1'
[4.796s] INFO:colcon.colcon_core.shell:Creating prefix script '/home/ali/ali_ws/autonomous/install/local_setup.sh'
[4.796s] INFO:colcon.colcon_core.shell:Creating prefix util module '/home/ali/ali_ws/autonomous/install/_local_setup_util_sh.py'
[4.797s] INFO:colcon.colcon_core.shell:Creating prefix chain script '/home/ali/ali_ws/autonomous/install/setup.sh'
[4.798s] INFO:colcon.colcon_core.shell:Creating prefix script '/home/ali/ali_ws/autonomous/install/local_setup.bash'
[4.799s] INFO:colcon.colcon_core.shell:Creating prefix chain script '/home/ali/ali_ws/autonomous/install/setup.bash'
[4.799s] INFO:colcon.colcon_core.shell:Creating prefix script '/home/ali/ali_ws/autonomous/install/local_setup.zsh'
[4.800s] INFO:colcon.colcon_core.shell:Creating prefix chain script '/home/ali/ali_ws/autonomous/install/setup.zsh'
