[0.012s] Invoking command in '/home/ali/ali_ws/autonomous/build/bumperbot_cpp_examples': CMAKE_PREFIX_PATH=/opt/ros/humble /usr/bin/cmake --build /home/ali/ali_ws/autonomous/build/bumperbot_cpp_examples -- -j24 -l24
[0.026s] -- Found ament_cmake: 1.3.12 (/opt/ros/humble/share/ament_cmake/cmake)
[0.096s] -- Found rclcpp: 16.0.15 (/opt/ros/humble/share/rclcpp/cmake)
[0.110s] -- Found rosidl_generator_c: 3.1.7 (/opt/ros/humble/share/rosidl_generator_c/cmake)
[0.112s] -- Found rosidl_adapter: 3.1.7 (/opt/ros/humble/share/rosidl_adapter/cmake)
[0.114s] -- Found rosidl_generator_cpp: 3.1.7 (/opt/ros/humble/share/rosidl_generator_cpp/cmake)
[0.119s] -- Using all available rosidl_typesupport_c: rosidl_typesupport_fastrtps_c;rosidl_typesupport_introspection_c
[0.125s] -- Using all available rosidl_typesupport_cpp: rosidl_typesupport_fastrtps_cpp;rosidl_typesupport_introspection_cpp
[0.145s] -- Found rmw_implementation_cmake: 6.1.2 (/opt/ros/humble/share/rmw_implementation_cmake/cmake)
[0.146s] -- Found rmw_fastrtps_cpp: 6.2.8 (/opt/ros/humble/share/rmw_fastrtps_cpp/cmake)
[0.206s] -- Using RMW implementation 'rmw_fastrtps_cpp' as default
[0.230s] -- Found turtlesim: 1.4.2 (/opt/ros/humble/share/turtlesim/cmake)
[0.249s] -- Configuring incomplete, errors occurred!
[0.249s] See also "/home/ali/ali_ws/autonomous/build/bumperbot_cpp_examples/CMakeFiles/CMakeOutput.log".
[0.249s] [31mCMake Error at /opt/ros/humble/share/ament_cmake_target_dependencies/cmake/ament_target_dependencies.cmake:77 (message):
[0.249s]   ament_target_dependencies() the passed package name 'bumperbot_msgs' was
[0.249s]   not found before
[0.249s] Call Stack (most recent call first):
[0.249s]   CMakeLists.txt:29 (ament_target_dependencies)
[0.249s] 
[0.249s] [0m
[0.252s] gmake: *** [Makefile:390: cmake_check_build_system] Error 1
[0.254s] Invoked command in '/home/ali/ali_ws/autonomous/build/bumperbot_cpp_examples' returned '2': CMAKE_PREFIX_PATH=/opt/ros/humble /usr/bin/cmake --build /home/ali/ali_ws/autonomous/build/bumperbot_cpp_examples -- -j24 -l24
