[0.010s] Invoking command in '/home/ali/ali_ws/autonomous/src/build/bumperbot_msgs': CMAKE_PREFIX_PATH=/opt/ros/humble /usr/bin/cmake /home/ali/ali_ws/autonomous/src/bumperbot_msgs -DCMAKE_INSTALL_PREFIX=/home/ali/ali_ws/autonomous/src/install/bumperbot_msgs
[0.017s] -- Found ament_cmake: 1.3.12 (/opt/ros/humble/share/ament_cmake/cmake)
[0.091s] -- Found geometry_msgs: 4.9.0 (/opt/ros/humble/share/geometry_msgs/cmake)
[0.104s] -- Found rosidl_generator_c: 3.1.7 (/opt/ros/humble/share/rosidl_generator_c/cmake)
[0.105s] -- Found rosidl_adapter: 3.1.7 (/opt/ros/humble/share/rosidl_adapter/cmake)
[0.108s] -- Found rosidl_generator_cpp: 3.1.7 (/opt/ros/humble/share/rosidl_generator_cpp/cmake)
[0.113s] -- Using all available rosidl_typesupport_c: rosidl_typesupport_fastrtps_c;rosidl_typesupport_introspection_c
[0.118s] -- Using all available rosidl_typesupport_cpp: rosidl_typesupport_fastrtps_cpp;rosidl_typesupport_introspection_cpp
[0.135s] -- Found rosidl_default_generators: 1.2.0 (/opt/ros/humble/share/rosidl_default_generators/cmake)
[0.296s] -- Found ament_cmake_ros: 0.10.0 (/opt/ros/humble/share/ament_cmake_ros/cmake)
[0.523s] -- Using all available rosidl_typesupport_c: rosidl_typesupport_fastrtps_c;rosidl_typesupport_introspection_c
[0.621s] -- Using all available rosidl_typesupport_cpp: rosidl_typesupport_fastrtps_cpp;rosidl_typesupport_introspection_cpp
[0.645s] -- Found PythonInterp: /usr/bin/python3 (found suitable version "3.10.12", minimum required is "3.6") 
[0.646s] -- Found python_cmake_module: 0.10.0 (/opt/ros/humble/share/python_cmake_module/cmake)
[0.672s] -- Found PythonLibs: /usr/lib/x86_64-linux-gnu/libpython3.10.so (found suitable version "3.10.12", minimum required is "3.5") 
[0.672s] -- Using PYTHON_EXECUTABLE: /usr/bin/python3
[0.672s] -- Using PYTHON_INCLUDE_DIRS: /usr/include/python3.10
[0.672s] -- Using PYTHON_LIBRARIES: /usr/lib/x86_64-linux-gnu/libpython3.10.so
[0.690s] -- Found PythonExtra: .so  
[0.721s] -- Configuring done
[0.735s] -- Generating done
[0.741s] -- Build files have been written to: /home/ali/ali_ws/autonomous/src/build/bumperbot_msgs
[0.745s] Invoked command in '/home/ali/ali_ws/autonomous/src/build/bumperbot_msgs' returned '0': CMAKE_PREFIX_PATH=/opt/ros/humble /usr/bin/cmake /home/ali/ali_ws/autonomous/src/bumperbot_msgs -DCMAKE_INSTALL_PREFIX=/home/ali/ali_ws/autonomous/src/install/bumperbot_msgs
[0.746s] Invoking command in '/home/ali/ali_ws/autonomous/src/build/bumperbot_msgs': CMAKE_PREFIX_PATH=/opt/ros/humble /usr/bin/cmake --build /home/ali/ali_ws/autonomous/src/build/bumperbot_msgs -- -j24 -l24
[0.772s] [  2%] [34m[1mGenerating C code for ROS interfaces[0m
[0.779s] [  5%] [34m[1mGenerating C++ code for ROS interfaces[0m
[0.782s] [  5%] Built target ament_cmake_python_copy_bumperbot_msgs
[0.891s] running egg_info
[0.892s] creating bumperbot_msgs.egg-info
[0.892s] writing bumperbot_msgs.egg-info/PKG-INFO
[0.892s] writing dependency_links to bumperbot_msgs.egg-info/dependency_links.txt
[0.892s] writing top-level names to bumperbot_msgs.egg-info/top_level.txt
[0.892s] writing manifest file 'bumperbot_msgs.egg-info/SOURCES.txt'
[0.893s] reading manifest file 'bumperbot_msgs.egg-info/SOURCES.txt'
[0.893s] writing manifest file 'bumperbot_msgs.egg-info/SOURCES.txt'
[0.907s] [  5%] Built target ament_cmake_python_build_bumperbot_msgs_egg
[0.957s] [  5%] Built target bumperbot_msgs__cpp
[0.961s] [  7%] [32mBuilding C object CMakeFiles/bumperbot_msgs__rosidl_generator_c.dir/rosidl_generator_c/bumperbot_msgs/srv/detail/add_two_ints__functions.c.o[0m
[0.962s] [ 10%] [32mBuilding C object CMakeFiles/bumperbot_msgs__rosidl_generator_c.dir/rosidl_generator_c/bumperbot_msgs/srv/detail/get_transform__functions.c.o[0m
[0.962s] [ 12%] [34m[1mGenerating C++ introspection for ROS interfaces[0m
[0.962s] [ 15%] [34m[1mGenerating C++ type support for eProsima Fast-RTPS[0m
[0.963s] [ 17%] [34m[1mGenerating C++ type support dispatch for ROS interfaces[0m
[0.970s] In file included from [01m[K/home/ali/ali_ws/autonomous/src/build/bumperbot_msgs/rosidl_generator_c/bumperbot_msgs/srv/detail/get_transform__functions.h:19[m[K,
[0.970s]                  from [01m[K/home/ali/ali_ws/autonomous/src/build/bumperbot_msgs/rosidl_generator_c/bumperbot_msgs/srv/detail/get_transform__functions.c:4[m[K:
[0.970s] [01m[K/home/ali/ali_ws/autonomous/src/build/bumperbot_msgs/rosidl_generator_c/bumperbot_msgs/srv/detail/get_transform__struct.h:47:10:[m[K [01;31m[Kfatal error: [m[Kgeometry_msgs/msg/detail/transformed_stampped__struct.h: No such file or directory
[0.970s]    47 | #include [01;31m[K"geometry_msgs/msg/detail/transformed_stampped__struct.h"[m[K
[0.970s]       |          [01;31m[K^~~~~~~~~~~~~~~~~~~~~~~~~~~~~~~~~~~~~~~~~~~~~~~~~~~~~~~~~[m[K
[0.970s] compilation terminated.
[0.971s] gmake[2]: *** [CMakeFiles/bumperbot_msgs__rosidl_generator_c.dir/build.make:197: CMakeFiles/bumperbot_msgs__rosidl_generator_c.dir/rosidl_generator_c/bumperbot_msgs/srv/detail/get_transform__functions.c.o] Error 1
[0.971s] gmake[2]: *** Waiting for unfinished jobs....
[0.992s] gmake[1]: *** [CMakeFiles/Makefile2:213: CMakeFiles/bumperbot_msgs__rosidl_generator_c.dir/all] Error 2
[0.992s] gmake[1]: *** Waiting for unfinished jobs....
[1.110s] [ 20%] [32mBuilding CXX object CMakeFiles/bumperbot_msgs__rosidl_typesupport_cpp.dir/rosidl_typesupport_cpp/bumperbot_msgs/srv/get_transform__type_support.cpp.o[0m
[1.112s] [ 23%] [32mBuilding CXX object CMakeFiles/bumperbot_msgs__rosidl_typesupport_cpp.dir/rosidl_typesupport_cpp/bumperbot_msgs/srv/add_two_ints__type_support.cpp.o[0m
[1.125s] [ 25%] [32mBuilding CXX object CMakeFiles/bumperbot_msgs__rosidl_typesupport_introspection_cpp.dir/rosidl_typesupport_introspection_cpp/bumperbot_msgs/srv/detail/get_transform__type_support.cpp.o[0m
[1.126s] [ 28%] [32mBuilding CXX object CMakeFiles/bumperbot_msgs__rosidl_typesupport_introspection_cpp.dir/rosidl_typesupport_introspection_cpp/bumperbot_msgs/srv/detail/add_two_ints__type_support.cpp.o[0m
[1.136s] In file included from [01m[K/home/ali/ali_ws/autonomous/src/build/bumperbot_msgs/rosidl_typesupport_cpp/bumperbot_msgs/srv/get_transform__type_support.cpp:7[m[K:
[1.136s] [01m[K/home/ali/ali_ws/autonomous/src/build/bumperbot_msgs/rosidl_generator_cpp/bumperbot_msgs/srv/detail/get_transform__struct.hpp:149:10:[m[K [01;31m[Kfatal error: [m[Kgeometry_msgs/msg/detail/transformed_stampped__struct.hpp: No such file or directory
[1.136s]   149 | #include [01;31m[K"geometry_msgs/msg/detail/transformed_stampped__struct.hpp"[m[K
[1.136s]       |          [01;31m[K^~~~~~~~~~~~~~~~~~~~~~~~~~~~~~~~~~~~~~~~~~~~~~~~~~~~~~~~~~~[m[K
[1.136s] compilation terminated.
[1.137s] gmake[2]: *** [CMakeFiles/bumperbot_msgs__rosidl_typesupport_cpp.dir/build.make:166: CMakeFiles/bumperbot_msgs__rosidl_typesupport_cpp.dir/rosidl_typesupport_cpp/bumperbot_msgs/srv/get_transform__type_support.cpp.o] Error 1
[1.137s] gmake[2]: *** Waiting for unfinished jobs....
[1.139s] [ 30%] [32mBuilding CXX object CMakeFiles/bumperbot_msgs__rosidl_typesupport_fastrtps_cpp.dir/rosidl_typesupport_fastrtps_cpp/bumperbot_msgs/srv/detail/dds_fastrtps/add_two_ints__type_support.cpp.o[0m
[1.139s] [ 33%] [32mBuilding CXX object CMakeFiles/bumperbot_msgs__rosidl_typesupport_fastrtps_cpp.dir/rosidl_typesupport_fastrtps_cpp/bumperbot_msgs/srv/detail/dds_fastrtps/get_transform__type_support.cpp.o[0m
[1.162s] In file included from [01m[K/home/ali/ali_ws/autonomous/src/build/bumperbot_msgs/rosidl_typesupport_introspection_cpp/bumperbot_msgs/srv/detail/get_transform__type_support.cpp:12[m[K:
[1.162s] [01m[K/home/ali/ali_ws/autonomous/src/build/bumperbot_msgs/rosidl_generator_cpp/bumperbot_msgs/srv/detail/get_transform__struct.hpp:149:10:[m[K [01;31m[Kfatal error: [m[Kgeometry_msgs/msg/detail/transformed_stampped__struct.hpp: No such file or directory
[1.162s]   149 | #include [01;31m[K"geometry_msgs/msg/detail/transformed_stampped__struct.hpp"[m[K
[1.162s]       |          [01;31m[K^~~~~~~~~~~~~~~~~~~~~~~~~~~~~~~~~~~~~~~~~~~~~~~~~~~~~~~~~~~[m[K
[1.162s] compilation terminated.
[1.163s] gmake[2]: *** [CMakeFiles/bumperbot_msgs__rosidl_typesupport_introspection_cpp.dir/build.make:174: CMakeFiles/bumperbot_msgs__rosidl_typesupport_introspection_cpp.dir/rosidl_typesupport_introspection_cpp/bumperbot_msgs/srv/detail/get_transform__type_support.cpp.o] Error 1
[1.163s] gmake[2]: *** Waiting for unfinished jobs....
[1.166s] In file included from [01m[K/home/ali/ali_ws/autonomous/src/build/bumperbot_msgs/rosidl_typesupport_fastrtps_cpp/bumperbot_msgs/srv/detail/get_transform__rosidl_typesupport_fastrtps_cpp.hpp:11[m[K,
[1.166s]                  from [01m[K/home/ali/ali_ws/autonomous/src/build/bumperbot_msgs/rosidl_typesupport_fastrtps_cpp/bumperbot_msgs/srv/detail/dds_fastrtps/get_transform__type_support.cpp:4[m[K:
[1.166s] [01m[K/home/ali/ali_ws/autonomous/src/build/bumperbot_msgs/rosidl_generator_cpp/bumperbot_msgs/srv/detail/get_transform__struct.hpp:149:10:[m[K [01;31m[Kfatal error: [m[Kgeometry_msgs/msg/detail/transformed_stampped__struct.hpp: No such file or directory
[1.166s]   149 | #include [01;31m[K"geometry_msgs/msg/detail/transformed_stampped__struct.hpp"[m[K
[1.166s]       |          [01;31m[K^~~~~~~~~~~~~~~~~~~~~~~~~~~~~~~~~~~~~~~~~~~~~~~~~~~~~~~~~~~[m[K
[1.166s] compilation terminated.
[1.167s] gmake[2]: *** [CMakeFiles/bumperbot_msgs__rosidl_typesupport_fastrtps_cpp.dir/build.make:174: CMakeFiles/bumperbot_msgs__rosidl_typesupport_fastrtps_cpp.dir/rosidl_typesupport_fastrtps_cpp/bumperbot_msgs/srv/detail/dds_fastrtps/get_transform__type_support.cpp.o] Error 1
[1.167s] gmake[2]: *** Waiting for unfinished jobs....
[1.226s] gmake[1]: *** [CMakeFiles/Makefile2:395: CMakeFiles/bumperbot_msgs__rosidl_typesupport_cpp.dir/all] Error 2
[1.286s] gmake[1]: *** [CMakeFiles/Makefile2:369: CMakeFiles/bumperbot_msgs__rosidl_typesupport_introspection_cpp.dir/all] Error 2
[1.306s] gmake[1]: *** [CMakeFiles/Makefile2:291: CMakeFiles/bumperbot_msgs__rosidl_typesupport_fastrtps_cpp.dir/all] Error 2
[1.306s] gmake: *** [Makefile:146: all] Error 2
[1.308s] Invoked command in '/home/ali/ali_ws/autonomous/src/build/bumperbot_msgs' returned '2': CMAKE_PREFIX_PATH=/opt/ros/humble /usr/bin/cmake --build /home/ali/ali_ws/autonomous/src/build/bumperbot_msgs -- -j24 -l24
