[0.044s] DEBUG:colcon:Command line arguments: ['/usr/bin/colcon', 'build']
[0.045s] DEBUG:colcon:Parsed command line arguments: Namespace(log_base=None, log_level=None, verb_name='build', build_base='build', install_base='install', merge_install=False, symlink_install=False, test_result_base=None, continue_on_error=False, executor='parallel', parallel_workers=24, event_handlers=None, ignore_user_meta=False, metas=['./colcon.meta'], base_paths=['.'], packages_ignore=None, packages_ignore_regex=None, paths=None, packages_up_to=None, packages_up_to_regex=None, packages_above=None, packages_above_and_dependencies=None, packages_above_depth=None, packages_select_by_dep=None, packages_skip_by_dep=None, packages_skip_up_to=None, packages_select_build_failed=False, packages_skip_build_finished=False, packages_select_test_failures=False, packages_skip_test_passed=False, packages_select=None, packages_skip=None, packages_select_regex=None, packages_skip_regex=None, packages_start=None, packages_end=None, allow_overriding=[], cmake_args=None, cmake_target=None, cmake_target_skip_unavailable=False, cmake_clean_cache=False, cmake_clean_first=False, cmake_force_configure=False, ament_cmake_args=None, catkin_cmake_args=None, catkin_skip_building_tests=False, verb_parser=<colcon_defaults.argument_parser.defaults.DefaultArgumentsDecorator object at 0x7a9261c0c0a0>, verb_extension=<colcon_core.verb.build.BuildVerb object at 0x7a9261bcfb50>, main=<bound method BuildVerb.main of <colcon_core.verb.build.BuildVerb object at 0x7a9261bcfb50>>)
[0.110s] Level 1:colcon.colcon_core.package_discovery:discover_packages(colcon_meta) check parameters
[0.110s] Level 1:colcon.colcon_core.package_discovery:discover_packages(recursive) check parameters
[0.110s] Level 1:colcon.colcon_core.package_discovery:discover_packages(ignore) check parameters
[0.110s] Level 1:colcon.colcon_core.package_discovery:discover_packages(path) check parameters
[0.110s] Level 1:colcon.colcon_core.package_discovery:discover_packages(colcon_meta) discover
[0.111s] Level 1:colcon.colcon_core.package_discovery:discover_packages(recursive) discover
[0.111s] INFO:colcon.colcon_core.package_discovery:Crawling recursively for packages in '/home/ali/ali_ws/autonomous/src'
[0.111s] Level 1:colcon.colcon_core.package_identification:_identify(.) by extensions ['ignore', 'ignore_ament_install']
[0.111s] Level 1:colcon.colcon_core.package_identification:_identify(.) by extension 'ignore'
[0.111s] Level 1:colcon.colcon_core.package_identification:_identify(.) by extension 'ignore_ament_install'
[0.111s] Level 1:colcon.colcon_core.package_identification:_identify(.) by extensions ['colcon_pkg']
[0.111s] Level 1:colcon.colcon_core.package_identification:_identify(.) by extension 'colcon_pkg'
[0.111s] Level 1:colcon.colcon_core.package_identification:_identify(.) by extensions ['colcon_meta']
[0.111s] Level 1:colcon.colcon_core.package_identification:_identify(.) by extension 'colcon_meta'
[0.111s] Level 1:colcon.colcon_core.package_identification:_identify(.) by extensions ['ros']
[0.111s] Level 1:colcon.colcon_core.package_identification:_identify(.) by extension 'ros'
[0.116s] Level 1:colcon.colcon_core.package_identification:_identify(.) by extensions ['cmake', 'python']
[0.116s] Level 1:colcon.colcon_core.package_identification:_identify(.) by extension 'cmake'
[0.116s] Level 1:colcon.colcon_core.package_identification:_identify(.) by extension 'python'
[0.116s] Level 1:colcon.colcon_core.package_identification:_identify(.) by extensions ['python_setup_py']
[0.116s] Level 1:colcon.colcon_core.package_identification:_identify(.) by extension 'python_setup_py'
[0.116s] Level 1:colcon.colcon_core.package_identification:_identify(build) by extensions ['ignore', 'ignore_ament_install']
[0.116s] Level 1:colcon.colcon_core.package_identification:_identify(build) by extension 'ignore'
[0.116s] Level 1:colcon.colcon_core.package_identification:_identify(build) ignored
[0.116s] Level 1:colcon.colcon_core.package_identification:_identify(bumperbot_controller) by extensions ['ignore', 'ignore_ament_install']
[0.116s] Level 1:colcon.colcon_core.package_identification:_identify(bumperbot_controller) by extension 'ignore'
[0.116s] Level 1:colcon.colcon_core.package_identification:_identify(bumperbot_controller) by extension 'ignore_ament_install'
[0.116s] Level 1:colcon.colcon_core.package_identification:_identify(bumperbot_controller) by extensions ['colcon_pkg']
[0.116s] Level 1:colcon.colcon_core.package_identification:_identify(bumperbot_controller) by extension 'colcon_pkg'
[0.116s] Level 1:colcon.colcon_core.package_identification:_identify(bumperbot_controller) by extensions ['colcon_meta']
[0.116s] Level 1:colcon.colcon_core.package_identification:_identify(bumperbot_controller) by extension 'colcon_meta'
[0.116s] Level 1:colcon.colcon_core.package_identification:_identify(bumperbot_controller) by extensions ['ros']
[0.116s] Level 1:colcon.colcon_core.package_identification:_identify(bumperbot_controller) by extension 'ros'
[0.118s] DEBUG:colcon.colcon_core.package_identification:Package 'bumperbot_controller' with type 'ros.ament_cmake' and name 'bumperbot_controller'
[0.118s] Level 1:colcon.colcon_core.package_identification:_identify(bumperbot_cpp_examples) by extensions ['ignore', 'ignore_ament_install']
[0.118s] Level 1:colcon.colcon_core.package_identification:_identify(bumperbot_cpp_examples) by extension 'ignore'
[0.118s] Level 1:colcon.colcon_core.package_identification:_identify(bumperbot_cpp_examples) by extension 'ignore_ament_install'
[0.118s] Level 1:colcon.colcon_core.package_identification:_identify(bumperbot_cpp_examples) by extensions ['colcon_pkg']
[0.118s] Level 1:colcon.colcon_core.package_identification:_identify(bumperbot_cpp_examples) by extension 'colcon_pkg'
[0.118s] Level 1:colcon.colcon_core.package_identification:_identify(bumperbot_cpp_examples) by extensions ['colcon_meta']
[0.118s] Level 1:colcon.colcon_core.package_identification:_identify(bumperbot_cpp_examples) by extension 'colcon_meta'
[0.118s] Level 1:colcon.colcon_core.package_identification:_identify(bumperbot_cpp_examples) by extensions ['ros']
[0.118s] Level 1:colcon.colcon_core.package_identification:_identify(bumperbot_cpp_examples) by extension 'ros'
[0.118s] DEBUG:colcon.colcon_core.package_identification:Package 'bumperbot_cpp_examples' with type 'ros.ament_cmake' and name 'bumperbot_cpp_examples'
[0.118s] Level 1:colcon.colcon_core.package_identification:_identify(bumperbot_description) by extensions ['ignore', 'ignore_ament_install']
[0.118s] Level 1:colcon.colcon_core.package_identification:_identify(bumperbot_description) by extension 'ignore'
[0.118s] Level 1:colcon.colcon_core.package_identification:_identify(bumperbot_description) by extension 'ignore_ament_install'
[0.118s] Level 1:colcon.colcon_core.package_identification:_identify(bumperbot_description) by extensions ['colcon_pkg']
[0.118s] Level 1:colcon.colcon_core.package_identification:_identify(bumperbot_description) by extension 'colcon_pkg'
[0.118s] Level 1:colcon.colcon_core.package_identification:_identify(bumperbot_description) by extensions ['colcon_meta']
[0.118s] Level 1:colcon.colcon_core.package_identification:_identify(bumperbot_description) by extension 'colcon_meta'
[0.118s] Level 1:colcon.colcon_core.package_identification:_identify(bumperbot_description) by extensions ['ros']
[0.118s] Level 1:colcon.colcon_core.package_identification:_identify(bumperbot_description) by extension 'ros'
[0.119s] DEBUG:colcon.colcon_core.package_identification:Package 'bumperbot_description' with type 'ros.ament_cmake' and name 'bumperbot_description'
[0.119s] Level 1:colcon.colcon_core.package_identification:_identify(bumperbot_msgs) by extensions ['ignore', 'ignore_ament_install']
[0.119s] Level 1:colcon.colcon_core.package_identification:_identify(bumperbot_msgs) by extension 'ignore'
[0.119s] Level 1:colcon.colcon_core.package_identification:_identify(bumperbot_msgs) by extension 'ignore_ament_install'
[0.119s] Level 1:colcon.colcon_core.package_identification:_identify(bumperbot_msgs) by extensions ['colcon_pkg']
[0.119s] Level 1:colcon.colcon_core.package_identification:_identify(bumperbot_msgs) by extension 'colcon_pkg'
[0.120s] Level 1:colcon.colcon_core.package_identification:_identify(bumperbot_msgs) by extensions ['colcon_meta']
[0.120s] Level 1:colcon.colcon_core.package_identification:_identify(bumperbot_msgs) by extension 'colcon_meta'
[0.120s] Level 1:colcon.colcon_core.package_identification:_identify(bumperbot_msgs) by extensions ['ros']
[0.120s] Level 1:colcon.colcon_core.package_identification:_identify(bumperbot_msgs) by extension 'ros'
[0.120s] DEBUG:colcon.colcon_core.package_identification:Package 'bumperbot_msgs' with type 'ros.ament_cmake' and name 'bumperbot_msgs'
[0.120s] Level 1:colcon.colcon_core.package_identification:_identify(bumperbot_py_examples) by extensions ['ignore', 'ignore_ament_install']
[0.120s] Level 1:colcon.colcon_core.package_identification:_identify(bumperbot_py_examples) by extension 'ignore'
[0.120s] Level 1:colcon.colcon_core.package_identification:_identify(bumperbot_py_examples) by extension 'ignore_ament_install'
[0.120s] Level 1:colcon.colcon_core.package_identification:_identify(bumperbot_py_examples) by extensions ['colcon_pkg']
[0.120s] Level 1:colcon.colcon_core.package_identification:_identify(bumperbot_py_examples) by extension 'colcon_pkg'
[0.120s] Level 1:colcon.colcon_core.package_identification:_identify(bumperbot_py_examples) by extensions ['colcon_meta']
[0.120s] Level 1:colcon.colcon_core.package_identification:_identify(bumperbot_py_examples) by extension 'colcon_meta'
[0.120s] Level 1:colcon.colcon_core.package_identification:_identify(bumperbot_py_examples) by extensions ['ros']
[0.120s] Level 1:colcon.colcon_core.package_identification:_identify(bumperbot_py_examples) by extension 'ros'
[0.120s] DEBUG:colcon.colcon_core.package_identification:Package 'bumperbot_py_examples' with type 'ros.ament_python' and name 'bumperbot_py_examples'
[0.120s] Level 1:colcon.colcon_core.package_identification:_identify(install) by extensions ['ignore', 'ignore_ament_install']
[0.120s] Level 1:colcon.colcon_core.package_identification:_identify(install) by extension 'ignore'
[0.120s] Level 1:colcon.colcon_core.package_identification:_identify(install) ignored
[0.121s] Level 1:colcon.colcon_core.package_identification:_identify(log) by extensions ['ignore', 'ignore_ament_install']
[0.121s] Level 1:colcon.colcon_core.package_identification:_identify(log) by extension 'ignore'
[0.121s] Level 1:colcon.colcon_core.package_identification:_identify(log) ignored
[0.121s] Level 1:colcon.colcon_core.package_discovery:discover_packages(recursive) using defaults
[0.121s] Level 1:colcon.colcon_core.package_discovery:discover_packages(ignore) discover
[0.121s] Level 1:colcon.colcon_core.package_discovery:discover_packages(ignore) using defaults
[0.121s] Level 1:colcon.colcon_core.package_discovery:discover_packages(path) discover
[0.121s] Level 1:colcon.colcon_core.package_discovery:discover_packages(path) using defaults
[0.135s] Level 1:colcon.colcon_core.package_discovery:discover_packages(prefix_path) check parameters
[0.135s] Level 1:colcon.colcon_core.package_discovery:discover_packages(prefix_path) discover
[0.136s] DEBUG:colcon.colcon_installed_package_information.package_discovery:Found 302 installed packages in /opt/ros/humble
[0.136s] Level 1:colcon.colcon_core.package_discovery:discover_packages(prefix_path) using defaults
[0.153s] Level 5:colcon.colcon_core.verb:set package 'bumperbot_controller' build argument 'cmake_args' from command line to 'None'
[0.153s] Level 5:colcon.colcon_core.verb:set package 'bumperbot_controller' build argument 'cmake_target' from command line to 'None'
[0.153s] Level 5:colcon.colcon_core.verb:set package 'bumperbot_controller' build argument 'cmake_target_skip_unavailable' from command line to 'False'
[0.153s] Level 5:colcon.colcon_core.verb:set package 'bumperbot_controller' build argument 'cmake_clean_cache' from command line to 'False'
[0.153s] Level 5:colcon.colcon_core.verb:set package 'bumperbot_controller' build argument 'cmake_clean_first' from command line to 'False'
[0.153s] Level 5:colcon.colcon_core.verb:set package 'bumperbot_controller' build argument 'cmake_force_configure' from command line to 'False'
[0.153s] Level 5:colcon.colcon_core.verb:set package 'bumperbot_controller' build argument 'ament_cmake_args' from command line to 'None'
[0.153s] Level 5:colcon.colcon_core.verb:set package 'bumperbot_controller' build argument 'catkin_cmake_args' from command line to 'None'
[0.153s] Level 5:colcon.colcon_core.verb:set package 'bumperbot_controller' build argument 'catkin_skip_building_tests' from command line to 'False'
[0.153s] DEBUG:colcon.colcon_core.verb:Building package 'bumperbot_controller' with the following arguments: {'ament_cmake_args': None, 'build_base': '/home/ali/ali_ws/autonomous/src/build/bumperbot_controller', 'catkin_cmake_args': None, 'catkin_skip_building_tests': False, 'cmake_args': None, 'cmake_clean_cache': False, 'cmake_clean_first': False, 'cmake_force_configure': False, 'cmake_target': None, 'cmake_target_skip_unavailable': False, 'install_base': '/home/ali/ali_ws/autonomous/src/install/bumperbot_controller', 'merge_install': False, 'path': '/home/ali/ali_ws/autonomous/src/bumperbot_controller', 'symlink_install': False, 'test_result_base': None}
[0.153s] Level 5:colcon.colcon_core.verb:set package 'bumperbot_cpp_examples' build argument 'cmake_args' from command line to 'None'
[0.153s] Level 5:colcon.colcon_core.verb:set package 'bumperbot_cpp_examples' build argument 'cmake_target' from command line to 'None'
[0.153s] Level 5:colcon.colcon_core.verb:set package 'bumperbot_cpp_examples' build argument 'cmake_target_skip_unavailable' from command line to 'False'
[0.153s] Level 5:colcon.colcon_core.verb:set package 'bumperbot_cpp_examples' build argument 'cmake_clean_cache' from command line to 'False'
[0.153s] Level 5:colcon.colcon_core.verb:set package 'bumperbot_cpp_examples' build argument 'cmake_clean_first' from command line to 'False'
[0.153s] Level 5:colcon.colcon_core.verb:set package 'bumperbot_cpp_examples' build argument 'cmake_force_configure' from command line to 'False'
[0.153s] Level 5:colcon.colcon_core.verb:set package 'bumperbot_cpp_examples' build argument 'ament_cmake_args' from command line to 'None'
[0.153s] Level 5:colcon.colcon_core.verb:set package 'bumperbot_cpp_examples' build argument 'catkin_cmake_args' from command line to 'None'
[0.153s] Level 5:colcon.colcon_core.verb:set package 'bumperbot_cpp_examples' build argument 'catkin_skip_building_tests' from command line to 'False'
[0.153s] DEBUG:colcon.colcon_core.verb:Building package 'bumperbot_cpp_examples' with the following arguments: {'ament_cmake_args': None, 'build_base': '/home/ali/ali_ws/autonomous/src/build/bumperbot_cpp_examples', 'catkin_cmake_args': None, 'catkin_skip_building_tests': False, 'cmake_args': None, 'cmake_clean_cache': False, 'cmake_clean_first': False, 'cmake_force_configure': False, 'cmake_target': None, 'cmake_target_skip_unavailable': False, 'install_base': '/home/ali/ali_ws/autonomous/src/install/bumperbot_cpp_examples', 'merge_install': False, 'path': '/home/ali/ali_ws/autonomous/src/bumperbot_cpp_examples', 'symlink_install': False, 'test_result_base': None}
[0.153s] Level 5:colcon.colcon_core.verb:set package 'bumperbot_description' build argument 'cmake_args' from command line to 'None'
[0.153s] Level 5:colcon.colcon_core.verb:set package 'bumperbot_description' build argument 'cmake_target' from command line to 'None'
[0.153s] Level 5:colcon.colcon_core.verb:set package 'bumperbot_description' build argument 'cmake_target_skip_unavailable' from command line to 'False'
[0.153s] Level 5:colcon.colcon_core.verb:set package 'bumperbot_description' build argument 'cmake_clean_cache' from command line to 'False'
[0.153s] Level 5:colcon.colcon_core.verb:set package 'bumperbot_description' build argument 'cmake_clean_first' from command line to 'False'
[0.153s] Level 5:colcon.colcon_core.verb:set package 'bumperbot_description' build argument 'cmake_force_configure' from command line to 'False'
[0.153s] Level 5:colcon.colcon_core.verb:set package 'bumperbot_description' build argument 'ament_cmake_args' from command line to 'None'
[0.153s] Level 5:colcon.colcon_core.verb:set package 'bumperbot_description' build argument 'catkin_cmake_args' from command line to 'None'
[0.153s] Level 5:colcon.colcon_core.verb:set package 'bumperbot_description' build argument 'catkin_skip_building_tests' from command line to 'False'
[0.153s] DEBUG:colcon.colcon_core.verb:Building package 'bumperbot_description' with the following arguments: {'ament_cmake_args': None, 'build_base': '/home/ali/ali_ws/autonomous/src/build/bumperbot_description', 'catkin_cmake_args': None, 'catkin_skip_building_tests': False, 'cmake_args': None, 'cmake_clean_cache': False, 'cmake_clean_first': False, 'cmake_force_configure': False, 'cmake_target': None, 'cmake_target_skip_unavailable': False, 'install_base': '/home/ali/ali_ws/autonomous/src/install/bumperbot_description', 'merge_install': False, 'path': '/home/ali/ali_ws/autonomous/src/bumperbot_description', 'symlink_install': False, 'test_result_base': None}
[0.153s] Level 5:colcon.colcon_core.verb:set package 'bumperbot_msgs' build argument 'cmake_args' from command line to 'None'
[0.153s] Level 5:colcon.colcon_core.verb:set package 'bumperbot_msgs' build argument 'cmake_target' from command line to 'None'
[0.153s] Level 5:colcon.colcon_core.verb:set package 'bumperbot_msgs' build argument 'cmake_target_skip_unavailable' from command line to 'False'
[0.153s] Level 5:colcon.colcon_core.verb:set package 'bumperbot_msgs' build argument 'cmake_clean_cache' from command line to 'False'
[0.153s] Level 5:colcon.colcon_core.verb:set package 'bumperbot_msgs' build argument 'cmake_clean_first' from command line to 'False'
[0.153s] Level 5:colcon.colcon_core.verb:set package 'bumperbot_msgs' build argument 'cmake_force_configure' from command line to 'False'
[0.153s] Level 5:colcon.colcon_core.verb:set package 'bumperbot_msgs' build argument 'ament_cmake_args' from command line to 'None'
[0.153s] Level 5:colcon.colcon_core.verb:set package 'bumperbot_msgs' build argument 'catkin_cmake_args' from command line to 'None'
[0.153s] Level 5:colcon.colcon_core.verb:set package 'bumperbot_msgs' build argument 'catkin_skip_building_tests' from command line to 'False'
[0.153s] DEBUG:colcon.colcon_core.verb:Building package 'bumperbot_msgs' with the following arguments: {'ament_cmake_args': None, 'build_base': '/home/ali/ali_ws/autonomous/src/build/bumperbot_msgs', 'catkin_cmake_args': None, 'catkin_skip_building_tests': False, 'cmake_args': None, 'cmake_clean_cache': False, 'cmake_clean_first': False, 'cmake_force_configure': False, 'cmake_target': None, 'cmake_target_skip_unavailable': False, 'install_base': '/home/ali/ali_ws/autonomous/src/install/bumperbot_msgs', 'merge_install': False, 'path': '/home/ali/ali_ws/autonomous/src/bumperbot_msgs', 'symlink_install': False, 'test_result_base': None}
[0.154s] Level 5:colcon.colcon_core.verb:set package 'bumperbot_py_examples' build argument 'cmake_args' from command line to 'None'
[0.154s] Level 5:colcon.colcon_core.verb:set package 'bumperbot_py_examples' build argument 'cmake_target' from command line to 'None'
[0.154s] Level 5:colcon.colcon_core.verb:set package 'bumperbot_py_examples' build argument 'cmake_target_skip_unavailable' from command line to 'False'
[0.154s] Level 5:colcon.colcon_core.verb:set package 'bumperbot_py_examples' build argument 'cmake_clean_cache' from command line to 'False'
[0.154s] Level 5:colcon.colcon_core.verb:set package 'bumperbot_py_examples' build argument 'cmake_clean_first' from command line to 'False'
[0.154s] Level 5:colcon.colcon_core.verb:set package 'bumperbot_py_examples' build argument 'cmake_force_configure' from command line to 'False'
[0.154s] Level 5:colcon.colcon_core.verb:set package 'bumperbot_py_examples' build argument 'ament_cmake_args' from command line to 'None'
[0.154s] Level 5:colcon.colcon_core.verb:set package 'bumperbot_py_examples' build argument 'catkin_cmake_args' from command line to 'None'
[0.154s] Level 5:colcon.colcon_core.verb:set package 'bumperbot_py_examples' build argument 'catkin_skip_building_tests' from command line to 'False'
[0.154s] DEBUG:colcon.colcon_core.verb:Building package 'bumperbot_py_examples' with the following arguments: {'ament_cmake_args': None, 'build_base': '/home/ali/ali_ws/autonomous/src/build/bumperbot_py_examples', 'catkin_cmake_args': None, 'catkin_skip_building_tests': False, 'cmake_args': None, 'cmake_clean_cache': False, 'cmake_clean_first': False, 'cmake_force_configure': False, 'cmake_target': None, 'cmake_target_skip_unavailable': False, 'install_base': '/home/ali/ali_ws/autonomous/src/install/bumperbot_py_examples', 'merge_install': False, 'path': '/home/ali/ali_ws/autonomous/src/bumperbot_py_examples', 'symlink_install': False, 'test_result_base': None}
[0.154s] INFO:colcon.colcon_core.executor:Executing jobs using 'parallel' executor
[0.154s] DEBUG:colcon.colcon_parallel_executor.executor.parallel:run_until_complete
[0.154s] INFO:colcon.colcon_ros.task.ament_cmake.build:Building ROS package in '/home/ali/ali_ws/autonomous/src/bumperbot_controller' with build type 'ament_cmake'
[0.155s] INFO:colcon.colcon_cmake.task.cmake.build:Building CMake package in '/home/ali/ali_ws/autonomous/src/bumperbot_controller'
[0.156s] INFO:colcon.colcon_core.plugin_system:Skipping extension 'colcon_core.shell.bat': Not used on non-Windows systems
[0.156s] INFO:colcon.colcon_core.shell:Skip shell extension 'powershell' for command environment: Not usable outside of PowerShell
[0.156s] DEBUG:colcon.colcon_core.shell:Skip shell extension 'dsv' for command environment
[0.157s] INFO:colcon.colcon_ros.task.ament_cmake.build:Building ROS package in '/home/ali/ali_ws/autonomous/src/bumperbot_cpp_examples' with build type 'ament_cmake'
[0.157s] INFO:colcon.colcon_cmake.task.cmake.build:Building CMake package in '/home/ali/ali_ws/autonomous/src/bumperbot_cpp_examples'
[0.157s] INFO:colcon.colcon_core.shell:Skip shell extension 'powershell' for command environment: Not usable outside of PowerShell
[0.157s] DEBUG:colcon.colcon_core.shell:Skip shell extension 'dsv' for command environment
[0.159s] INFO:colcon.colcon_ros.task.ament_cmake.build:Building ROS package in '/home/ali/ali_ws/autonomous/src/bumperbot_description' with build type 'ament_cmake'
[0.159s] INFO:colcon.colcon_cmake.task.cmake.build:Building CMake package in '/home/ali/ali_ws/autonomous/src/bumperbot_description'
[0.159s] INFO:colcon.colcon_core.shell:Skip shell extension 'powershell' for command environment: Not usable outside of PowerShell
[0.159s] DEBUG:colcon.colcon_core.shell:Skip shell extension 'dsv' for command environment
[0.160s] INFO:colcon.colcon_ros.task.ament_cmake.build:Building ROS package in '/home/ali/ali_ws/autonomous/src/bumperbot_msgs' with build type 'ament_cmake'
[0.160s] INFO:colcon.colcon_cmake.task.cmake.build:Building CMake package in '/home/ali/ali_ws/autonomous/src/bumperbot_msgs'
[0.160s] INFO:colcon.colcon_core.shell:Skip shell extension 'powershell' for command environment: Not usable outside of PowerShell
[0.160s] DEBUG:colcon.colcon_core.shell:Skip shell extension 'dsv' for command environment
[0.161s] INFO:colcon.colcon_ros.task.ament_python.build:Building ROS package in '/home/ali/ali_ws/autonomous/src/bumperbot_py_examples' with build type 'ament_python'
[0.161s] Level 1:colcon.colcon_core.shell:create_environment_hook('bumperbot_py_examples', 'ament_prefix_path')
[0.161s] INFO:colcon.colcon_core.shell:Creating environment hook '/home/ali/ali_ws/autonomous/src/install/bumperbot_py_examples/share/bumperbot_py_examples/hook/ament_prefix_path.ps1'
[0.162s] INFO:colcon.colcon_core.shell:Creating environment descriptor '/home/ali/ali_ws/autonomous/src/install/bumperbot_py_examples/share/bumperbot_py_examples/hook/ament_prefix_path.dsv'
[0.162s] INFO:colcon.colcon_core.shell:Creating environment hook '/home/ali/ali_ws/autonomous/src/install/bumperbot_py_examples/share/bumperbot_py_examples/hook/ament_prefix_path.sh'
[0.162s] INFO:colcon.colcon_core.shell:Skip shell extension 'powershell' for command environment: Not usable outside of PowerShell
[0.162s] DEBUG:colcon.colcon_core.shell:Skip shell extension 'dsv' for command environment
[0.166s] DEBUG:colcon.colcon_core.event_handler.log_command:Invoking command in '/home/ali/ali_ws/autonomous/src/build/bumperbot_controller': CMAKE_PREFIX_PATH=/opt/ros/humble /usr/bin/cmake --build /home/ali/ali_ws/autonomous/src/build/bumperbot_controller -- -j24 -l24
[0.168s] DEBUG:colcon.colcon_core.event_handler.log_command:Invoking command in '/home/ali/ali_ws/autonomous/src/build/bumperbot_cpp_examples': CMAKE_PREFIX_PATH=/opt/ros/humble /usr/bin/cmake --build /home/ali/ali_ws/autonomous/src/build/bumperbot_cpp_examples -- -j24 -l24
[0.170s] DEBUG:colcon.colcon_core.event_handler.log_command:Invoking command in '/home/ali/ali_ws/autonomous/src/build/bumperbot_description': CMAKE_PREFIX_PATH=/opt/ros/humble /usr/bin/cmake --build /home/ali/ali_ws/autonomous/src/build/bumperbot_description -- -j24 -l24
[0.171s] DEBUG:colcon.colcon_core.event_handler.log_command:Invoking command in '/home/ali/ali_ws/autonomous/src/build/bumperbot_msgs': CMAKE_PREFIX_PATH=/opt/ros/humble /usr/bin/cmake --build /home/ali/ali_ws/autonomous/src/build/bumperbot_msgs -- -j24 -l24
[0.282s] INFO:colcon.colcon_core.task.python.build:Building Python package in '/home/ali/ali_ws/autonomous/src/bumperbot_py_examples'
[0.282s] INFO:colcon.colcon_core.shell:Skip shell extension 'powershell' for command environment: Not usable outside of PowerShell
[0.282s] DEBUG:colcon.colcon_core.shell:Skip shell extension 'dsv' for command environment
[0.286s] DEBUG:colcon.colcon_core.event_handler.log_command:Invoked command in '/home/ali/ali_ws/autonomous/src/build/bumperbot_cpp_examples' returned '0': CMAKE_PREFIX_PATH=/opt/ros/humble /usr/bin/cmake --build /home/ali/ali_ws/autonomous/src/build/bumperbot_cpp_examples -- -j24 -l24
[0.293s] DEBUG:colcon.colcon_core.event_handler.log_command:Invoking command in '/home/ali/ali_ws/autonomous/src/build/bumperbot_cpp_examples': CMAKE_PREFIX_PATH=/opt/ros/humble /usr/bin/cmake --install /home/ali/ali_ws/autonomous/src/build/bumperbot_cpp_examples
[0.294s] DEBUG:colcon.colcon_core.event_handler.log_command:Invoked command in '/home/ali/ali_ws/autonomous/src/build/bumperbot_controller' returned '0': CMAKE_PREFIX_PATH=/opt/ros/humble /usr/bin/cmake --build /home/ali/ali_ws/autonomous/src/build/bumperbot_controller -- -j24 -l24
[0.295s] DEBUG:colcon.colcon_core.event_handler.log_command:Invoking command in '/home/ali/ali_ws/autonomous/src/build/bumperbot_controller': CMAKE_PREFIX_PATH=/opt/ros/humble /usr/bin/cmake --install /home/ali/ali_ws/autonomous/src/build/bumperbot_controller
[0.296s] DEBUG:colcon.colcon_core.event_handler.log_command:Invoked command in '/home/ali/ali_ws/autonomous/src/build/bumperbot_description' returned '0': CMAKE_PREFIX_PATH=/opt/ros/humble /usr/bin/cmake --build /home/ali/ali_ws/autonomous/src/build/bumperbot_description -- -j24 -l24
[0.297s] DEBUG:colcon.colcon_core.event_handler.log_command:Invoking command in '/home/ali/ali_ws/autonomous/src/build/bumperbot_description': CMAKE_PREFIX_PATH=/opt/ros/humble /usr/bin/cmake --install /home/ali/ali_ws/autonomous/src/build/bumperbot_description
[0.303s] Level 1:colcon.colcon_core.environment:create_environment_scripts_only(bumperbot_controller)
[0.304s] DEBUG:colcon.colcon_core.event_handler.log_command:Invoked command in '/home/ali/ali_ws/autonomous/src/build/bumperbot_controller' returned '0': CMAKE_PREFIX_PATH=/opt/ros/humble /usr/bin/cmake --install /home/ali/ali_ws/autonomous/src/build/bumperbot_controller
[0.305s] Level 1:colcon.colcon_core.environment:checking '/home/ali/ali_ws/autonomous/src/install/bumperbot_controller' for CMake module files
[0.305s] Level 1:colcon.colcon_core.environment:checking '/home/ali/ali_ws/autonomous/src/install/bumperbot_controller' for CMake config files
[0.305s] Level 1:colcon.colcon_core.shell:create_environment_hook('bumperbot_controller', 'cmake_prefix_path')
[0.306s] INFO:colcon.colcon_core.shell:Creating environment hook '/home/ali/ali_ws/autonomous/src/install/bumperbot_controller/share/bumperbot_controller/hook/cmake_prefix_path.ps1'
[0.306s] INFO:colcon.colcon_core.shell:Creating environment descriptor '/home/ali/ali_ws/autonomous/src/install/bumperbot_controller/share/bumperbot_controller/hook/cmake_prefix_path.dsv'
[0.306s] INFO:colcon.colcon_core.shell:Creating environment hook '/home/ali/ali_ws/autonomous/src/install/bumperbot_controller/share/bumperbot_controller/hook/cmake_prefix_path.sh'
[0.306s] Level 1:colcon.colcon_core.environment:checking '/home/ali/ali_ws/autonomous/src/install/bumperbot_controller/lib'
[0.307s] Level 1:colcon.colcon_core.environment:checking '/home/ali/ali_ws/autonomous/src/install/bumperbot_controller/bin'
[0.307s] Level 1:colcon.colcon_core.environment:checking '/home/ali/ali_ws/autonomous/src/install/bumperbot_controller/lib/pkgconfig/bumperbot_controller.pc'
[0.307s] Level 1:colcon.colcon_core.environment:checking '/home/ali/ali_ws/autonomous/src/install/bumperbot_controller/lib/python3.10/site-packages'
[0.307s] Level 1:colcon.colcon_core.environment:checking '/home/ali/ali_ws/autonomous/src/install/bumperbot_controller/bin'
[0.307s] INFO:colcon.colcon_core.shell:Creating package script '/home/ali/ali_ws/autonomous/src/install/bumperbot_controller/share/bumperbot_controller/package.ps1'
[0.307s] INFO:colcon.colcon_core.shell:Creating package descriptor '/home/ali/ali_ws/autonomous/src/install/bumperbot_controller/share/bumperbot_controller/package.dsv'
[0.308s] INFO:colcon.colcon_core.shell:Creating package script '/home/ali/ali_ws/autonomous/src/install/bumperbot_controller/share/bumperbot_controller/package.sh'
[0.308s] INFO:colcon.colcon_core.shell:Creating package script '/home/ali/ali_ws/autonomous/src/install/bumperbot_controller/share/bumperbot_controller/package.bash'
[0.308s] INFO:colcon.colcon_core.shell:Creating package script '/home/ali/ali_ws/autonomous/src/install/bumperbot_controller/share/bumperbot_controller/package.zsh'
[0.308s] Level 1:colcon.colcon_core.environment:create_file_with_runtime_dependencies(/home/ali/ali_ws/autonomous/src/install/bumperbot_controller/share/colcon-core/packages/bumperbot_controller)
[0.309s] Level 1:colcon.colcon_core.environment:create_environment_scripts_only(bumperbot_controller)
[0.309s] Level 1:colcon.colcon_core.environment:checking '/home/ali/ali_ws/autonomous/src/install/bumperbot_controller' for CMake module files
[0.309s] Level 1:colcon.colcon_core.environment:checking '/home/ali/ali_ws/autonomous/src/install/bumperbot_controller' for CMake config files
[0.309s] Level 1:colcon.colcon_core.shell:create_environment_hook('bumperbot_controller', 'cmake_prefix_path')
[0.309s] INFO:colcon.colcon_core.shell:Creating environment hook '/home/ali/ali_ws/autonomous/src/install/bumperbot_controller/share/bumperbot_controller/hook/cmake_prefix_path.ps1'
[0.309s] INFO:colcon.colcon_core.shell:Creating environment descriptor '/home/ali/ali_ws/autonomous/src/install/bumperbot_controller/share/bumperbot_controller/hook/cmake_prefix_path.dsv'
[0.309s] INFO:colcon.colcon_core.shell:Creating environment hook '/home/ali/ali_ws/autonomous/src/install/bumperbot_controller/share/bumperbot_controller/hook/cmake_prefix_path.sh'
[0.310s] Level 1:colcon.colcon_core.environment:checking '/home/ali/ali_ws/autonomous/src/install/bumperbot_controller/lib'
[0.310s] Level 1:colcon.colcon_core.environment:checking '/home/ali/ali_ws/autonomous/src/install/bumperbot_controller/bin'
[0.310s] Level 1:colcon.colcon_core.environment:checking '/home/ali/ali_ws/autonomous/src/install/bumperbot_controller/lib/pkgconfig/bumperbot_controller.pc'
[0.310s] Level 1:colcon.colcon_core.environment:checking '/home/ali/ali_ws/autonomous/src/install/bumperbot_controller/lib/python3.10/site-packages'
[0.310s] Level 1:colcon.colcon_core.environment:checking '/home/ali/ali_ws/autonomous/src/install/bumperbot_controller/bin'
[0.310s] INFO:colcon.colcon_core.shell:Creating package script '/home/ali/ali_ws/autonomous/src/install/bumperbot_controller/share/bumperbot_controller/package.ps1'
[0.310s] INFO:colcon.colcon_core.shell:Creating package descriptor '/home/ali/ali_ws/autonomous/src/install/bumperbot_controller/share/bumperbot_controller/package.dsv'
[0.311s] INFO:colcon.colcon_core.shell:Creating package script '/home/ali/ali_ws/autonomous/src/install/bumperbot_controller/share/bumperbot_controller/package.sh'
[0.311s] INFO:colcon.colcon_core.shell:Creating package script '/home/ali/ali_ws/autonomous/src/install/bumperbot_controller/share/bumperbot_controller/package.bash'
[0.311s] INFO:colcon.colcon_core.shell:Creating package script '/home/ali/ali_ws/autonomous/src/install/bumperbot_controller/share/bumperbot_controller/package.zsh'
[0.311s] Level 1:colcon.colcon_core.environment:create_file_with_runtime_dependencies(/home/ali/ali_ws/autonomous/src/install/bumperbot_controller/share/colcon-core/packages/bumperbot_controller)
[0.311s] Level 1:colcon.colcon_core.environment:create_environment_scripts_only(bumperbot_cpp_examples)
[0.312s] Level 1:colcon.colcon_core.environment:checking '/home/ali/ali_ws/autonomous/src/install/bumperbot_cpp_examples' for CMake module files
[0.312s] DEBUG:colcon.colcon_core.event_handler.log_command:Invoked command in '/home/ali/ali_ws/autonomous/src/build/bumperbot_cpp_examples' returned '0': CMAKE_PREFIX_PATH=/opt/ros/humble /usr/bin/cmake --install /home/ali/ali_ws/autonomous/src/build/bumperbot_cpp_examples
[0.312s] Level 1:colcon.colcon_core.environment:checking '/home/ali/ali_ws/autonomous/src/install/bumperbot_cpp_examples' for CMake config files
[0.312s] Level 1:colcon.colcon_core.shell:create_environment_hook('bumperbot_cpp_examples', 'cmake_prefix_path')
[0.312s] INFO:colcon.colcon_core.shell:Creating environment hook '/home/ali/ali_ws/autonomous/src/install/bumperbot_cpp_examples/share/bumperbot_cpp_examples/hook/cmake_prefix_path.ps1'
[0.312s] INFO:colcon.colcon_core.shell:Creating environment descriptor '/home/ali/ali_ws/autonomous/src/install/bumperbot_cpp_examples/share/bumperbot_cpp_examples/hook/cmake_prefix_path.dsv'
[0.312s] INFO:colcon.colcon_core.shell:Creating environment hook '/home/ali/ali_ws/autonomous/src/install/bumperbot_cpp_examples/share/bumperbot_cpp_examples/hook/cmake_prefix_path.sh'
[0.313s] Level 1:colcon.colcon_core.environment:checking '/home/ali/ali_ws/autonomous/src/install/bumperbot_cpp_examples/lib'
[0.313s] Level 1:colcon.colcon_core.environment:checking '/home/ali/ali_ws/autonomous/src/install/bumperbot_cpp_examples/bin'
[0.313s] Level 1:colcon.colcon_core.environment:checking '/home/ali/ali_ws/autonomous/src/install/bumperbot_cpp_examples/lib/pkgconfig/bumperbot_cpp_examples.pc'
[0.313s] Level 1:colcon.colcon_core.environment:checking '/home/ali/ali_ws/autonomous/src/install/bumperbot_cpp_examples/lib/python3.10/site-packages'
[0.313s] Level 1:colcon.colcon_core.environment:checking '/home/ali/ali_ws/autonomous/src/install/bumperbot_cpp_examples/bin'
[0.313s] INFO:colcon.colcon_core.shell:Creating package script '/home/ali/ali_ws/autonomous/src/install/bumperbot_cpp_examples/share/bumperbot_cpp_examples/package.ps1'
[0.313s] INFO:colcon.colcon_core.shell:Creating package descriptor '/home/ali/ali_ws/autonomous/src/install/bumperbot_cpp_examples/share/bumperbot_cpp_examples/package.dsv'
[0.314s] INFO:colcon.colcon_core.shell:Creating package script '/home/ali/ali_ws/autonomous/src/install/bumperbot_cpp_examples/share/bumperbot_cpp_examples/package.sh'
[0.314s] INFO:colcon.colcon_core.shell:Creating package script '/home/ali/ali_ws/autonomous/src/install/bumperbot_cpp_examples/share/bumperbot_cpp_examples/package.bash'
[0.314s] INFO:colcon.colcon_core.shell:Creating package script '/home/ali/ali_ws/autonomous/src/install/bumperbot_cpp_examples/share/bumperbot_cpp_examples/package.zsh'
[0.314s] Level 1:colcon.colcon_core.environment:create_file_with_runtime_dependencies(/home/ali/ali_ws/autonomous/src/install/bumperbot_cpp_examples/share/colcon-core/packages/bumperbot_cpp_examples)
[0.314s] Level 1:colcon.colcon_core.environment:create_environment_scripts_only(bumperbot_cpp_examples)
[0.314s] Level 1:colcon.colcon_core.environment:checking '/home/ali/ali_ws/autonomous/src/install/bumperbot_cpp_examples' for CMake module files
[0.314s] Level 1:colcon.colcon_core.environment:checking '/home/ali/ali_ws/autonomous/src/install/bumperbot_cpp_examples' for CMake config files
[0.315s] Level 1:colcon.colcon_core.shell:create_environment_hook('bumperbot_cpp_examples', 'cmake_prefix_path')
[0.315s] INFO:colcon.colcon_core.shell:Creating environment hook '/home/ali/ali_ws/autonomous/src/install/bumperbot_cpp_examples/share/bumperbot_cpp_examples/hook/cmake_prefix_path.ps1'
[0.315s] INFO:colcon.colcon_core.shell:Creating environment descriptor '/home/ali/ali_ws/autonomous/src/install/bumperbot_cpp_examples/share/bumperbot_cpp_examples/hook/cmake_prefix_path.dsv'
[0.315s] INFO:colcon.colcon_core.shell:Creating environment hook '/home/ali/ali_ws/autonomous/src/install/bumperbot_cpp_examples/share/bumperbot_cpp_examples/hook/cmake_prefix_path.sh'
[0.315s] Level 1:colcon.colcon_core.environment:checking '/home/ali/ali_ws/autonomous/src/install/bumperbot_cpp_examples/lib'
[0.315s] Level 1:colcon.colcon_core.environment:checking '/home/ali/ali_ws/autonomous/src/install/bumperbot_cpp_examples/bin'
[0.315s] Level 1:colcon.colcon_core.environment:checking '/home/ali/ali_ws/autonomous/src/install/bumperbot_cpp_examples/lib/pkgconfig/bumperbot_cpp_examples.pc'
[0.315s] Level 1:colcon.colcon_core.environment:checking '/home/ali/ali_ws/autonomous/src/install/bumperbot_cpp_examples/lib/python3.10/site-packages'
[0.315s] Level 1:colcon.colcon_core.environment:checking '/home/ali/ali_ws/autonomous/src/install/bumperbot_cpp_examples/bin'
[0.316s] INFO:colcon.colcon_core.shell:Creating package script '/home/ali/ali_ws/autonomous/src/install/bumperbot_cpp_examples/share/bumperbot_cpp_examples/package.ps1'
[0.316s] INFO:colcon.colcon_core.shell:Creating package descriptor '/home/ali/ali_ws/autonomous/src/install/bumperbot_cpp_examples/share/bumperbot_cpp_examples/package.dsv'
[0.316s] INFO:colcon.colcon_core.shell:Creating package script '/home/ali/ali_ws/autonomous/src/install/bumperbot_cpp_examples/share/bumperbot_cpp_examples/package.sh'
[0.316s] INFO:colcon.colcon_core.shell:Creating package script '/home/ali/ali_ws/autonomous/src/install/bumperbot_cpp_examples/share/bumperbot_cpp_examples/package.bash'
[0.316s] INFO:colcon.colcon_core.shell:Creating package script '/home/ali/ali_ws/autonomous/src/install/bumperbot_cpp_examples/share/bumperbot_cpp_examples/package.zsh'
[0.316s] Level 1:colcon.colcon_core.environment:create_file_with_runtime_dependencies(/home/ali/ali_ws/autonomous/src/install/bumperbot_cpp_examples/share/colcon-core/packages/bumperbot_cpp_examples)
[0.317s] Level 1:colcon.colcon_core.environment:create_environment_scripts_only(bumperbot_description)
[0.317s] Level 1:colcon.colcon_core.environment:checking '/home/ali/ali_ws/autonomous/src/install/bumperbot_description' for CMake module files
[0.318s] DEBUG:colcon.colcon_core.event_handler.log_command:Invoked command in '/home/ali/ali_ws/autonomous/src/build/bumperbot_description' returned '0': CMAKE_PREFIX_PATH=/opt/ros/humble /usr/bin/cmake --install /home/ali/ali_ws/autonomous/src/build/bumperbot_description
[0.318s] Level 1:colcon.colcon_core.environment:checking '/home/ali/ali_ws/autonomous/src/install/bumperbot_description' for CMake config files
[0.318s] Level 1:colcon.colcon_core.shell:create_environment_hook('bumperbot_description', 'cmake_prefix_path')
[0.318s] INFO:colcon.colcon_core.shell:Creating environment hook '/home/ali/ali_ws/autonomous/src/install/bumperbot_description/share/bumperbot_description/hook/cmake_prefix_path.ps1'
[0.318s] INFO:colcon.colcon_core.shell:Creating environment descriptor '/home/ali/ali_ws/autonomous/src/install/bumperbot_description/share/bumperbot_description/hook/cmake_prefix_path.dsv'
[0.318s] INFO:colcon.colcon_core.shell:Creating environment hook '/home/ali/ali_ws/autonomous/src/install/bumperbot_description/share/bumperbot_description/hook/cmake_prefix_path.sh'
[0.318s] Level 1:colcon.colcon_core.environment:checking '/home/ali/ali_ws/autonomous/src/install/bumperbot_description/bin'
[0.318s] Level 1:colcon.colcon_core.environment:checking '/home/ali/ali_ws/autonomous/src/install/bumperbot_description/lib/pkgconfig/bumperbot_description.pc'
[0.319s] Level 1:colcon.colcon_core.environment:checking '/home/ali/ali_ws/autonomous/src/install/bumperbot_description/lib/python3.10/site-packages'
[0.319s] Level 1:colcon.colcon_core.environment:checking '/home/ali/ali_ws/autonomous/src/install/bumperbot_description/bin'
[0.319s] INFO:colcon.colcon_core.shell:Creating package script '/home/ali/ali_ws/autonomous/src/install/bumperbot_description/share/bumperbot_description/package.ps1'
[0.319s] INFO:colcon.colcon_core.shell:Creating package descriptor '/home/ali/ali_ws/autonomous/src/install/bumperbot_description/share/bumperbot_description/package.dsv'
[0.319s] INFO:colcon.colcon_core.shell:Creating package script '/home/ali/ali_ws/autonomous/src/install/bumperbot_description/share/bumperbot_description/package.sh'
[0.319s] INFO:colcon.colcon_core.shell:Creating package script '/home/ali/ali_ws/autonomous/src/install/bumperbot_description/share/bumperbot_description/package.bash'
[0.319s] INFO:colcon.colcon_core.shell:Creating package script '/home/ali/ali_ws/autonomous/src/install/bumperbot_description/share/bumperbot_description/package.zsh'
[0.320s] Level 1:colcon.colcon_core.environment:create_file_with_runtime_dependencies(/home/ali/ali_ws/autonomous/src/install/bumperbot_description/share/colcon-core/packages/bumperbot_description)
[0.320s] Level 1:colcon.colcon_core.environment:create_environment_scripts_only(bumperbot_description)
[0.320s] Level 1:colcon.colcon_core.environment:checking '/home/ali/ali_ws/autonomous/src/install/bumperbot_description' for CMake module files
[0.320s] Level 1:colcon.colcon_core.environment:checking '/home/ali/ali_ws/autonomous/src/install/bumperbot_description' for CMake config files
[0.320s] Level 1:colcon.colcon_core.shell:create_environment_hook('bumperbot_description', 'cmake_prefix_path')
[0.320s] INFO:colcon.colcon_core.shell:Creating environment hook '/home/ali/ali_ws/autonomous/src/install/bumperbot_description/share/bumperbot_description/hook/cmake_prefix_path.ps1'
[0.320s] INFO:colcon.colcon_core.shell:Creating environment descriptor '/home/ali/ali_ws/autonomous/src/install/bumperbot_description/share/bumperbot_description/hook/cmake_prefix_path.dsv'
[0.321s] INFO:colcon.colcon_core.shell:Creating environment hook '/home/ali/ali_ws/autonomous/src/install/bumperbot_description/share/bumperbot_description/hook/cmake_prefix_path.sh'
[0.321s] Level 1:colcon.colcon_core.environment:checking '/home/ali/ali_ws/autonomous/src/install/bumperbot_description/bin'
[0.321s] Level 1:colcon.colcon_core.environment:checking '/home/ali/ali_ws/autonomous/src/install/bumperbot_description/lib/pkgconfig/bumperbot_description.pc'
[0.321s] Level 1:colcon.colcon_core.environment:checking '/home/ali/ali_ws/autonomous/src/install/bumperbot_description/lib/python3.10/site-packages'
[0.321s] Level 1:colcon.colcon_core.environment:checking '/home/ali/ali_ws/autonomous/src/install/bumperbot_description/bin'
[0.321s] INFO:colcon.colcon_core.shell:Creating package script '/home/ali/ali_ws/autonomous/src/install/bumperbot_description/share/bumperbot_description/package.ps1'
[0.321s] INFO:colcon.colcon_core.shell:Creating package descriptor '/home/ali/ali_ws/autonomous/src/install/bumperbot_description/share/bumperbot_description/package.dsv'
[0.322s] INFO:colcon.colcon_core.shell:Creating package script '/home/ali/ali_ws/autonomous/src/install/bumperbot_description/share/bumperbot_description/package.sh'
[0.322s] INFO:colcon.colcon_core.shell:Creating package script '/home/ali/ali_ws/autonomous/src/install/bumperbot_description/share/bumperbot_description/package.bash'
[0.322s] INFO:colcon.colcon_core.shell:Creating package script '/home/ali/ali_ws/autonomous/src/install/bumperbot_description/share/bumperbot_description/package.zsh'
[0.322s] Level 1:colcon.colcon_core.environment:create_file_with_runtime_dependencies(/home/ali/ali_ws/autonomous/src/install/bumperbot_description/share/colcon-core/packages/bumperbot_description)
[0.450s] DEBUG:colcon.colcon_core.event_handler.log_command:Invoking command in '/home/ali/ali_ws/autonomous/src/bumperbot_py_examples': PYTHONPATH=/home/ali/ali_ws/autonomous/src/build/bumperbot_py_examples/prefix_override:/usr/lib/python3/dist-packages/colcon_core/task/python/colcon_distutils_commands:/home/ali/ali_ws/autonomous/src/install/bumperbot_py_examples/lib/python3.10/site-packages:${PYTHONPATH} /usr/bin/python3 -W ignore:setup.py install is deprecated -W ignore:easy_install command is deprecated setup.py egg_info --egg-base ../build/bumperbot_py_examples build --build-base /home/ali/ali_ws/autonomous/src/build/bumperbot_py_examples/build install --record /home/ali/ali_ws/autonomous/src/build/bumperbot_py_examples/install.log --single-version-externally-managed install_data
[0.576s] Level 1:colcon.colcon_core.environment:checking '/home/ali/ali_ws/autonomous/src/install/bumperbot_py_examples' for CMake module files
[0.576s] DEBUG:colcon.colcon_core.event_handler.log_command:Invoked command in '/home/ali/ali_ws/autonomous/src/bumperbot_py_examples' returned '0': PYTHONPATH=/home/ali/ali_ws/autonomous/src/build/bumperbot_py_examples/prefix_override:/usr/lib/python3/dist-packages/colcon_core/task/python/colcon_distutils_commands:/home/ali/ali_ws/autonomous/src/install/bumperbot_py_examples/lib/python3.10/site-packages:${PYTHONPATH} /usr/bin/python3 -W ignore:setup.py install is deprecated -W ignore:easy_install command is deprecated setup.py egg_info --egg-base ../build/bumperbot_py_examples build --build-base /home/ali/ali_ws/autonomous/src/build/bumperbot_py_examples/build install --record /home/ali/ali_ws/autonomous/src/build/bumperbot_py_examples/install.log --single-version-externally-managed install_data
[0.576s] Level 1:colcon.colcon_core.environment:checking '/home/ali/ali_ws/autonomous/src/install/bumperbot_py_examples' for CMake config files
[0.577s] Level 1:colcon.colcon_core.environment:checking '/home/ali/ali_ws/autonomous/src/install/bumperbot_py_examples/lib'
[0.577s] Level 1:colcon.colcon_core.environment:checking '/home/ali/ali_ws/autonomous/src/install/bumperbot_py_examples/bin'
[0.577s] Level 1:colcon.colcon_core.environment:checking '/home/ali/ali_ws/autonomous/src/install/bumperbot_py_examples/lib/pkgconfig/bumperbot_py_examples.pc'
[0.577s] Level 1:colcon.colcon_core.environment:checking '/home/ali/ali_ws/autonomous/src/install/bumperbot_py_examples/lib/python3.10/site-packages'
[0.577s] Level 1:colcon.colcon_core.shell:create_environment_hook('bumperbot_py_examples', 'pythonpath')
[0.578s] INFO:colcon.colcon_core.shell:Creating environment hook '/home/ali/ali_ws/autonomous/src/install/bumperbot_py_examples/share/bumperbot_py_examples/hook/pythonpath.ps1'
[0.578s] INFO:colcon.colcon_core.shell:Creating environment descriptor '/home/ali/ali_ws/autonomous/src/install/bumperbot_py_examples/share/bumperbot_py_examples/hook/pythonpath.dsv'
[0.578s] INFO:colcon.colcon_core.shell:Creating environment hook '/home/ali/ali_ws/autonomous/src/install/bumperbot_py_examples/share/bumperbot_py_examples/hook/pythonpath.sh'
[0.579s] Level 1:colcon.colcon_core.environment:checking '/home/ali/ali_ws/autonomous/src/install/bumperbot_py_examples/bin'
[0.579s] Level 1:colcon.colcon_core.environment:create_environment_scripts_only(bumperbot_py_examples)
[0.579s] INFO:colcon.colcon_core.shell:Creating package script '/home/ali/ali_ws/autonomous/src/install/bumperbot_py_examples/share/bumperbot_py_examples/package.ps1'
[0.580s] INFO:colcon.colcon_core.shell:Creating package descriptor '/home/ali/ali_ws/autonomous/src/install/bumperbot_py_examples/share/bumperbot_py_examples/package.dsv'
[0.580s] INFO:colcon.colcon_core.shell:Creating package script '/home/ali/ali_ws/autonomous/src/install/bumperbot_py_examples/share/bumperbot_py_examples/package.sh'
[0.580s] INFO:colcon.colcon_core.shell:Creating package script '/home/ali/ali_ws/autonomous/src/install/bumperbot_py_examples/share/bumperbot_py_examples/package.bash'
[0.581s] INFO:colcon.colcon_core.shell:Creating package script '/home/ali/ali_ws/autonomous/src/install/bumperbot_py_examples/share/bumperbot_py_examples/package.zsh'
[0.581s] Level 1:colcon.colcon_core.environment:create_file_with_runtime_dependencies(/home/ali/ali_ws/autonomous/src/install/bumperbot_py_examples/share/colcon-core/packages/bumperbot_py_examples)
[1.409s] DEBUG:colcon.colcon_core.event_handler.log_command:Invoked command in '/home/ali/ali_ws/autonomous/src/build/bumperbot_msgs' returned '2': CMAKE_PREFIX_PATH=/opt/ros/humble /usr/bin/cmake --build /home/ali/ali_ws/autonomous/src/build/bumperbot_msgs -- -j24 -l24
[1.410s] Level 1:colcon.colcon_core.environment:create_environment_scripts_only(bumperbot_msgs)
[1.410s] Level 1:colcon.colcon_core.environment:checking '/home/ali/ali_ws/autonomous/src/install/bumperbot_msgs' for CMake module files
[1.410s] Level 1:colcon.colcon_core.environment:checking '/home/ali/ali_ws/autonomous/src/install/bumperbot_msgs' for CMake config files
[1.410s] Level 1:colcon.colcon_core.environment:checking '/home/ali/ali_ws/autonomous/src/install/bumperbot_msgs/bin'
[1.410s] Level 1:colcon.colcon_core.environment:checking '/home/ali/ali_ws/autonomous/src/install/bumperbot_msgs/lib/pkgconfig/bumperbot_msgs.pc'
[1.411s] Level 1:colcon.colcon_core.environment:checking '/home/ali/ali_ws/autonomous/src/install/bumperbot_msgs/lib/python3.10/site-packages'
[1.411s] Level 1:colcon.colcon_core.environment:checking '/home/ali/ali_ws/autonomous/src/install/bumperbot_msgs/bin'
[1.411s] INFO:colcon.colcon_core.shell:Creating package script '/home/ali/ali_ws/autonomous/src/install/bumperbot_msgs/share/bumperbot_msgs/package.ps1'
[1.411s] INFO:colcon.colcon_core.shell:Creating package descriptor '/home/ali/ali_ws/autonomous/src/install/bumperbot_msgs/share/bumperbot_msgs/package.dsv'
[1.411s] INFO:colcon.colcon_core.shell:Creating package script '/home/ali/ali_ws/autonomous/src/install/bumperbot_msgs/share/bumperbot_msgs/package.sh'
[1.412s] INFO:colcon.colcon_core.shell:Creating package script '/home/ali/ali_ws/autonomous/src/install/bumperbot_msgs/share/bumperbot_msgs/package.bash'
[1.412s] INFO:colcon.colcon_core.shell:Creating package script '/home/ali/ali_ws/autonomous/src/install/bumperbot_msgs/share/bumperbot_msgs/package.zsh'
[1.412s] Level 1:colcon.colcon_core.environment:create_file_with_runtime_dependencies(/home/ali/ali_ws/autonomous/src/install/bumperbot_msgs/share/colcon-core/packages/bumperbot_msgs)
[1.422s] DEBUG:colcon.colcon_parallel_executor.executor.parallel:closing loop
[1.422s] DEBUG:colcon.colcon_parallel_executor.executor.parallel:loop closed
[1.422s] DEBUG:colcon.colcon_parallel_executor.executor.parallel:run_until_complete finished with '2'
[1.422s] DEBUG:colcon.colcon_core.event_reactor:joining thread
[1.426s] INFO:colcon.colcon_core.plugin_system:Skipping extension 'colcon_notification.desktop_notification.terminal_notifier': Not used on non-Darwin systems
[1.426s] INFO:colcon.colcon_core.plugin_system:Skipping extension 'colcon_notification.desktop_notification.win32': Not used on non-Windows systems
[1.426s] INFO:colcon.colcon_notification.desktop_notification:Sending desktop notification using 'notify2'
[1.436s] DEBUG:colcon.colcon_core.event_reactor:joined thread
[1.436s] INFO:colcon.colcon_core.shell:Creating prefix script '/home/ali/ali_ws/autonomous/src/install/local_setup.ps1'
[1.437s] INFO:colcon.colcon_core.shell:Creating prefix util module '/home/ali/ali_ws/autonomous/src/install/_local_setup_util_ps1.py'
[1.438s] INFO:colcon.colcon_core.shell:Creating prefix chain script '/home/ali/ali_ws/autonomous/src/install/setup.ps1'
[1.439s] INFO:colcon.colcon_core.shell:Creating prefix script '/home/ali/ali_ws/autonomous/src/install/local_setup.sh'
[1.439s] INFO:colcon.colcon_core.shell:Creating prefix util module '/home/ali/ali_ws/autonomous/src/install/_local_setup_util_sh.py'
[1.440s] INFO:colcon.colcon_core.shell:Creating prefix chain script '/home/ali/ali_ws/autonomous/src/install/setup.sh'
[1.440s] INFO:colcon.colcon_core.shell:Creating prefix script '/home/ali/ali_ws/autonomous/src/install/local_setup.bash'
[1.440s] INFO:colcon.colcon_core.shell:Creating prefix chain script '/home/ali/ali_ws/autonomous/src/install/setup.bash'
[1.441s] INFO:colcon.colcon_core.shell:Creating prefix script '/home/ali/ali_ws/autonomous/src/install/local_setup.zsh'
[1.441s] INFO:colcon.colcon_core.shell:Creating prefix chain script '/home/ali/ali_ws/autonomous/src/install/setup.zsh'
